Archive member included to satisfy reference by file (symbol)

c:/program files (x86)/atollic/truestudio for stm32 9.0.0/armtools/bin/../lib/gcc/arm-atollic-eabi/6.3.1/../../../../arm-atollic-eabi/lib/armv6-m\libc_nano.a(lib_a-init.o)
                              startup\startup_stm32f051x8.o (__libc_init_array)
c:/program files (x86)/atollic/truestudio for stm32 9.0.0/armtools/bin/../lib/gcc/arm-atollic-eabi/6.3.1/armv6-m\libgcc.a(_udivsi3.o)
                              Drivers\STM32F0xx_HAL_Driver\Src\stm32f0xx_hal.o (__aeabi_uidiv)
c:/program files (x86)/atollic/truestudio for stm32 9.0.0/armtools/bin/../lib/gcc/arm-atollic-eabi/6.3.1/armv6-m\libgcc.a(_divsi3.o)
                              Src\main.o (__aeabi_idiv)
c:/program files (x86)/atollic/truestudio for stm32 9.0.0/armtools/bin/../lib/gcc/arm-atollic-eabi/6.3.1/armv6-m\libgcc.a(_dvmd_tls.o)
                              c:/program files (x86)/atollic/truestudio for stm32 9.0.0/armtools/bin/../lib/gcc/arm-atollic-eabi/6.3.1/armv6-m\libgcc.a(_udivsi3.o) (__aeabi_idiv0)

Allocating common symbols
Common symbol       size              file

temp_step           0x4               Src\main.o
timestamp           0x4               Src\main.o
htim15              0x40              Src\main.o
calcCRC             0x1               Src\main.o
hiwdg               0x10              Src\main.o
checkCRC            0x1               Src\main.o
uwTick              0x4               Drivers\STM32F0xx_HAL_Driver\Src\stm32f0xx_hal.o
control_loop_count  0x4               Src\main.o
pFlash              0x20              Drivers\STM32F0xx_HAL_Driver\Src\stm32f0xx_hal_flash.o
VarValue            0x2               Src\main.o
hcomp1              0x2c              Src\main.o
htim3               0x40              Src\main.o
VarDataTmp          0x2               Src\main.o
bemf_counts         0x4               Src\main.o
dma_buffer          0x100             Src\main.o
blanktime           0x4               Src\main.o
hdma_tim15_ch1_up_trig_com
                    0x44              Src\main.o
htim1               0x40              Src\main.o
htim2               0x40              Src\main.o
ee_status           0x4               Src\main.o
adjusted_input      0x4               Src\main.o
hdma_adc            0x44              Src\main.o
hadc                0x4c              Src\main.o

Discarded input sections

 .text          0x00000000        0x0 c:/program files (x86)/atollic/truestudio for stm32 9.0.0/armtools/bin/../lib/gcc/arm-atollic-eabi/6.3.1/armv6-m/crti.o
 .data          0x00000000        0x0 c:/program files (x86)/atollic/truestudio for stm32 9.0.0/armtools/bin/../lib/gcc/arm-atollic-eabi/6.3.1/armv6-m/crti.o
 .bss           0x00000000        0x0 c:/program files (x86)/atollic/truestudio for stm32 9.0.0/armtools/bin/../lib/gcc/arm-atollic-eabi/6.3.1/armv6-m/crti.o
 .data          0x00000000        0x4 c:/program files (x86)/atollic/truestudio for stm32 9.0.0/armtools/bin/../lib/gcc/arm-atollic-eabi/6.3.1/armv6-m/crtbegin.o
 .text          0x00000000        0x0 Drivers\STM32F0xx_HAL_Driver\Src\stm32f0xx_hal.o
 .data          0x00000000        0x0 Drivers\STM32F0xx_HAL_Driver\Src\stm32f0xx_hal.o
 .bss           0x00000000        0x0 Drivers\STM32F0xx_HAL_Driver\Src\stm32f0xx_hal.o
 .text.HAL_MspInit
                0x00000000        0x4 Drivers\STM32F0xx_HAL_Driver\Src\stm32f0xx_hal.o
 .text.HAL_MspDeInit
                0x00000000        0x4 Drivers\STM32F0xx_HAL_Driver\Src\stm32f0xx_hal.o
 .text.HAL_DeInit
                0x00000000       0x24 Drivers\STM32F0xx_HAL_Driver\Src\stm32f0xx_hal.o
 .text.HAL_SuspendTick
                0x00000000       0x10 Drivers\STM32F0xx_HAL_Driver\Src\stm32f0xx_hal.o
 .text.HAL_ResumeTick
                0x00000000       0x10 Drivers\STM32F0xx_HAL_Driver\Src\stm32f0xx_hal.o
 .text.HAL_GetHalVersion
                0x00000000        0x8 Drivers\STM32F0xx_HAL_Driver\Src\stm32f0xx_hal.o
 .text.HAL_GetREVID
                0x00000000        0xc Drivers\STM32F0xx_HAL_Driver\Src\stm32f0xx_hal.o
 .text.HAL_GetDEVID
                0x00000000       0x10 Drivers\STM32F0xx_HAL_Driver\Src\stm32f0xx_hal.o
 .text.HAL_GetUIDw0
                0x00000000        0xc Drivers\STM32F0xx_HAL_Driver\Src\stm32f0xx_hal.o
 .text.HAL_GetUIDw1
                0x00000000        0xc Drivers\STM32F0xx_HAL_Driver\Src\stm32f0xx_hal.o
 .text.HAL_GetUIDw2
                0x00000000        0xc Drivers\STM32F0xx_HAL_Driver\Src\stm32f0xx_hal.o
 .text.HAL_DBGMCU_EnableDBGStopMode
                0x00000000       0x10 Drivers\STM32F0xx_HAL_Driver\Src\stm32f0xx_hal.o
 .text.HAL_DBGMCU_DisableDBGStopMode
                0x00000000       0x10 Drivers\STM32F0xx_HAL_Driver\Src\stm32f0xx_hal.o
 .text.HAL_DBGMCU_EnableDBGStandbyMode
                0x00000000       0x10 Drivers\STM32F0xx_HAL_Driver\Src\stm32f0xx_hal.o
 .text.HAL_DBGMCU_DisableDBGStandbyMode
                0x00000000       0x10 Drivers\STM32F0xx_HAL_Driver\Src\stm32f0xx_hal.o
[...]
Memory Configuration

Name             Origin             Length             Attributes
RAM              0x20000000         0x00002000         xrw
FLASH            0x08000000         0x00007000         xr
EEPROM           0x08007000         0x00001000         xr
*default*        0x00000000         0xffffffff

Linker script and memory map

LOAD c:/program files (x86)/atollic/truestudio for stm32 9.0.0/armtools/bin/../lib/gcc/arm-atollic-eabi/6.3.1/armv6-m/crti.o
LOAD c:/program files (x86)/atollic/truestudio for stm32 9.0.0/armtools/bin/../lib/gcc/arm-atollic-eabi/6.3.1/armv6-m/crtbegin.o
LOAD Drivers\STM32F0xx_HAL_Driver\Src\stm32f0xx_hal.o
LOAD Drivers\STM32F0xx_HAL_Driver\Src\stm32f0xx_hal_adc.o
LOAD Drivers\STM32F0xx_HAL_Driver\Src\stm32f0xx_hal_adc_ex.o
LOAD Drivers\STM32F0xx_HAL_Driver\Src\stm32f0xx_hal_comp.o
LOAD Drivers\STM32F0xx_HAL_Driver\Src\stm32f0xx_hal_cortex.o
LOAD Drivers\STM32F0xx_HAL_Driver\Src\stm32f0xx_hal_dma.o
LOAD Drivers\STM32F0xx_HAL_Driver\Src\stm32f0xx_hal_flash.o
LOAD Drivers\STM32F0xx_HAL_Driver\Src\stm32f0xx_hal_flash_ex.o
LOAD Drivers\STM32F0xx_HAL_Driver\Src\stm32f0xx_hal_gpio.o
LOAD Drivers\STM32F0xx_HAL_Driver\Src\stm32f0xx_hal_i2c.o
LOAD Drivers\STM32F0xx_HAL_Driver\Src\stm32f0xx_hal_i2c_ex.o
LOAD Drivers\STM32F0xx_HAL_Driver\Src\stm32f0xx_hal_iwdg.o
LOAD Drivers\STM32F0xx_HAL_Driver\Src\stm32f0xx_hal_pwr.o
LOAD Drivers\STM32F0xx_HAL_Driver\Src\stm32f0xx_hal_pwr_ex.o
LOAD Drivers\STM32F0xx_HAL_Driver\Src\stm32f0xx_hal_rcc.o
LOAD Drivers\STM32F0xx_HAL_Driver\Src\stm32f0xx_hal_rcc_ex.o
LOAD Drivers\STM32F0xx_HAL_Driver\Src\stm32f0xx_hal_tim.o
LOAD Drivers\STM32F0xx_HAL_Driver\Src\stm32f0xx_hal_tim_ex.o
LOAD Drivers\STM32F0xx_HAL_Driver\Src\stm32f0xx_ll_exti.o
LOAD Drivers\STM32F0xx_HAL_Driver\Src\stm32f0xx_ll_gpio.o
LOAD Drivers\STM32F0xx_HAL_Driver\Src\stm32f0xx_ll_utils.o
LOAD Src\eeprom.o
LOAD Src\main.o
LOAD Src\stm32f0xx_hal_msp.o
LOAD Src\stm32f0xx_it.o
LOAD Src\system_stm32f0xx.o
LOAD startup\startup_stm32f051x8.o
                0x00000080                malloc_getpagesize_P = 0x80
START GROUP
LOAD c:/program files (x86)/atollic/truestudio for stm32 9.0.0/armtools/bin/../lib/gcc/arm-atollic-eabi/6.3.1/../../../../arm-atollic-eabi/lib/armv6-m\libc_nano.a
LOAD c:/program files (x86)/atollic/truestudio for stm32 9.0.0/armtools/bin/../lib/gcc/arm-atollic-eabi/6.3.1/../../../../arm-atollic-eabi/lib/armv6-m\libm.a
END GROUP
START GROUP
LOAD c:/program files (x86)/atollic/truestudio for stm32 9.0.0/armtools/bin/../lib/gcc/arm-atollic-eabi/6.3.1/armv6-m\libgcc.a
LOAD c:/program files (x86)/atollic/truestudio for stm32 9.0.0/armtools/bin/../lib/gcc/arm-atollic-eabi/6.3.1/../../../../arm-atollic-eabi/lib/armv6-m\libc_nano.a
END GROUP
START GROUP
LOAD c:/program files (x86)/atollic/truestudio for stm32 9.0.0/armtools/bin/../lib/gcc/arm-atollic-eabi/6.3.1/armv6-m\libgcc.a
LOAD c:/program files (x86)/atollic/truestudio for stm32 9.0.0/armtools/bin/../lib/gcc/arm-atollic-eabi/6.3.1/../../../../arm-atollic-eabi/lib/armv6-m\libc_nano.a
LOAD c:/program files (x86)/atollic/truestudio for stm32 9.0.0/armtools/bin/../lib/gcc/arm-atollic-eabi/6.3.1/../../../../arm-atollic-eabi/lib/armv6-m\libnosys.a
END GROUP
START GROUP
LOAD c:/program files (x86)/atollic/truestudio for stm32 9.0.0/armtools/bin/../lib/gcc/arm-atollic-eabi/6.3.1/armv6-m\libgcc.a
LOAD c:/program files (x86)/atollic/truestudio for stm32 9.0.0/armtools/bin/../lib/gcc/arm-atollic-eabi/6.3.1/../../../../arm-atollic-eabi/lib/armv6-m\libc_nano.a
LOAD c:/program files (x86)/atollic/truestudio for stm32 9.0.0/armtools/bin/../lib/gcc/arm-atollic-eabi/6.3.1/../../../../arm-atollic-eabi/lib/armv6-m\libnosys.a
END GROUP
LOAD c:/program files (x86)/atollic/truestudio for stm32 9.0.0/armtools/bin/../lib/gcc/arm-atollic-eabi/6.3.1/armv6-m/crtend.o
LOAD c:/program files (x86)/atollic/truestudio for stm32 9.0.0/armtools/bin/../lib/gcc/arm-atollic-eabi/6.3.1/armv6-m/crtn.o
                0x20002000                _estack = 0x20002000
                0x00000200                _Min_Heap_Size = 0x200
                0x00000400                _Min_Stack_Size = 0x400

.isr_vector     0x08000000       0xc0
                0x08000000                . = ALIGN (0x4)
 *(.isr_vector)
 .isr_vector    0x08000000       0xc0 startup\startup_stm32f051x8.o
                0x08000000                g_pfnVectors
                0x080000c0                . = ALIGN (0x4)

.text           0x080000c0     0x5730
                0x080000c0                . = ALIGN (0x4)
 *(.text)
 .text          0x080000c0       0x48 c:/program files (x86)/atollic/truestudio for stm32 9.0.0/armtools/bin/../lib/gcc/arm-atollic-eabi/6.3.1/armv6-m/crtbegin.o
 .text          0x08000108      0x114 c:/program files (x86)/atollic/truestudio for stm32 9.0.0/armtools/bin/../lib/gcc/arm-atollic-eabi/6.3.1/armv6-m\libgcc.a(_udivsi3.o)
                0x08000108                __aeabi_uidiv
                0x08000108                __udivsi3
                0x08000214                __aeabi_uidivmod
 .text          0x0800021c      0x1d4 c:/program files (x86)/atollic/truestudio for stm32 9.0.0/armtools/bin/../lib/gcc/arm-atollic-eabi/6.3.1/armv6-m\libgcc.a(_divsi3.o)
                0x0800021c                __divsi3
                0x0800021c                __aeabi_idiv
                0x080003e8                __aeabi_idivmod
 .text          0x080003f0        0x4 c:/program files (x86)/atollic/truestudio for stm32 9.0.0/armtools/bin/../lib/gcc/arm-atollic-eabi/6.3.1/armv6-m\libgcc.a(_dvmd_tls.o)
                0x080003f0                __aeabi_idiv0
                0x080003f0                __aeabi_ldiv0
 *(.text*)
 .text.HAL_InitTick
                0x080003f4       0x24 Drivers\STM32F0xx_HAL_Driver\Src\stm32f0xx_hal.o
                0x080003f4                HAL_InitTick
 .text.HAL_Init
                0x08000418       0x20 Drivers\STM32F0xx_HAL_Driver\Src\stm32f0xx_hal.o
                0x08000418                HAL_Init
 .text.HAL_IncTick
                0x08000438       0x10 Drivers\STM32F0xx_HAL_Driver\Src\stm32f0xx_hal.o
                0x08000438                HAL_IncTick
 .text.HAL_GetTick
                0x08000448        0xc Drivers\STM32F0xx_HAL_Driver\Src\stm32f0xx_hal.o
                0x08000448                HAL_GetTick
 .text.HAL_Delay
                0x08000454       0x24 Drivers\STM32F0xx_HAL_Driver\Src\stm32f0xx_hal.o
                0x08000454                HAL_Delay
 .text.HAL_ADC_Init
                0x08000478      0x150 Drivers\STM32F0xx_HAL_Driver\Src\stm32f0xx_hal_adc.o
                0x08000478                HAL_ADC_Init
 .text.HAL_ADC_LevelOutOfWindowCallback
                0x080005c8        0x4 Drivers\STM32F0xx_HAL_Driver\Src\stm32f0xx_hal_adc.o
                0x080005c8                HAL_ADC_LevelOutOfWindowCallback
 .text.HAL_ADC_ErrorCallback
                0x080005cc        0x4 Drivers\STM32F0xx_HAL_Driver\Src\stm32f0xx_hal_adc.o
                0x080005cc                HAL_ADC_ErrorCallback
 .text.HAL_ADC_IRQHandler
                0x080005d0       0xe0 Drivers\STM32F0xx_HAL_Driver\Src\stm32f0xx_hal_adc.o
                0x080005d0                HAL_ADC_IRQHandler
 .text.HAL_ADC_ConfigChannel
                0x080006b0      0x114 Drivers\STM32F0xx_HAL_Driver\Src\stm32f0xx_hal_adc.o
                0x080006b0                HAL_ADC_ConfigChannel
 .text.HAL_COMP_Init
                0x080007c4       0xa0 Drivers\STM32F0xx_HAL_Driver\Src\stm32f0xx_hal_comp.o
                0x080007c4                HAL_COMP_Init
 .text.HAL_COMP_Start_IT
                0x08000864       0xa8 Drivers\STM32F0xx_HAL_Driver\Src\stm32f0xx_hal_comp.o
                0x08000864                HAL_COMP_Start_IT
 .text.HAL_COMP_Stop_IT
                0x0800090c       0x60 Drivers\STM32F0xx_HAL_Driver\Src\stm32f0xx_hal_comp.o
                0x0800090c                HAL_COMP_Stop_IT
 .text.HAL_COMP_GetOutputLevel
                0x0800096c       0x28 Drivers\STM32F0xx_HAL_Driver\Src\stm32f0xx_hal_comp.o
                0x0800096c                HAL_COMP_GetOutputLevel
 .text.HAL_COMP_IRQHandler
                0x08000994       0x2c Drivers\STM32F0xx_HAL_Driver\Src\stm32f0xx_hal_comp.o
                0x08000994                HAL_COMP_IRQHandler
 .text.HAL_NVIC_SetPriority
                0x080009c0       0x68 Drivers\STM32F0xx_HAL_Driver\Src\stm32f0xx_hal_cortex.o
                0x080009c0                HAL_NVIC_SetPriority
 .text.HAL_NVIC_EnableIRQ
                0x08000a28       0x14 Drivers\STM32F0xx_HAL_Driver\Src\stm32f0xx_hal_cortex.o
                0x08000a28                HAL_NVIC_EnableIRQ
 .text.HAL_SYSTICK_Config
                0x08000a3c       0x38 Drivers\STM32F0xx_HAL_Driver\Src\stm32f0xx_hal_cortex.o
                0x08000a3c                HAL_SYSTICK_Config
 .text.HAL_SYSTICK_CLKSourceConfig
                0x08000a74       0x1c Drivers\STM32F0xx_HAL_Driver\Src\stm32f0xx_hal_cortex.o
                0x08000a74                HAL_SYSTICK_CLKSourceConfig
 .text.HAL_SYSTICK_Callback
                0x08000a90        0x4 Drivers\STM32F0xx_HAL_Driver\Src\stm32f0xx_hal_cortex.o
                0x08000a90                HAL_SYSTICK_Callback
 .text.HAL_SYSTICK_IRQHandler
                0x08000a94        0x8 Drivers\STM32F0xx_HAL_Driver\Src\stm32f0xx_hal_cortex.o
                0x08000a94                HAL_SYSTICK_IRQHandler
 .text.HAL_DMA_Init
                0x08000a9c       0x70 Drivers\STM32F0xx_HAL_Driver\Src\stm32f0xx_hal_dma.o
                0x08000a9c                HAL_DMA_Init
 .text.HAL_DMA_Start_IT
                0x08000b0c       0x78 Drivers\STM32F0xx_HAL_Driver\Src\stm32f0xx_hal_dma.o
                0x08000b0c                HAL_DMA_Start_IT
 .text.HAL_DMA_IRQHandler
                0x08000b84       0x9c Drivers\STM32F0xx_HAL_Driver\Src\stm32f0xx_hal_dma.o
                0x08000b84                HAL_DMA_IRQHandler
 .text.HAL_FLASH_Program
                0x08000c20      0x1bc Drivers\STM32F0xx_HAL_Driver\Src\stm32f0xx_hal_flash.o
                0x08000c20                HAL_FLASH_Program
 .text.HAL_FLASH_Unlock
                0x08000ddc       0x24 Drivers\STM32F0xx_HAL_Driver\Src\stm32f0xx_hal_flash.o
                0x08000ddc                HAL_FLASH_Unlock
 .text.FLASH_WaitForLastOperation
                0x08000e00       0x94 Drivers\STM32F0xx_HAL_Driver\Src\stm32f0xx_hal_flash.o
                0x08000e00                FLASH_WaitForLastOperation
 .text.HAL_FLASHEx_Erase
                0x08000e94       0xd4 Drivers\STM32F0xx_HAL_Driver\Src\stm32f0xx_hal_flash_ex.o
                0x08000e94                HAL_FLASHEx_Erase
 .text.HAL_GPIO_Init
                0x08000f68      0x1c8 Drivers\STM32F0xx_HAL_Driver\Src\stm32f0xx_hal_gpio.o
                0x08000f68                HAL_GPIO_Init
 .text.HAL_GPIO_TogglePin
                0x08001130        0x8 Drivers\STM32F0xx_HAL_Driver\Src\stm32f0xx_hal_gpio.o
                0x08001130                HAL_GPIO_TogglePin
 .text.HAL_IWDG_Init
                0x08001138       0x5c Drivers\STM32F0xx_HAL_Driver\Src\stm32f0xx_hal_iwdg.o
                0x08001138                HAL_IWDG_Init
 .text.HAL_IWDG_Refresh
                0x08001194       0x10 Drivers\STM32F0xx_HAL_Driver\Src\stm32f0xx_hal_iwdg.o
                0x08001194                HAL_IWDG_Refresh
 .text.HAL_RCC_OscConfig
                0x080011a4      0x470 Drivers\STM32F0xx_HAL_Driver\Src\stm32f0xx_hal_rcc.o
                0x080011a4                HAL_RCC_OscConfig
 .text.HAL_RCC_ClockConfig
                0x08001614      0x1a4 Drivers\STM32F0xx_HAL_Driver\Src\stm32f0xx_hal_rcc.o
                0x08001614                HAL_RCC_ClockConfig
 .text.HAL_RCC_GetHCLKFreq
                0x080017b8        0xc Drivers\STM32F0xx_HAL_Driver\Src\stm32f0xx_hal_rcc.o
                0x080017b8                HAL_RCC_GetHCLKFreq
 .text.HAL_TIM_Base_Init
                0x080017c4       0xf0 Drivers\STM32F0xx_HAL_Driver\Src\stm32f0xx_hal_tim.o
                0x080017c4                HAL_TIM_Base_Init
 .text.HAL_TIM_Base_Start
                0x080018b4       0x18 Drivers\STM32F0xx_HAL_Driver\Src\stm32f0xx_hal_tim.o
                0x080018b4                HAL_TIM_Base_Start
 .text.HAL_TIM_OC_Start_IT
                0x080018cc       0x88 Drivers\STM32F0xx_HAL_Driver\Src\stm32f0xx_hal_tim.o
                0x080018cc                HAL_TIM_OC_Start_IT
 .text.HAL_TIM_PWM_MspInit
                0x08001954        0x4 Drivers\STM32F0xx_HAL_Driver\Src\stm32f0xx_hal_tim.o
                0x08001954                HAL_TIM_PWM_MspInit
 .text.HAL_TIM_PWM_Init
                0x08001958       0xf0 Drivers\STM32F0xx_HAL_Driver\Src\stm32f0xx_hal_tim.o
                0x08001958                HAL_TIM_PWM_Init
 .text.HAL_TIM_PWM_Start
                0x08001a48       0x54 Drivers\STM32F0xx_HAL_Driver\Src\stm32f0xx_hal_tim.o
                0x08001a48                HAL_TIM_PWM_Start
 .text.HAL_TIM_IC_MspInit
                0x08001a9c        0x4 Drivers\STM32F0xx_HAL_Driver\Src\stm32f0xx_hal_tim.o
                0x08001a9c                HAL_TIM_IC_MspInit
 .text.HAL_TIM_IC_Init
                0x08001aa0       0xf0 Drivers\STM32F0xx_HAL_Driver\Src\stm32f0xx_hal_tim.o
                0x08001aa0                HAL_TIM_IC_Init
 .text.HAL_TIM_IC_Start_DMA
                0x08001b90       0xe8 Drivers\STM32F0xx_HAL_Driver\Src\stm32f0xx_hal_tim.o
                0x08001b90                HAL_TIM_IC_Start_DMA
 .text.HAL_TIM_IC_ConfigChannel
                0x08001c78      0x1bc Drivers\STM32F0xx_HAL_Driver\Src\stm32f0xx_hal_tim.o
                0x08001c78                HAL_TIM_IC_ConfigChannel
 .text.HAL_TIM_PWM_ConfigChannel
                0x08001e34      0x26c Drivers\STM32F0xx_HAL_Driver\Src\stm32f0xx_hal_tim.o
                0x08001e34                HAL_TIM_PWM_ConfigChannel
 .text.HAL_TIM_ConfigClockSource
                0x080020a0      0x188 Drivers\STM32F0xx_HAL_Driver\Src\stm32f0xx_hal_tim.o
                0x080020a0                HAL_TIM_ConfigClockSource
 .text.HAL_TIM_IC_CaptureCallback
                0x08002228        0x4 Drivers\STM32F0xx_HAL_Driver\Src\stm32f0xx_hal_tim.o
                0x08002228                HAL_TIM_IC_CaptureCallback
 .text.TIM_DMACaptureCplt
                0x0800222c       0x40 Drivers\STM32F0xx_HAL_Driver\Src\stm32f0xx_hal_tim.o
                0x0800222c                TIM_DMACaptureCplt
 .text.HAL_TIM_ErrorCallback
                0x0800226c        0x4 Drivers\STM32F0xx_HAL_Driver\Src\stm32f0xx_hal_tim.o
                0x0800226c                HAL_TIM_ErrorCallback
 .text.TIM_DMAError
                0x08002270       0x10 Drivers\STM32F0xx_HAL_Driver\Src\stm32f0xx_hal_tim.o
                0x08002270                TIM_DMAError
 .text.HAL_TIMEx_PWMN_Start
                0x08002280       0x28 Drivers\STM32F0xx_HAL_Driver\Src\stm32f0xx_hal_tim_ex.o
                0x08002280                HAL_TIMEx_PWMN_Start
 .text.HAL_TIMEx_MasterConfigSynchronization
                0x080022a8       0x40 Drivers\STM32F0xx_HAL_Driver\Src\stm32f0xx_hal_tim_ex.o
                0x080022a8                HAL_TIMEx_MasterConfigSynchronization
 .text.HAL_TIMEx_ConfigBreakDeadTime
                0x080022e8       0x78 Drivers\STM32F0xx_HAL_Driver\Src\stm32f0xx_hal_tim_ex.o
                0x080022e8                HAL_TIMEx_ConfigBreakDeadTime
 .text.LL_GPIO_Init
                0x08002360      0x108 Drivers\STM32F0xx_HAL_Driver\Src\stm32f0xx_ll_gpio.o
                0x08002360                LL_GPIO_Init
 .text.EE_Init  0x08002468      0x3e8 Src\eeprom.o
                0x08002468                EE_Init
 .text.EE_ReadVariable
                0x08002850       0x70 Src\eeprom.o
                0x08002850                EE_ReadVariable
 .text.EE_WriteVariable
                0x080028c0      0x25c Src\eeprom.o
                0x080028c0                EE_WriteVariable
 .text.storeEEpromConfig
                0x08002b1c       0x34 Src\main.o
                0x08002b1c                storeEEpromConfig
 .text.loadEEpromConfig
                0x08002b50       0x6c Src\main.o
                0x08002b50                loadEEpromConfig
 .text.phaseA   0x08002bbc       0xcc Src\main.o
                0x08002bbc                phaseA
 .text.phaseB   0x08002c88       0xdc Src\main.o
                0x08002c88                phaseB
 .text.phaseC   0x08002d64       0xd0 Src\main.o
                0x08002d64                phaseC
 .text.comStep  0x08002e34       0x9c Src\main.o
                0x08002e34                comStep
 .text.allOff   0x08002ed0      0x23c Src\main.o
                0x08002ed0                allOff
 .text.fullBrake
                0x0800310c      0x258 Src\main.o
                0x0800310c                fullBrake
 .text.proBrake
                0x08003364      0x20c Src\main.o
                0x08003364                proBrake
 .text.commutate
                0x08003570      0x110 Src\main.o
                0x08003570                commutate
 .text.startMotor
                0x08003680      0x1a0 Src\main.o
                0x08003680                startMotor
 .text.forcedCommutation
                0x08003820       0x50 Src\main.o
                0x08003820                forcedCommutation
 .text.HAL_COMP_TriggerCallback
                0x08003870      0x29c Src\main.o
                0x08003870                HAL_COMP_TriggerCallback
 .text.playStartupTune
                0x08003b0c      0x284 Src\main.o
                0x08003b0c                playStartupTune
 .text.playInputTune
                0x08003d90      0x278 Src\main.o
                0x08003d90                playInputTune
 .text.HAL_ADC_ConvCpltCallback
                0x08004008       0x1c Src\main.o
                0x08004008                HAL_ADC_ConvCpltCallback
 .text.detectInput
                0x08004024      0x134 Src\main.o
                0x08004024                detectInput
 .text.computeProshotDMA
                0x08004158      0x204 Src\main.o
                0x08004158                computeProshotDMA
 .text.computeDshotDMA
                0x0800435c      0x320 Src\main.o
                0x0800435c                computeDshotDMA
 .text.transferComplete
                0x0800467c      0x208 Src\main.o
                0x0800467c                transferComplete
 .text.SystemClock_Config
                0x08004884       0x70 Src\main.o
                0x08004884                SystemClock_Config
 .text.startup.main
                0x080048f4      0xb38 Src\main.o
                0x080048f4                main
 .text._Error_Handler
                0x0800542c        0x4 Src\main.o
                0x0800542c                _Error_Handler
 .text.HAL_MspInit
                0x08005430       0x44 Src\stm32f0xx_hal_msp.o
                0x08005430                HAL_MspInit
 .text.HAL_ADC_MspInit
                0x08005474       0x9c Src\stm32f0xx_hal_msp.o
                0x08005474                HAL_ADC_MspInit
 .text.HAL_COMP_MspInit
                0x08005510       0x3c Src\stm32f0xx_hal_msp.o
                0x08005510                HAL_COMP_MspInit
 .text.HAL_TIM_Base_MspInit
                0x0800554c       0xec Src\stm32f0xx_hal_msp.o
                0x0800554c                HAL_TIM_Base_MspInit
 .text.HAL_TIM_MspPostInit
                0x08005638       0x4c Src\stm32f0xx_hal_msp.o
                0x08005638                HAL_TIM_MspPostInit
 .text.NMI_Handler
                0x08005684        0x4 Src\stm32f0xx_it.o
                0x08005684                NMI_Handler
 .text.HardFault_Handler
                0x08005688        0x4 Src\stm32f0xx_it.o
                0x08005688                HardFault_Handler
 .text.SVC_Handler
                0x0800568c        0x4 Src\stm32f0xx_it.o
                0x0800568c                SVC_Handler
 .text.PendSV_Handler
                0x08005690        0x4 Src\stm32f0xx_it.o
                0x08005690                PendSV_Handler
 .text.SysTick_Handler
                0x08005694        0xc Src\stm32f0xx_it.o
                0x08005694                SysTick_Handler
 .text.DMA1_Channel1_IRQHandler
                0x080056a0       0x10 Src\stm32f0xx_it.o
                0x080056a0                DMA1_Channel1_IRQHandler
 .text.DMA1_Channel4_5_IRQHandler
                0x080056b0       0x14 Src\stm32f0xx_it.o
                0x080056b0                DMA1_Channel4_5_IRQHandler
 .text.ADC1_COMP_IRQHandler
                0x080056c4       0x18 Src\stm32f0xx_it.o
                0x080056c4                ADC1_COMP_IRQHandler
 .text.SystemInit
                0x080056dc       0x60 Src\system_stm32f0xx.o
                0x080056dc                SystemInit
 .text.Reset_Handler
                0x0800573c       0x50 startup\startup_stm32f051x8.o
                0x0800573c                Reset_Handler
 .text.Default_Handler
                0x0800578c        0x2 startup\startup_stm32f051x8.o
                0x0800578c                TIM1_CC_IRQHandler
                0x0800578c                TSC_IRQHandler
                0x0800578c                PVD_IRQHandler
                0x0800578c                I2C1_IRQHandler
                0x0800578c                RCC_CRS_IRQHandler
                0x0800578c                SPI1_IRQHandler
                0x0800578c                TIM6_DAC_IRQHandler
                0x0800578c                EXTI2_3_IRQHandler
                0x0800578c                I2C2_IRQHandler
                0x0800578c                TIM17_IRQHandler
                0x0800578c                CEC_CAN_IRQHandler
                0x0800578c                RTC_IRQHandler
                0x0800578c                TIM16_IRQHandler
                0x0800578c                TIM3_IRQHandler
                0x0800578c                EXTI4_15_IRQHandler
                0x0800578c                Default_Handler
                0x0800578c                TIM14_IRQHandler
                0x0800578c                TIM15_IRQHandler
                0x0800578c                EXTI0_1_IRQHandler
                0x0800578c                SPI2_IRQHandler
                0x0800578c                WWDG_IRQHandler
                0x0800578c                TIM2_IRQHandler
                0x0800578c                DMA1_Channel2_3_IRQHandler
                0x0800578c                USART2_IRQHandler
                0x0800578c                FLASH_IRQHandler
                0x0800578c                USART1_IRQHandler
                0x0800578c                TIM1_BRK_UP_TRG_COM_IRQHandler
 *fill*         0x0800578e        0x2 
 .text.__libc_init_array
                0x08005790       0x48 c:/program files (x86)/atollic/truestudio for stm32 9.0.0/armtools/bin/../lib/gcc/arm-atollic-eabi/6.3.1/../../../../arm-atollic-eabi/lib/armv6-m\libc_nano.a(lib_a-init.o)
                0x08005790                __libc_init_array
 *(.glue_7)
 .glue_7        0x080057d8        0x0 linker stubs
 *(.glue_7t)
 .glue_7t       0x080057d8        0x0 linker stubs
 *(.eh_frame)
 .eh_frame      0x080057d8        0x0 c:/program files (x86)/atollic/truestudio for stm32 9.0.0/armtools/bin/../lib/gcc/arm-atollic-eabi/6.3.1/armv6-m/crtbegin.o
 *(.init)
 .init          0x080057d8        0x4 c:/program files (x86)/atollic/truestudio for stm32 9.0.0/armtools/bin/../lib/gcc/arm-atollic-eabi/6.3.1/armv6-m/crti.o
                0x080057d8                _init
 .init          0x080057dc        0x8 c:/program files (x86)/atollic/truestudio for stm32 9.0.0/armtools/bin/../lib/gcc/arm-atollic-eabi/6.3.1/armv6-m/crtn.o
 *(.fini)
 .fini          0x080057e4        0x4 c:/program files (x86)/atollic/truestudio for stm32 9.0.0/armtools/bin/../lib/gcc/arm-atollic-eabi/6.3.1/armv6-m/crti.o
                0x080057e4                _fini
 .fini          0x080057e8        0x8 c:/program files (x86)/atollic/truestudio for stm32 9.0.0/armtools/bin/../lib/gcc/arm-atollic-eabi/6.3.1/armv6-m/crtn.o
                0x080057f0                . = ALIGN (0x4)
                0x080057f0                _etext = .

.vfp11_veneer   0x080057f0        0x0
 .vfp11_veneer  0x080057f0        0x0 linker stubs

.v4_bx          0x080057f0        0x0
 .v4_bx         0x080057f0        0x0 linker stubs

.iplt           0x080057f0        0x0
 .iplt          0x080057f0        0x0 c:/program files (x86)/atollic/truestudio for stm32 9.0.0/armtools/bin/../lib/gcc/arm-atollic-eabi/6.3.1/armv6-m/crtbegin.o

.rodata         0x080057f0       0x4c
                0x080057f0                . = ALIGN (0x4)
 *(.rodata)
 .rodata        0x080057f0       0x20 Drivers\STM32F0xx_HAL_Driver\Src\stm32f0xx_hal_rcc.o
 *(.rodata*)
 .rodata.HAL_ADC_MspInit.str1.4
                0x08005810       0x1c Src\stm32f0xx_hal_msp.o
                                 0x1b (size before relaxing)
 .rodata.AHBPrescTable
                0x0800582c       0x10 Src\system_stm32f0xx.o
                0x0800582c                AHBPrescTable
                0x0800583c                . = ALIGN (0x4)

.rel.dyn        0x0800583c        0x0
 .rel.iplt      0x0800583c        0x0 c:/program files (x86)/atollic/truestudio for stm32 9.0.0/armtools/bin/../lib/gcc/arm-atollic-eabi/6.3.1/armv6-m/crtbegin.o

.ARM.extab
 *(.ARM.extab* .gnu.linkonce.armextab.*)

.ARM            0x0800583c        0x0
                0x0800583c                __exidx_start = .
 *(.ARM.exidx*)
                0x0800583c                __exidx_end = .

.preinit_array  0x0800583c        0x0
                0x0800583c                PROVIDE (__preinit_array_start, .)
 *(.preinit_array*)
                0x0800583c                PROVIDE (__preinit_array_end, .)

.init_array     0x0800583c        0x4
                0x0800583c                PROVIDE (__init_array_start, .)
 *(SORT(.init_array.*))
 *(.init_array*)
 .init_array    0x0800583c        0x4 c:/program files (x86)/atollic/truestudio for stm32 9.0.0/armtools/bin/../lib/gcc/arm-atollic-eabi/6.3.1/armv6-m/crtbegin.o
                0x08005840                PROVIDE (__init_array_end, .)

.fini_array     0x08005840        0x4
                [!provide]                PROVIDE (__fini_array_start, .)
 *(SORT(.fini_array.*))
 *(.fini_array*)
 .fini_array    0x08005840        0x4 c:/program files (x86)/atollic/truestudio for stm32 9.0.0/armtools/bin/../lib/gcc/arm-atollic-eabi/6.3.1/armv6-m/crtbegin.o
                [!provide]                PROVIDE (__fini_array_end, .)
                0x08005844                _sidata = LOADADDR (.data)

.data           0x20000000       0x5c load address 0x08005844
                0x20000000                . = ALIGN (0x4)
                0x20000000                _sdata = .
 *(.data)
 *(.data*)
 .data.VirtAddVarTab
                0x20000000        0x6 Src\main.o
                0x20000000                VirtAddVarTab
 .data.advancedivisor
                0x20000006        0x1 Src\main.o
                0x20000006                advancedivisor
 *fill*         0x20000007        0x1 
 .data.brake    0x20000008        0x4 Src\main.o
                0x20000008                brake
 .data.duty_cycle
                0x2000000c        0x4 Src\main.o
                0x2000000c                duty_cycle
 .data.filter_delay
                0x20000010        0x4 Src\main.o
                0x20000010                filter_delay
 .data.filter_level
                0x20000014        0x1 Src\main.o
                0x20000014                filter_level
 *fill*         0x20000015        0x3 
 .data.floating
                0x20000018        0x4 Src\main.o
                0x20000018                floating
 .data.forward  0x2000001c        0x4 Src\main.o
                0x2000001c                forward
 .data.input_buffer_size
                0x20000020        0x4 Src\main.o
                0x20000020                input_buffer_size
 .data.lowside  0x20000024        0x4 Src\main.o
                0x20000024                lowside
 .data.prop_brake_strength
                0x20000028        0x4 Src\main.o
                0x20000028                prop_brake_strength
 .data.pwm      0x2000002c        0x4 Src\main.o
                0x2000002c                pwm
 .data.rising   0x20000030        0x4 Src\main.o
                0x20000030                rising
 .data.signal_timeout_threshold
                0x20000034        0x4 Src\main.o
                0x20000034                signal_timeout_threshold
 .data.slow_decay
                0x20000038        0x1 Src\main.o
                0x20000038                slow_decay
 *fill*         0x20000039        0x3 
 .data.smallestnumber
                0x2000003c        0x4 Src\main.o
                0x2000003c                smallestnumber
 .data.start_power
                0x20000040        0x4 Src\main.o
                0x20000040                start_power
 .data.step     0x20000044        0x4 Src\main.o
                0x20000044                step
 .data.threshold
                0x20000048        0x4 Src\main.o
                0x20000048                threshold
 .data.upthreshold
                0x2000004c        0x4 Src\main.o
                0x2000004c                upthreshold
 .data.vehicle_mode
                0x20000050        0x1 Src\main.o
                0x20000050                vehicle_mode
 *fill*         0x20000051        0x3 
 .data.zc_timeout_threshold
                0x20000054        0x4 Src\main.o
                0x20000054                zc_timeout_threshold
 .data.SystemCoreClock
                0x20000058        0x4 Src\system_stm32f0xx.o
                0x20000058                SystemCoreClock
                0x2000005c                . = ALIGN (0x4)
                0x2000005c                _edata = .

.igot.plt       0x2000005c        0x0 load address 0x080058a0
 .igot.plt      0x2000005c        0x0 c:/program files (x86)/atollic/truestudio for stm32 9.0.0/armtools/bin/../lib/gcc/arm-atollic-eabi/6.3.1/armv6-m/crtbegin.o
                0x2000005c                . = ALIGN (0x4)

.bss            0x20000060      0x46c load address 0x080058a0
                0x20000060                _sbss = .
                0x20000060                __bss_start__ = _sbss
 *(.bss)
 .bss           0x20000060       0x1c c:/program files (x86)/atollic/truestudio for stm32 9.0.0/armtools/bin/../lib/gcc/arm-atollic-eabi/6.3.1/armv6-m/crtbegin.o
 *(.bss*)
 .bss.DataVar   0x2000007c        0x2 Src\eeprom.o
                0x2000007c                DataVar
 *fill*         0x2000007e        0x2 
 .bss.ADC1ConvertedValues
                0x20000080        0x8 Src\main.o
                0x20000080                ADC1ConvertedValues
 .bss.VarDataTab
                0x20000088        0x6 Src\main.o
                0x20000088                VarDataTab
 *fill*         0x2000008e        0x2 
 .bss.advance   0x20000090        0x4 Src\main.o
                0x20000090                advance
 .bss.armed     0x20000094        0x1 Src\main.o
                0x20000094                armed
 *fill*         0x20000095        0x3 
 .bss.armedcount
                0x20000098        0x4 Src\main.o
                0x20000098                armedcount
 .bss.bad_commutation
                0x2000009c        0x1 Src\main.o
                0x2000009c                bad_commutation
 *fill*         0x2000009d        0x3 
 .bss.bi_direction
                0x200000a0        0x4 Src\main.o
                0x200000a0                bi_direction
 .bss.commandcount
                0x200000a4        0x4 Src\main.o
                0x200000a4                commandcount
 .bss.commutation_interval
                0x200000a8        0x4 Src\main.o
                0x200000a8                commutation_interval
 .bss.compit    0x200000ac        0x1 Src\main.o
                0x200000ac                compit
 *fill*         0x200000ad        0x3 
 .bss.count     0x200000b0        0x4 Src\main.o
                0x200000b0                count
 .bss.currentraw
                0x200000b4        0x4 Src\main.o
                0x200000b4                currentraw
 .bss.dir_reversed
                0x200000b8        0x4 Src\main.o
                0x200000b8                dir_reversed
 .bss.dpulse    0x200000bc       0x40 Src\main.o
                0x200000bc                dpulse
 .bss.dshot     0x200000fc        0x1 Src\main.o
                0x200000fc                dshot
 *fill*         0x200000fd        0x3 
 .bss.dshotcommand
                0x20000100        0x4 Src\main.o
                0x20000100                dshotcommand
 .bss.error     0x20000104        0x1 Src\main.o
                0x20000104                error
 *fill*         0x20000105        0x3 
 .bss.forcedcomcount
                0x20000108        0x4 Src\main.o
                0x20000108                forcedcomcount
 .bss.forcedcount
                0x2000010c        0x4 Src\main.o
                0x2000010c                forcedcount
 .bss.input     0x20000110        0x4 Src\main.o
                0x20000110                input
 .bss.inputSet  0x20000114        0x1 Src\main.o
                0x20000114                inputSet
 *fill*         0x20000115        0x3 
 .bss.lastzctime
                0x20000118        0x4 Src\main.o
                0x20000118                lastzctime
 .bss.multishot
                0x2000011c        0x1 Src\main.o
                0x2000011c                multishot
 *fill*         0x2000011d        0x3 
 .bss.newinput  0x20000120        0x4 Src\main.o
                0x20000120                newinput
 .bss.oneshot125
                0x20000124        0x1 Src\main.o
                0x20000124                oneshot125
 .bss.oneshot42
                0x20000125        0x1 Src\main.o
                0x20000125                oneshot42
 .bss.prop_brake
                0x20000126        0x1 Src\main.o
                0x20000126                prop_brake
 .bss.prop_brake_active
                0x20000127        0x1 Src\main.o
                0x20000127                prop_brake_active
 .bss.propulse  0x20000128       0x10 Src\main.o
                0x20000128                propulse
 .bss.proshot   0x20000138        0x1 Src\main.o
                0x20000138                proshot
 *fill*         0x20000139        0x3 
 .bss.running   0x2000013c        0x4 Src\main.o
                0x2000013c                running
 .bss.sensorless
                0x20000140        0x4 Src\main.o
                0x20000140                sensorless
 .bss.servoPwm  0x20000144        0x1 Src\main.o
                0x20000144                servoPwm
 *fill*         0x20000145        0x3 
 .bss.signaltimeout
                0x20000148        0x4 Src\main.o
                0x20000148                signaltimeout
 .bss.started   0x2000014c        0x4 Src\main.o
                0x2000014c                started
 .bss.startupcountdown
                0x20000150        0x4 Src\main.o
                0x20000150                startupcountdown
 .bss.tempbrake
                0x20000154        0x4 Src\main.o
                0x20000154                tempbrake
 .bss.thiszctime
                0x20000158        0x4 Src\main.o
                0x20000158                thiszctime
 .bss.voltageraw
                0x2000015c        0x4 Src\main.o
                0x2000015c                voltageraw
 .bss.waitTime  0x20000160        0x4 Src\main.o
                0x20000160                waitTime
 .bss.zctimeout
                0x20000164        0x4 Src\main.o
                0x20000164                zctimeout
 *(COMMON)
 COMMON         0x20000168        0x4 Drivers\STM32F0xx_HAL_Driver\Src\stm32f0xx_hal.o
                0x20000168                uwTick
 *fill*         0x2000016c        0x4 
 COMMON         0x20000170       0x20 Drivers\STM32F0xx_HAL_Driver\Src\stm32f0xx_hal_flash.o
                0x20000170                pFlash
 COMMON         0x20000190      0x33c Src\main.o
                0x20000190                temp_step
                0x20000194                timestamp
                0x20000198                htim15
                0x200001d8                calcCRC
                0x200001dc                hiwdg
                0x200001ec                checkCRC
                0x200001f0                control_loop_count
                0x200001f4                VarValue
                0x200001f8                hcomp1
                0x20000224                htim3
                0x20000264                VarDataTmp
                0x20000268                bemf_counts
                0x2000026c                dma_buffer
                0x2000036c                blanktime
                0x20000370                hdma_tim15_ch1_up_trig_com
                0x200003b4                htim1
                0x200003f4                htim2
                0x20000434                ee_status
                0x20000438                adjusted_input
                0x2000043c                hdma_adc
                0x20000480                hadc
                0x200004cc                . = ALIGN (0x4)
                0x200004cc                _ebss = .
                0x200004cc                __bss_end__ = _ebss

._user_heap_stack
                0x200004cc      0x600 load address 0x080058a0
                0x200004cc                . = ALIGN (0x4)
                [!provide]                PROVIDE (end, .)
                [!provide]                PROVIDE (_end, .)
                0x200006cc                . = (. + _Min_Heap_Size)
 *fill*         0x200004cc      0x200 
                0x20000acc                . = (. + _Min_Stack_Size)
 *fill*         0x200006cc      0x400 
                0x20000acc                . = ALIGN (0x4)

/DISCARD/
 libc.a(*)
 libm.a(*)
 libgcc.a(*)

.ARM.attributes
                0x00000000       0x28
 *(.ARM.attributes)
 .ARM.attributes
                0x00000000       0x1e c:/program files (x86)/atollic/truestudio for stm32 9.0.0/armtools/bin/../lib/gcc/arm-atollic-eabi/6.3.1/armv6-m/crti.o
 .ARM.attributes
                0x0000001e       0x2c c:/program files (x86)/atollic/truestudio for stm32 9.0.0/armtools/bin/../lib/gcc/arm-atollic-eabi/6.3.1/armv6-m/crtbegin.o
 .ARM.attributes
                0x0000004a       0x2d Drivers\STM32F0xx_HAL_Driver\Src\stm32f0xx_hal.o
 .ARM.attributes
                0x00000077       0x2d Drivers\STM32F0xx_HAL_Driver\Src\stm32f0xx_hal_adc.o
 .ARM.attributes
                0x000000a4       0x2d Drivers\STM32F0xx_HAL_Driver\Src\stm32f0xx_hal_comp.o
 .ARM.attributes
                0x000000d1       0x2d Drivers\STM32F0xx_HAL_Driver\Src\stm32f0xx_hal_cortex.o
 .ARM.attributes
                0x000000fe       0x2d Drivers\STM32F0xx_HAL_Driver\Src\stm32f0xx_hal_dma.o
 .ARM.attributes
                0x0000012b       0x2d Drivers\STM32F0xx_HAL_Driver\Src\stm32f0xx_hal_flash.o
 .ARM.attributes
                0x00000158       0x2d Drivers\STM32F0xx_HAL_Driver\Src\stm32f0xx_hal_flash_ex.o
 .ARM.attributes
                0x00000185       0x2d Drivers\STM32F0xx_HAL_Driver\Src\stm32f0xx_hal_gpio.o
 .ARM.attributes
                0x000001b2       0x2d Drivers\STM32F0xx_HAL_Driver\Src\stm32f0xx_hal_iwdg.o
 .ARM.attributes
                0x000001df       0x2d Drivers\STM32F0xx_HAL_Driver\Src\stm32f0xx_hal_rcc.o
 .ARM.attributes
                0x0000020c       0x2d Drivers\STM32F0xx_HAL_Driver\Src\stm32f0xx_hal_tim.o
 .ARM.attributes
                0x00000239       0x2d Drivers\STM32F0xx_HAL_Driver\Src\stm32f0xx_hal_tim_ex.o
 .ARM.attributes
                0x00000266       0x2d Drivers\STM32F0xx_HAL_Driver\Src\stm32f0xx_ll_gpio.o
 .ARM.attributes
                0x00000293       0x2d Src\eeprom.o
 .ARM.attributes
                0x000002c0       0x2d Src\main.o
 .ARM.attributes
                0x000002ed       0x2d Src\stm32f0xx_hal_msp.o
 .ARM.attributes
                0x0000031a       0x2d Src\stm32f0xx_it.o
 .ARM.attributes
                0x00000347       0x2d Src\system_stm32f0xx.o
 .ARM.attributes
                0x00000374       0x21 startup\startup_stm32f051x8.o
 .ARM.attributes
                0x00000395       0x2c c:/program files (x86)/atollic/truestudio for stm32 9.0.0/armtools/bin/../lib/gcc/arm-atollic-eabi/6.3.1/../../../../arm-atollic-eabi/lib/armv6-m\libc_nano.a(lib_a-init.o)
 .ARM.attributes
                0x000003c1       0x1e c:/program files (x86)/atollic/truestudio for stm32 9.0.0/armtools/bin/../lib/gcc/arm-atollic-eabi/6.3.1/armv6-m\libgcc.a(_udivsi3.o)
 .ARM.attributes
                0x000003df       0x1e c:/program files (x86)/atollic/truestudio for stm32 9.0.0/armtools/bin/../lib/gcc/arm-atollic-eabi/6.3.1/armv6-m\libgcc.a(_divsi3.o)
 .ARM.attributes
                0x000003fd       0x1e c:/program files (x86)/atollic/truestudio for stm32 9.0.0/armtools/bin/../lib/gcc/arm-atollic-eabi/6.3.1/armv6-m\libgcc.a(_dvmd_tls.o)
 .ARM.attributes
                0x0000041b       0x1e c:/program files (x86)/atollic/truestudio for stm32 9.0.0/armtools/bin/../lib/gcc/arm-atollic-eabi/6.3.1/armv6-m/crtn.o
OUTPUT(f051bldc.elf elf32-littlearm)

.debug_info     0x00000000    0x1aeb3
 .debug_info    0x00000000      0xe92 Drivers\STM32F0xx_HAL_Driver\Src\stm32f0xx_hal.o
 .debug_info    0x00000e92     0x17a4 Drivers\STM32F0xx_HAL_Driver\Src\stm32f0xx_hal_adc.o
 .debug_info    0x00002636     0x1057 Drivers\STM32F0xx_HAL_Driver\Src\stm32f0xx_hal_comp.o
 .debug_info    0x0000368d     0x1037 Drivers\STM32F0xx_HAL_Driver\Src\stm32f0xx_hal_cortex.o
 .debug_info    0x000046c4     0x1076 Drivers\STM32F0xx_HAL_Driver\Src\stm32f0xx_hal_dma.o
 .debug_info    0x0000573a      0xfb8 Drivers\STM32F0xx_HAL_Driver\Src\stm32f0xx_hal_flash.o
 .debug_info    0x000066f2     0x130c Drivers\STM32F0xx_HAL_Driver\Src\stm32f0xx_hal_flash_ex.o
 .debug_info    0x000079fe      0xe81 Drivers\STM32F0xx_HAL_Driver\Src\stm32f0xx_hal_gpio.o
 .debug_info    0x0000887f      0xabf Drivers\STM32F0xx_HAL_Driver\Src\stm32f0xx_hal_iwdg.o
 .debug_info    0x0000933e     0x11d8 Drivers\STM32F0xx_HAL_Driver\Src\stm32f0xx_hal_rcc.o
 .debug_info    0x0000a516     0x4561 Drivers\STM32F0xx_HAL_Driver\Src\stm32f0xx_hal_tim.o
 .debug_info    0x0000ea77     0x1c0a Drivers\STM32F0xx_HAL_Driver\Src\stm32f0xx_hal_tim_ex.o
 .debug_info    0x00010681      0xf78 Drivers\STM32F0xx_HAL_Driver\Src\stm32f0xx_ll_gpio.o
 .debug_info    0x000115f9     0x16ca Src\eeprom.o
 .debug_info    0x00012cc3     0x4fc4 Src\main.o
 .debug_info    0x00017c87     0x17ba Src\stm32f0xx_hal_msp.o
 .debug_info    0x00019441      0xf4b Src\stm32f0xx_it.o
 .debug_info    0x0001a38c      0xa8d Src\system_stm32f0xx.o
 .debug_info    0x0001ae19       0x9a startup\startup_stm32f051x8.o

.debug_abbrev   0x00000000     0x368b
 .debug_abbrev  0x00000000      0x2e0 Drivers\STM32F0xx_HAL_Driver\Src\stm32f0xx_hal.o
 .debug_abbrev  0x000002e0      0x33e Drivers\STM32F0xx_HAL_Driver\Src\stm32f0xx_hal_adc.o
 .debug_abbrev  0x0000061e      0x31b Drivers\STM32F0xx_HAL_Driver\Src\stm32f0xx_hal_comp.o
 .debug_abbrev  0x00000939      0x319 Drivers\STM32F0xx_HAL_Driver\Src\stm32f0xx_hal_cortex.o
 .debug_abbrev  0x00000c52      0x2ae Drivers\STM32F0xx_HAL_Driver\Src\stm32f0xx_hal_dma.o
 .debug_abbrev  0x00000f00      0x383 Drivers\STM32F0xx_HAL_Driver\Src\stm32f0xx_hal_flash.o
 .debug_abbrev  0x00001283      0x39e Drivers\STM32F0xx_HAL_Driver\Src\stm32f0xx_hal_flash_ex.o
 .debug_abbrev  0x00001621      0x286 Drivers\STM32F0xx_HAL_Driver\Src\stm32f0xx_hal_gpio.o
 .debug_abbrev  0x000018a7      0x1f3 Drivers\STM32F0xx_HAL_Driver\Src\stm32f0xx_hal_iwdg.o
 .debug_abbrev  0x00001a9a      0x34a Drivers\STM32F0xx_HAL_Driver\Src\stm32f0xx_hal_rcc.o
 .debug_abbrev  0x00001de4      0x3c4 Drivers\STM32F0xx_HAL_Driver\Src\stm32f0xx_hal_tim.o
 .debug_abbrev  0x000021a8      0x36a Drivers\STM32F0xx_HAL_Driver\Src\stm32f0xx_hal_tim_ex.o
 .debug_abbrev  0x00002512      0x274 Drivers\STM32F0xx_HAL_Driver\Src\stm32f0xx_ll_gpio.o
 .debug_abbrev  0x00002786      0x33a Src\eeprom.o
 .debug_abbrev  0x00002ac0      0x549 Src\main.o
 .debug_abbrev  0x00003009      0x281 Src\stm32f0xx_hal_msp.o
 .debug_abbrev  0x0000328a      0x216 Src\stm32f0xx_it.o
 .debug_abbrev  0x000034a0      0x1d9 Src\system_stm32f0xx.o
 .debug_abbrev  0x00003679       0x12 startup\startup_stm32f051x8.o

.debug_loc      0x00000000     0xf507
 .debug_loc     0x00000000       0x7c Drivers\STM32F0xx_HAL_Driver\Src\stm32f0xx_hal.o
 .debug_loc     0x0000007c      0xd48 Drivers\STM32F0xx_HAL_Driver\Src\stm32f0xx_hal_adc.o
 .debug_loc     0x00000dc4      0x56a Drivers\STM32F0xx_HAL_Driver\Src\stm32f0xx_hal_comp.o
 .debug_loc     0x0000132e      0x409 Drivers\STM32F0xx_HAL_Driver\Src\stm32f0xx_hal_cortex.o
 .debug_loc     0x00001737      0x854 Drivers\STM32F0xx_HAL_Driver\Src\stm32f0xx_hal_dma.o
 .debug_loc     0x00001f8b      0x5b3 Drivers\STM32F0xx_HAL_Driver\Src\stm32f0xx_hal_flash.o
 .debug_loc     0x0000253e      0x738 Drivers\STM32F0xx_HAL_Driver\Src\stm32f0xx_hal_flash_ex.o
 .debug_loc     0x00002c76      0x427 Drivers\STM32F0xx_HAL_Driver\Src\stm32f0xx_hal_gpio.o
 .debug_loc     0x0000309d       0xa2 Drivers\STM32F0xx_HAL_Driver\Src\stm32f0xx_hal_iwdg.o
 .debug_loc     0x0000313f      0x60c Drivers\STM32F0xx_HAL_Driver\Src\stm32f0xx_hal_rcc.o
 .debug_loc     0x0000374b     0x5fbd Drivers\STM32F0xx_HAL_Driver\Src\stm32f0xx_hal_tim.o
 .debug_loc     0x00009708      0xf07 Drivers\STM32F0xx_HAL_Driver\Src\stm32f0xx_hal_tim_ex.o
 .debug_loc     0x0000a60f      0x503 Drivers\STM32F0xx_HAL_Driver\Src\stm32f0xx_ll_gpio.o
 .debug_loc     0x0000ab12     0x168a Src\eeprom.o
 .debug_loc     0x0000c19c     0x3078 Src\main.o
 .debug_loc     0x0000f214      0x1cc Src\stm32f0xx_hal_msp.o
 .debug_loc     0x0000f3e0      0x127 Src\system_stm32f0xx.o

.debug_aranges  0x00000000      0xa30
 .debug_aranges
                0x00000000       0xb0 Drivers\STM32F0xx_HAL_Driver\Src\stm32f0xx_hal.o
 .debug_aranges
                0x000000b0       0xc0 Drivers\STM32F0xx_HAL_Driver\Src\stm32f0xx_hal_adc.o
 .debug_aranges
                0x00000170       0x70 Drivers\STM32F0xx_HAL_Driver\Src\stm32f0xx_hal_comp.o
 .debug_aranges
                0x000001e0       0x78 Drivers\STM32F0xx_HAL_Driver\Src\stm32f0xx_hal_cortex.o
 .debug_aranges
                0x00000258       0x78 Drivers\STM32F0xx_HAL_Driver\Src\stm32f0xx_hal_dma.o
 .debug_aranges
                0x000002d0       0x70 Drivers\STM32F0xx_HAL_Driver\Src\stm32f0xx_hal_flash.o
 .debug_aranges
                0x00000340       0x50 Drivers\STM32F0xx_HAL_Driver\Src\stm32f0xx_hal_flash_ex.o
 .debug_aranges
                0x00000390       0x58 Drivers\STM32F0xx_HAL_Driver\Src\stm32f0xx_hal_gpio.o
 .debug_aranges
                0x000003e8       0x28 Drivers\STM32F0xx_HAL_Driver\Src\stm32f0xx_hal_iwdg.o
 .debug_aranges
                0x00000410       0x80 Drivers\STM32F0xx_HAL_Driver\Src\stm32f0xx_hal_rcc.o
 .debug_aranges
                0x00000490      0x248 Drivers\STM32F0xx_HAL_Driver\Src\stm32f0xx_hal_tim.o
 .debug_aranges
                0x000006d8       0xf0 Drivers\STM32F0xx_HAL_Driver\Src\stm32f0xx_hal_tim_ex.o
 .debug_aranges
                0x000007c8       0x30 Drivers\STM32F0xx_HAL_Driver\Src\stm32f0xx_ll_gpio.o
 .debug_aranges
                0x000007f8       0x30 Src\eeprom.o
 .debug_aranges
                0x00000828      0x118 Src\main.o
 .debug_aranges
                0x00000940       0x58 Src\stm32f0xx_hal_msp.o
 .debug_aranges
                0x00000998       0x48 Src\stm32f0xx_it.o
 .debug_aranges
                0x000009e0       0x28 Src\system_stm32f0xx.o
 .debug_aranges
                0x00000a08       0x28 startup\startup_stm32f051x8.o

.debug_ranges   0x00000000     0x2560
 .debug_ranges  0x00000000       0xa0 Drivers\STM32F0xx_HAL_Driver\Src\stm32f0xx_hal.o
 .debug_ranges  0x000000a0      0x1a0 Drivers\STM32F0xx_HAL_Driver\Src\stm32f0xx_hal_adc.o
 .debug_ranges  0x00000240      0x128 Drivers\STM32F0xx_HAL_Driver\Src\stm32f0xx_hal_comp.o
 .debug_ranges  0x00000368      0x100 Drivers\STM32F0xx_HAL_Driver\Src\stm32f0xx_hal_cortex.o
 .debug_ranges  0x00000468      0x108 Drivers\STM32F0xx_HAL_Driver\Src\stm32f0xx_hal_dma.o
 .debug_ranges  0x00000570      0x1a8 Drivers\STM32F0xx_HAL_Driver\Src\stm32f0xx_hal_flash.o
 .debug_ranges  0x00000718      0x1c0 Drivers\STM32F0xx_HAL_Driver\Src\stm32f0xx_hal_flash_ex.o
 .debug_ranges  0x000008d8       0x80 Drivers\STM32F0xx_HAL_Driver\Src\stm32f0xx_hal_gpio.o
 .debug_ranges  0x00000958       0x18 Drivers\STM32F0xx_HAL_Driver\Src\stm32f0xx_hal_iwdg.o
 .debug_ranges  0x00000970       0xe8 Drivers\STM32F0xx_HAL_Driver\Src\stm32f0xx_hal_rcc.o
 .debug_ranges  0x00000a58      0xa48 Drivers\STM32F0xx_HAL_Driver\Src\stm32f0xx_hal_tim.o
 .debug_ranges  0x000014a0      0x188 Drivers\STM32F0xx_HAL_Driver\Src\stm32f0xx_hal_tim_ex.o
 .debug_ranges  0x00001628       0xf0 Drivers\STM32F0xx_HAL_Driver\Src\stm32f0xx_ll_gpio.o
 .debug_ranges  0x00001718      0x288 Src\eeprom.o
 .debug_ranges  0x000019a0      0xa90 Src\main.o
 .debug_ranges  0x00002430       0xc0 Src\stm32f0xx_hal_msp.o
 .debug_ranges  0x000024f0       0x38 Src\stm32f0xx_it.o
 .debug_ranges  0x00002528       0x18 Src\system_stm32f0xx.o
 .debug_ranges  0x00002540       0x20 startup\startup_stm32f051x8.o

.debug_line     0x00000000     0x7d12
 .debug_line    0x00000000      0x456 Drivers\STM32F0xx_HAL_Driver\Src\stm32f0xx_hal.o
 .debug_line    0x00000456      0x8e8 Drivers\STM32F0xx_HAL_Driver\Src\stm32f0xx_hal_adc.o
 .debug_line    0x00000d3e      0x4bc Drivers\STM32F0xx_HAL_Driver\Src\stm32f0xx_hal_comp.o
 .debug_line    0x000011fa      0x431 Drivers\STM32F0xx_HAL_Driver\Src\stm32f0xx_hal_cortex.o
 .debug_line    0x0000162b      0x5cc Drivers\STM32F0xx_HAL_Driver\Src\stm32f0xx_hal_dma.o
 .debug_line    0x00001bf7      0x571 Drivers\STM32F0xx_HAL_Driver\Src\stm32f0xx_hal_flash.o
 .debug_line    0x00002168      0x563 Drivers\STM32F0xx_HAL_Driver\Src\stm32f0xx_hal_flash_ex.o
 .debug_line    0x000026cb      0x444 Drivers\STM32F0xx_HAL_Driver\Src\stm32f0xx_hal_gpio.o
 .debug_line    0x00002b0f      0x2fb Drivers\STM32F0xx_HAL_Driver\Src\stm32f0xx_hal_iwdg.o
 .debug_line    0x00002e0a      0x675 Drivers\STM32F0xx_HAL_Driver\Src\stm32f0xx_hal_rcc.o
 .debug_line    0x0000347f     0x1974 Drivers\STM32F0xx_HAL_Driver\Src\stm32f0xx_hal_tim.o
 .debug_line    0x00004df3      0x871 Drivers\STM32F0xx_HAL_Driver\Src\stm32f0xx_hal_tim_ex.o
 .debug_line    0x00005664      0x3d2 Drivers\STM32F0xx_HAL_Driver\Src\stm32f0xx_ll_gpio.o
 .debug_line    0x00005a36      0x56a Src\eeprom.o
 .debug_line    0x00005fa0     0x12b1 Src\main.o
 .debug_line    0x00007251      0x46f Src\stm32f0xx_hal_msp.o
 .debug_line    0x000076c0      0x338 Src\stm32f0xx_it.o
 .debug_line    0x000079f8      0x297 Src\system_stm32f0xx.o
 .debug_line    0x00007c8f       0x83 startup\startup_stm32f051x8.o

.debug_str      0x00000000     0x3f8e
 .debug_str     0x00000000      0xa0e Drivers\STM32F0xx_HAL_Driver\Src\stm32f0xx_hal.o
                                0xaa7 (size before relaxing)
 .debug_str     0x00000a0e      0x674 Drivers\STM32F0xx_HAL_Driver\Src\stm32f0xx_hal_adc.o
                                0xd48 (size before relaxing)
 .debug_str     0x00001082      0x1e6 Drivers\STM32F0xx_HAL_Driver\Src\stm32f0xx_hal_comp.o
                                0x914 (size before relaxing)
 .debug_str     0x00001268      0x1d0 Drivers\STM32F0xx_HAL_Driver\Src\stm32f0xx_hal_cortex.o
                                0xaaf (size before relaxing)
 .debug_str     0x00001438      0x238 Drivers\STM32F0xx_HAL_Driver\Src\stm32f0xx_hal_dma.o
                                0xab1 (size before relaxing)
 .debug_str     0x00001670      0x290 Drivers\STM32F0xx_HAL_Driver\Src\stm32f0xx_hal_flash.o
                                0x9a4 (size before relaxing)
 .debug_str     0x00001900      0x292 Drivers\STM32F0xx_HAL_Driver\Src\stm32f0xx_hal_flash_ex.o
                                0xaa0 (size before relaxing)
 .debug_str     0x00001b92      0x176 Drivers\STM32F0xx_HAL_Driver\Src\stm32f0xx_hal_gpio.o
                                0x8a2 (size before relaxing)
 .debug_str     0x00001d08       0xa2 Drivers\STM32F0xx_HAL_Driver\Src\stm32f0xx_hal_iwdg.o
                                0x729 (size before relaxing)
 .debug_str     0x00001daa      0x2e0 Drivers\STM32F0xx_HAL_Driver\Src\stm32f0xx_hal_rcc.o
                                0xa7b (size before relaxing)
 .debug_str     0x0000208a      0xf37 Drivers\STM32F0xx_HAL_Driver\Src\stm32f0xx_hal_tim.o
                               0x181d (size before relaxing)
 .debug_str     0x00002fc1      0x50d Drivers\STM32F0xx_HAL_Driver\Src\stm32f0xx_hal_tim_ex.o
                               0x1149 (size before relaxing)
 .debug_str     0x000034ce      0x171 Drivers\STM32F0xx_HAL_Driver\Src\stm32f0xx_ll_gpio.o
                                0x849 (size before relaxing)
 .debug_str     0x0000363f      0x172 Src\eeprom.o
                                0x860 (size before relaxing)
 .debug_str     0x000037b1      0x6b6 Src\main.o
                               0x1c04 (size before relaxing)
 .debug_str     0x00003e67       0x25 Src\stm32f0xx_hal_msp.o
                                0xfb4 (size before relaxing)
 .debug_str     0x00003e8c       0xa8 Src\stm32f0xx_it.o
                                0xb2e (size before relaxing)
 .debug_str     0x00003f34       0x5a Src\system_stm32f0xx.o
                                0x6c8 (size before relaxing)

.comment        0x00000000       0x7c
 .comment       0x00000000       0x7c Drivers\STM32F0xx_HAL_Driver\Src\stm32f0xx_hal.o
                                 0x7d (size before relaxing)
 .comment       0x0000007c       0x7d Drivers\STM32F0xx_HAL_Driver\Src\stm32f0xx_hal_adc.o
 .comment       0x0000007c       0x7d Drivers\STM32F0xx_HAL_Driver\Src\stm32f0xx_hal_comp.o
 .comment       0x0000007c       0x7d Drivers\STM32F0xx_HAL_Driver\Src\stm32f0xx_hal_cortex.o
 .comment       0x0000007c       0x7d Drivers\STM32F0xx_HAL_Driver\Src\stm32f0xx_hal_dma.o
 .comment       0x0000007c       0x7d Drivers\STM32F0xx_HAL_Driver\Src\stm32f0xx_hal_flash.o
 .comment       0x0000007c       0x7d Drivers\STM32F0xx_HAL_Driver\Src\stm32f0xx_hal_flash_ex.o
 .comment       0x0000007c       0x7d Drivers\STM32F0xx_HAL_Driver\Src\stm32f0xx_hal_gpio.o
 .comment       0x0000007c       0x7d Drivers\STM32F0xx_HAL_Driver\Src\stm32f0xx_hal_iwdg.o
 .comment       0x0000007c       0x7d Drivers\STM32F0xx_HAL_Driver\Src\stm32f0xx_hal_rcc.o
 .comment       0x0000007c       0x7d Drivers\STM32F0xx_HAL_Driver\Src\stm32f0xx_hal_tim.o
 .comment       0x0000007c       0x7d Drivers\STM32F0xx_HAL_Driver\Src\stm32f0xx_hal_tim_ex.o
 .comment       0x0000007c       0x7d Drivers\STM32F0xx_HAL_Driver\Src\stm32f0xx_ll_gpio.o
 .comment       0x0000007c       0x7d Src\eeprom.o
 .comment       0x0000007c       0x7d Src\main.o
 .comment       0x0000007c       0x7d Src\stm32f0xx_hal_msp.o
 .comment       0x0000007c       0x7d Src\stm32f0xx_it.o
 .comment       0x0000007c       0x7d Src\system_stm32f0xx.o

.debug_frame    0x00000000     0x1db4
 .debug_frame   0x00000000      0x174 Drivers\STM32F0xx_HAL_Driver\Src\stm32f0xx_hal.o
 .debug_frame   0x00000174      0x280 Drivers\STM32F0xx_HAL_Driver\Src\stm32f0xx_hal_adc.o
 .debug_frame   0x000003f4      0x108 Drivers\STM32F0xx_HAL_Driver\Src\stm32f0xx_hal_comp.o
 .debug_frame   0x000004fc       0xe4 Drivers\STM32F0xx_HAL_Driver\Src\stm32f0xx_hal_cortex.o
 .debug_frame   0x000005e0      0x158 Drivers\STM32F0xx_HAL_Driver\Src\stm32f0xx_hal_dma.o
 .debug_frame   0x00000738      0x12c Drivers\STM32F0xx_HAL_Driver\Src\stm32f0xx_hal_flash.o
 .debug_frame   0x00000864       0xd0 Drivers\STM32F0xx_HAL_Driver\Src\stm32f0xx_hal_flash_ex.o
 .debug_frame   0x00000934       0xd4 Drivers\STM32F0xx_HAL_Driver\Src\stm32f0xx_hal_gpio.o
 .debug_frame   0x00000a08       0x3c Drivers\STM32F0xx_HAL_Driver\Src\stm32f0xx_hal_iwdg.o
 .debug_frame   0x00000a44      0x13c Drivers\STM32F0xx_HAL_Driver\Src\stm32f0xx_hal_rcc.o
 .debug_frame   0x00000b80      0x860 Drivers\STM32F0xx_HAL_Driver\Src\stm32f0xx_hal_tim.o
 .debug_frame   0x000013e0      0x32c Drivers\STM32F0xx_HAL_Driver\Src\stm32f0xx_hal_tim_ex.o
 .debug_frame   0x0000170c       0x58 Drivers\STM32F0xx_HAL_Driver\Src\stm32f0xx_ll_gpio.o
 .debug_frame   0x00001764       0x80 Src\eeprom.o
 .debug_frame   0x000017e4      0x398 Src\main.o
 .debug_frame   0x00001b7c       0xe4 Src\stm32f0xx_hal_msp.o
 .debug_frame   0x00001c60       0xb0 Src\stm32f0xx_it.o
 .debug_frame   0x00001d10       0x38 Src\system_stm32f0xx.o
 .debug_frame   0x00001d48       0x2c c:/program files (x86)/atollic/truestudio for stm32 9.0.0/armtools/bin/../lib/gcc/arm-atollic-eabi/6.3.1/../../../../arm-atollic-eabi/lib/armv6-m\libc_nano.a(lib_a-init.o)
 .debug_frame   0x00001d74       0x20 c:/program files (x86)/atollic/truestudio for stm32 9.0.0/armtools/bin/../lib/gcc/arm-atollic-eabi/6.3.1/armv6-m\libgcc.a(_udivsi3.o)
 .debug_frame   0x00001d94       0x20 c:/program files (x86)/atollic/truestudio for stm32 9.0.0/armtools/bin/../lib/gcc/arm-atollic-eabi/6.3.1/armv6-m\libgcc.a(_divsi3.o)
