main.c:855:6:computeDshotDMA.part.1	80	static
main.c:215:6:map	8	static
main.c:228:6:storeEEpromConfig	8	static
main.c:239:6:loadEEpromConfig	16	static
main.c:256:5:getAbsDif	0	static
main.c:269:6:phaseB	0	static
main.c:303:6:phaseC	0	static
main.c:335:6:phaseA	0	static
main.c:364:6:comStep	8	static
main.c:404:6:allOff	36	static
main.c:410:6:fullBrake	20	static
main.c:416:6:proBrake	24	static
main.c:424:6:changeCompInput	8	static
main.c:462:6:commutate	16	static
main.c:504:6:HAL_TIM_PeriodElapsedCallback	16	static
main.c:528:6:startMotor	32	static
main.c:558:6:forcedCommutation	16	static
main.c:572:6:HAL_COMP_TriggerCallback	48	static
main.c:701:6:playStartupTune	40	static
main.c:716:6:playInputTune	40	static
main.c:729:6:getADCs	0	static
main.c:739:6:HAL_ADC_ConvCpltCallback	0	static
main.c:745:6:detectInput	40	static
main.c:811:6:computeProshotDMA	24	static
main.c:855:6:computeDshotDMA	8	static
main.c:901:6:computeMSInput	8	static
main.c:915:6:computeOS125Input	8	static
main.c:929:6:computeOS42Input	8	static
main.c:946:6:computeServoInput	8	static
main.c:1084:6:transferComplete	8	static
main.c:1600:6:SystemClock_Config	72	static
main.c:1137:5:main	160	static
main.c:2013:6:_Error_Handler	0	static
