main.c:231:6:map	8	static
main.c:244:6:storeEEpromConfig	8	static
main.c:255:6:loadEEpromConfig	16	static
main.c:272:5:getAbsDif	0	static
main.c:282:6:phaseA	0	static
main.c:316:6:phaseB	8	static
main.c:348:6:phaseC	0	static
main.c:380:6:comStep	8	static
main.c:420:6:allOff	8	static
main.c:426:6:fullBrake	8	static
main.c:432:6:proBrake	8	static
main.c:440:6:changeCompInput	8	static
main.c:478:6:commutate	8	static
main.c:520:6:HAL_TIM_PeriodElapsedCallback	0	static
main.c:529:6:startMotor	32	static
main.c:555:6:HAL_COMP_TriggerCallback	32	static
main.c:648:6:playStartupTune	8	static
main.c:663:6:playInputTune	16	static
main.c:676:6:getADCs	0	static
main.c:686:6:HAL_ADC_ConvCpltCallback	8	static
main.c:692:6:detectInput	32	static
main.c:745:6:computeProshotDMA	24	static
main.c:792:6:computeMSInput	16	static
main.c:806:6:computeOS125Input	16	static
main.c:820:6:computeOS42Input	16	static
main.c:837:6:computeServoInput	16	static
main.c:852:6:computeDshotDMA	24	static
main.c:900:6:transferComplete	8	static
main.c:941:6:changeDutyCycleWithSin	16	static
main.c:955:6:zc_found_routine	32	static
main.c:1446:6:SystemClock_Config	80	static
main.c:994:5:main	136	static
main.c:1830:6:_Error_Handler	0	static
