stm32f0xx_ll_bus.h:243:22:LL_AHB1_GRP1_EnableClock	8	static
main.c:147:6:phaseA	0	static
main.c:169:6:phaseB	0	static
main.c:191:6:phaseC	0	static
main.c:213:6:comStep	8	static
main.c:253:6:allOff	8	static
main.c:259:6:changeCompInput	8	static
main.c:287:6:commutate	8	static
main.c:325:6:HAL_TIM_PeriodElapsedCallback	8	static
main.c:355:6:startMotor	16	static
main.c:398:6:HAL_COMP_TriggerCallback	0	static
main.c:410:6:detectInput	32	static
main.c:454:6:computeProshotDMA	16	static
main.c:469:6:computeMSInput	0	static
main.c:483:6:computeOS125Input	0	static
main.c:501:6:computeServoInput	8	static
main.c:516:6:computeDshotDMA	48	static
main.c:547:6:transferComplete	8	static
main.c:581:6:getSmoothedInput	24	static
main.c:916:6:SystemClock_Config	80	static
main.c:611:5:main	128	static
main.c:1267:6:_Error_Handler	0	static
