main.c:231:6:map	8	static
main.c:244:6:storeEEpromConfig	8	static
main.c:255:6:loadEEpromConfig	16	static
main.c:272:5:getAbsDif	0	static
main.c:282:6:phaseA	0	static
main.c:316:6:phaseB	8	static
main.c:348:6:phaseC	0	static
main.c:380:6:comStep	8	static
main.c:420:6:allOff	8	static
main.c:426:6:fullBrake	8	static
main.c:432:6:proBrake	8	static
main.c:440:6:changeCompInput	8	static
main.c:478:6:commutate	8	static
main.c:520:6:HAL_TIM_PeriodElapsedCallback	0	static
main.c:529:6:startMotor	32	static
main.c:555:6:HAL_COMP_TriggerCallback	32	static
main.c:625:6:playStartupTune	8	static
main.c:640:6:playInputTune	16	static
main.c:653:6:getADCs	0	static
main.c:663:6:HAL_ADC_ConvCpltCallback	8	static
main.c:669:6:detectInput	32	static
main.c:722:6:computeProshotDMA	24	static
main.c:776:6:computeMSInput	16	static
main.c:790:6:computeOS125Input	16	static
main.c:804:6:computeOS42Input	16	static
main.c:821:6:computeServoInput	16	static
main.c:836:6:computeDshotDMA	24	static
main.c:884:6:transferComplete	8	static
main.c:925:6:changeDutyCycleWithSin	16	static
main.c:939:6:zc_found_routine	32	static
main.c:1430:6:SystemClock_Config	80	static
main.c:978:5:main	136	static
main.c:1814:6:_Error_Handler	0	static
