Archive member included to satisfy reference by file (symbol)

c:/program files (x86)/atollic/truestudio for stm32 9.0.0/armtools/bin/../lib/gcc/arm-atollic-eabi/6.3.1/../../../../arm-atollic-eabi/lib/armv6-m\libc_nano.a(lib_a-init.o)
                              startup\startup_stm32f051x8.o (__libc_init_array)
c:/program files (x86)/atollic/truestudio for stm32 9.0.0/armtools/bin/../lib/gcc/arm-atollic-eabi/6.3.1/../../../../arm-atollic-eabi/lib/armv6-m\libc_nano.a(lib_a-memset.o)
                              Src\main.o (memset)
c:/program files (x86)/atollic/truestudio for stm32 9.0.0/armtools/bin/../lib/gcc/arm-atollic-eabi/6.3.1/armv6-m\libgcc.a(_udivsi3.o)
                              Drivers\STM32F0xx_HAL_Driver\Src\stm32f0xx_hal.o (__aeabi_uidiv)
c:/program files (x86)/atollic/truestudio for stm32 9.0.0/armtools/bin/../lib/gcc/arm-atollic-eabi/6.3.1/armv6-m\libgcc.a(_divsi3.o)
                              Src\main.o (__aeabi_idiv)
c:/program files (x86)/atollic/truestudio for stm32 9.0.0/armtools/bin/../lib/gcc/arm-atollic-eabi/6.3.1/armv6-m\libgcc.a(_dvmd_tls.o)
                              c:/program files (x86)/atollic/truestudio for stm32 9.0.0/armtools/bin/../lib/gcc/arm-atollic-eabi/6.3.1/armv6-m\libgcc.a(_udivsi3.o) (__aeabi_idiv0)

Allocating common symbols
Common symbol       size              file

degree_time         0x4               Src\main.o
temp_step           0x4               Src\main.o
extiline            0x4               Src\main.o
timestamp           0x4               Src\main.o
htim15              0x40              Src\main.o
calcCRC             0x1               Src\main.o
hiwdg               0x10              Src\main.o
checkCRC            0x1               Src\main.o
uwTick              0x4               Drivers\STM32F0xx_HAL_Driver\Src\stm32f0xx_hal.o
control_loop_count  0x4               Src\main.o
pFlash              0x20              Drivers\STM32F0xx_HAL_Driver\Src\stm32f0xx_hal_flash.o
VarValue            0x2               Src\main.o
hcomp1              0x2c              Src\main.o
htim3               0x40              Src\main.o
VarDataTmp          0x2               Src\main.o
bemf_counts         0x4               Src\main.o
dma_buffer          0x100             Src\main.o
blanktime           0x4               Src\main.o
hdma_tim15_ch1_up_trig_com
                    0x44              Src\main.o
htim1               0x40              Src\main.o
k_erpm              0x4               Src\main.o
htim2               0x40              Src\main.o
ee_status           0x4               Src\main.o
adjusted_input      0x4               Src\main.o
total               0x4               Src\main.o
hdma_adc            0x44              Src\main.o
hadc                0x4c              Src\main.o
htim16              0x40              Src\main.o

Discarded input sections

 .text          0x00000000        0x0 c:/program files (x86)/atollic/truestudio for stm32 9.0.0/armtools/bin/../lib/gcc/arm-atollic-eabi/6.3.1/armv6-m/crti.o
 .data          0x00000000        0x0 c:/program files (x86)/atollic/truestudio for stm32 9.0.0/armtools/bin/../lib/gcc/arm-atollic-eabi/6.3.1/armv6-m/crti.o
 .bss           0x00000000        0x0 c:/program files (x86)/atollic/truestudio for stm32 9.0.0/armtools/bin/../lib/gcc/arm-atollic-eabi/6.3.1/armv6-m/crti.o
 .data          0x00000000        0x4 c:/program files (x86)/atollic/truestudio for stm32 9.0.0/armtools/bin/../lib/gcc/arm-atollic-eabi/6.3.1/armv6-m/crtbegin.o
 .text          0x00000000        0x0 Drivers\STM32F0xx_HAL_Driver\Src\stm32f0xx_hal.o
 .data          0x00000000        0x0 Drivers\STM32F0xx_HAL_Driver\Src\stm32f0xx_hal.o
 .bss           0x00000000        0x0 Drivers\STM32F0xx_HAL_Driver\Src\stm32f0xx_hal.o
 .text.HAL_MspInit
                0x00000000        0x4 Drivers\STM32F0xx_HAL_Driver\Src\stm32f0xx_hal.o
 .text.HAL_MspDeInit
                0x00000000        0x4 Drivers\STM32F0xx_HAL_Driver\Src\stm32f0xx_hal.o
 .text.HAL_DeInit
                0x00000000       0x24 Drivers\STM32F0xx_HAL_Driver\Src\stm32f0xx_hal.o
 .text.HAL_SuspendTick
                0x00000000       0x10 Drivers\STM32F0xx_HAL_Driver\Src\stm32f0xx_hal.o
 .text.HAL_ResumeTick
                0x00000000       0x10 Drivers\STM32F0xx_HAL_Driver\Src\stm32f0xx_hal.o
 .text.HAL_GetHalVersion
                0x00000000        0x8 Drivers\STM32F0xx_HAL_Driver\Src\stm32f0xx_hal.o
 .text.HAL_GetREVID
                0x00000000        0xc Drivers\STM32F0xx_HAL_Driver\Src\stm32f0xx_hal.o
 .text.HAL_GetDEVID
                0x00000000       0x10 Drivers\STM32F0xx_HAL_Driver\Src\stm32f0xx_hal.o
 .text.HAL_GetUIDw0
                0x00000000        0xc Drivers\STM32F0xx_HAL_Driver\Src\stm32f0xx_hal.o
 .text.HAL_GetUIDw1
                0x00000000        0xc Drivers\STM32F0xx_HAL_Driver\Src\stm32f0xx_hal.o
 .text.HAL_GetUIDw2
                0x00000000        0xc Drivers\STM32F0xx_HAL_Driver\Src\stm32f0xx_hal.o
 .text.HAL_DBGMCU_EnableDBGStopMode
[...]
Memory Configuration

Name             Origin             Length             Attributes
RAM              0x20000000         0x00002000         xrw
FLASH            0x08000000         0x00007000         xr
EEPROM           0x08007000         0x00001000         xr
*default*        0x00000000         0xffffffff

Linker script and memory map

LOAD c:/program files (x86)/atollic/truestudio for stm32 9.0.0/armtools/bin/../lib/gcc/arm-atollic-eabi/6.3.1/armv6-m/crti.o
LOAD c:/program files (x86)/atollic/truestudio for stm32 9.0.0/armtools/bin/../lib/gcc/arm-atollic-eabi/6.3.1/armv6-m/crtbegin.o
LOAD Drivers\STM32F0xx_HAL_Driver\Src\stm32f0xx_hal.o
LOAD Drivers\STM32F0xx_HAL_Driver\Src\stm32f0xx_hal_adc.o
LOAD Drivers\STM32F0xx_HAL_Driver\Src\stm32f0xx_hal_adc_ex.o
LOAD Drivers\STM32F0xx_HAL_Driver\Src\stm32f0xx_hal_comp.o
LOAD Drivers\STM32F0xx_HAL_Driver\Src\stm32f0xx_hal_cortex.o
LOAD Drivers\STM32F0xx_HAL_Driver\Src\stm32f0xx_hal_dma.o
LOAD Drivers\STM32F0xx_HAL_Driver\Src\stm32f0xx_hal_flash.o
LOAD Drivers\STM32F0xx_HAL_Driver\Src\stm32f0xx_hal_flash_ex.o
LOAD Drivers\STM32F0xx_HAL_Driver\Src\stm32f0xx_hal_gpio.o
LOAD Drivers\STM32F0xx_HAL_Driver\Src\stm32f0xx_hal_i2c.o
LOAD Drivers\STM32F0xx_HAL_Driver\Src\stm32f0xx_hal_i2c_ex.o
LOAD Drivers\STM32F0xx_HAL_Driver\Src\stm32f0xx_hal_iwdg.o
LOAD Drivers\STM32F0xx_HAL_Driver\Src\stm32f0xx_hal_pwr.o
LOAD Drivers\STM32F0xx_HAL_Driver\Src\stm32f0xx_hal_pwr_ex.o
LOAD Drivers\STM32F0xx_HAL_Driver\Src\stm32f0xx_hal_rcc.o
LOAD Drivers\STM32F0xx_HAL_Driver\Src\stm32f0xx_hal_rcc_ex.o
LOAD Drivers\STM32F0xx_HAL_Driver\Src\stm32f0xx_hal_tim.o
LOAD Drivers\STM32F0xx_HAL_Driver\Src\stm32f0xx_hal_tim_ex.o
LOAD Drivers\STM32F0xx_HAL_Driver\Src\stm32f0xx_ll_exti.o
LOAD Drivers\STM32F0xx_HAL_Driver\Src\stm32f0xx_ll_gpio.o
LOAD Drivers\STM32F0xx_HAL_Driver\Src\stm32f0xx_ll_utils.o
LOAD Src\eeprom.o
LOAD Src\main.o
LOAD Src\stm32f0xx_hal_msp.o
LOAD Src\stm32f0xx_it.o
LOAD Src\system_stm32f0xx.o
LOAD startup\startup_stm32f051x8.o
                0x00000080                malloc_getpagesize_P = 0x80
START GROUP
LOAD c:/program files (x86)/atollic/truestudio for stm32 9.0.0/armtools/bin/../lib/gcc/arm-atollic-eabi/6.3.1/../../../../arm-atollic-eabi/lib/armv6-m\libc_nano.a
LOAD c:/program files (x86)/atollic/truestudio for stm32 9.0.0/armtools/bin/../lib/gcc/arm-atollic-eabi/6.3.1/../../../../arm-atollic-eabi/lib/armv6-m\libm.a
END GROUP
START GROUP
LOAD c:/program files (x86)/atollic/truestudio for stm32 9.0.0/armtools/bin/../lib/gcc/arm-atollic-eabi/6.3.1/armv6-m\libgcc.a
LOAD c:/program files (x86)/atollic/truestudio for stm32 9.0.0/armtools/bin/../lib/gcc/arm-atollic-eabi/6.3.1/../../../../arm-atollic-eabi/lib/armv6-m\libc_nano.a
END GROUP
START GROUP
LOAD c:/program files (x86)/atollic/truestudio for stm32 9.0.0/armtools/bin/../lib/gcc/arm-atollic-eabi/6.3.1/armv6-m\libgcc.a
LOAD c:/program files (x86)/atollic/truestudio for stm32 9.0.0/armtools/bin/../lib/gcc/arm-atollic-eabi/6.3.1/../../../../arm-atollic-eabi/lib/armv6-m\libc_nano.a
LOAD c:/program files (x86)/atollic/truestudio for stm32 9.0.0/armtools/bin/../lib/gcc/arm-atollic-eabi/6.3.1/../../../../arm-atollic-eabi/lib/armv6-m\libnosys.a
END GROUP
START GROUP
LOAD c:/program files (x86)/atollic/truestudio for stm32 9.0.0/armtools/bin/../lib/gcc/arm-atollic-eabi/6.3.1/armv6-m\libgcc.a
LOAD c:/program files (x86)/atollic/truestudio for stm32 9.0.0/armtools/bin/../lib/gcc/arm-atollic-eabi/6.3.1/../../../../arm-atollic-eabi/lib/armv6-m\libc_nano.a
LOAD c:/program files (x86)/atollic/truestudio for stm32 9.0.0/armtools/bin/../lib/gcc/arm-atollic-eabi/6.3.1/../../../../arm-atollic-eabi/lib/armv6-m\libnosys.a
END GROUP
LOAD c:/program files (x86)/atollic/truestudio for stm32 9.0.0/armtools/bin/../lib/gcc/arm-atollic-eabi/6.3.1/armv6-m/crtend.o
LOAD c:/program files (x86)/atollic/truestudio for stm32 9.0.0/armtools/bin/../lib/gcc/arm-atollic-eabi/6.3.1/armv6-m/crtn.o
                0x20002000                _estack = 0x20002000
                0x00000200                _Min_Heap_Size = 0x200
                0x00000400                _Min_Stack_Size = 0x400

.isr_vector     0x08000000       0xc0
                0x08000000                . = ALIGN (0x4)
 *(.isr_vector)
 .isr_vector    0x08000000       0xc0 startup\startup_stm32f051x8.o
                0x08000000                g_pfnVectors
                0x080000c0                . = ALIGN (0x4)

.text           0x080000c0     0x4f64
                0x080000c0                . = ALIGN (0x4)
 *(.text)
 .text          0x080000c0       0x48 c:/program files (x86)/atollic/truestudio for stm32 9.0.0/armtools/bin/../lib/gcc/arm-atollic-eabi/6.3.1/armv6-m/crtbegin.o
 .text          0x08000108      0x114 c:/program files (x86)/atollic/truestudio for stm32 9.0.0/armtools/bin/../lib/gcc/arm-atollic-eabi/6.3.1/armv6-m\libgcc.a(_udivsi3.o)
                0x08000108                __aeabi_uidiv
                0x08000108                __udivsi3
                0x08000214                __aeabi_uidivmod
 .text          0x0800021c      0x1d4 c:/program files (x86)/atollic/truestudio for stm32 9.0.0/armtools/bin/../lib/gcc/arm-atollic-eabi/6.3.1/armv6-m\libgcc.a(_divsi3.o)
                0x0800021c                __divsi3
                0x0800021c                __aeabi_idiv
                0x080003e8                __aeabi_idivmod
 .text          0x080003f0        0x4 c:/program files (x86)/atollic/truestudio for stm32 9.0.0/armtools/bin/../lib/gcc/arm-atollic-eabi/6.3.1/armv6-m\libgcc.a(_dvmd_tls.o)
                0x080003f0                __aeabi_idiv0
                0x080003f0                __aeabi_ldiv0
 *(.text*)
 .text.HAL_InitTick
                0x080003f4       0x24 Drivers\STM32F0xx_HAL_Driver\Src\stm32f0xx_hal.o
                0x080003f4                HAL_InitTick
 .text.HAL_Init
                0x08000418       0x20 Drivers\STM32F0xx_HAL_Driver\Src\stm32f0xx_hal.o
                0x08000418                HAL_Init
 .text.HAL_IncTick
                0x08000438       0x10 Drivers\STM32F0xx_HAL_Driver\Src\stm32f0xx_hal.o
                0x08000438                HAL_IncTick
 .text.HAL_GetTick
                0x08000448        0xc Drivers\STM32F0xx_HAL_Driver\Src\stm32f0xx_hal.o
                0x08000448                HAL_GetTick
 .text.HAL_Delay
                0x08000454       0x24 Drivers\STM32F0xx_HAL_Driver\Src\stm32f0xx_hal.o
                0x08000454                HAL_Delay
 .text.HAL_ADC_Init
                0x08000478      0x150 Drivers\STM32F0xx_HAL_Driver\Src\stm32f0xx_hal_adc.o
                0x08000478                HAL_ADC_Init
 .text.HAL_ADC_LevelOutOfWindowCallback
                0x080005c8        0x4 Drivers\STM32F0xx_HAL_Driver\Src\stm32f0xx_hal_adc.o
                0x080005c8                HAL_ADC_LevelOutOfWindowCallback
 .text.HAL_ADC_ErrorCallback
                0x080005cc        0x4 Drivers\STM32F0xx_HAL_Driver\Src\stm32f0xx_hal_adc.o
                0x080005cc                HAL_ADC_ErrorCallback
 .text.HAL_ADC_IRQHandler
                0x080005d0       0xe0 Drivers\STM32F0xx_HAL_Driver\Src\stm32f0xx_hal_adc.o
                0x080005d0                HAL_ADC_IRQHandler
 .text.HAL_ADC_ConfigChannel
                0x080006b0      0x114 Drivers\STM32F0xx_HAL_Driver\Src\stm32f0xx_hal_adc.o
                0x080006b0                HAL_ADC_ConfigChannel
 .text.HAL_COMP_Init
                0x080007c4       0xa0 Drivers\STM32F0xx_HAL_Driver\Src\stm32f0xx_hal_comp.o
                0x080007c4                HAL_COMP_Init
 .text.HAL_COMP_Start_IT
                0x08000864       0xa8 Drivers\STM32F0xx_HAL_Driver\Src\stm32f0xx_hal_comp.o
                0x08000864                HAL_COMP_Start_IT
 .text.HAL_COMP_GetOutputLevel
                0x0800090c       0x28 Drivers\STM32F0xx_HAL_Driver\Src\stm32f0xx_hal_comp.o
                0x0800090c                HAL_COMP_GetOutputLevel
 .text.HAL_COMP_IRQHandler
                0x08000934       0x2c Drivers\STM32F0xx_HAL_Driver\Src\stm32f0xx_hal_comp.o
                0x08000934                HAL_COMP_IRQHandler
 .text.HAL_NVIC_SetPriority
                0x08000960       0x68 Drivers\STM32F0xx_HAL_Driver\Src\stm32f0xx_hal_cortex.o
                0x08000960                HAL_NVIC_SetPriority
 .text.HAL_NVIC_EnableIRQ
                0x080009c8       0x14 Drivers\STM32F0xx_HAL_Driver\Src\stm32f0xx_hal_cortex.o
                0x080009c8                HAL_NVIC_EnableIRQ
 .text.HAL_SYSTICK_Config
                0x080009dc       0x38 Drivers\STM32F0xx_HAL_Driver\Src\stm32f0xx_hal_cortex.o
                0x080009dc                HAL_SYSTICK_Config
 .text.HAL_SYSTICK_CLKSourceConfig
                0x08000a14       0x1c Drivers\STM32F0xx_HAL_Driver\Src\stm32f0xx_hal_cortex.o
                0x08000a14                HAL_SYSTICK_CLKSourceConfig
 .text.HAL_SYSTICK_Callback
                0x08000a30        0x4 Drivers\STM32F0xx_HAL_Driver\Src\stm32f0xx_hal_cortex.o
                0x08000a30                HAL_SYSTICK_Callback
 .text.HAL_SYSTICK_IRQHandler
                0x08000a34        0x8 Drivers\STM32F0xx_HAL_Driver\Src\stm32f0xx_hal_cortex.o
                0x08000a34                HAL_SYSTICK_IRQHandler
 .text.HAL_DMA_Init
                0x08000a3c       0x70 Drivers\STM32F0xx_HAL_Driver\Src\stm32f0xx_hal_dma.o
                0x08000a3c                HAL_DMA_Init
 .text.HAL_DMA_Start_IT
                0x08000aac       0x78 Drivers\STM32F0xx_HAL_Driver\Src\stm32f0xx_hal_dma.o
                0x08000aac                HAL_DMA_Start_IT
 .text.HAL_DMA_IRQHandler
                0x08000b24       0x9c Drivers\STM32F0xx_HAL_Driver\Src\stm32f0xx_hal_dma.o
                0x08000b24                HAL_DMA_IRQHandler
 .text.HAL_FLASH_Program
                0x08000bc0      0x1bc Drivers\STM32F0xx_HAL_Driver\Src\stm32f0xx_hal_flash.o
                0x08000bc0                HAL_FLASH_Program
 .text.HAL_FLASH_Unlock
                0x08000d7c       0x24 Drivers\STM32F0xx_HAL_Driver\Src\stm32f0xx_hal_flash.o
                0x08000d7c                HAL_FLASH_Unlock
 .text.FLASH_WaitForLastOperation
                0x08000da0       0x94 Drivers\STM32F0xx_HAL_Driver\Src\stm32f0xx_hal_flash.o
                0x08000da0                FLASH_WaitForLastOperation
 .text.HAL_FLASHEx_Erase
                0x08000e34       0xd4 Drivers\STM32F0xx_HAL_Driver\Src\stm32f0xx_hal_flash_ex.o
                0x08000e34                HAL_FLASHEx_Erase
 .text.HAL_GPIO_Init
                0x08000f08      0x1c8 Drivers\STM32F0xx_HAL_Driver\Src\stm32f0xx_hal_gpio.o
                0x08000f08                HAL_GPIO_Init
 .text.HAL_GPIO_ReadPin
                0x080010d0        0xc Drivers\STM32F0xx_HAL_Driver\Src\stm32f0xx_hal_gpio.o
                0x080010d0                HAL_GPIO_ReadPin
 .text.HAL_IWDG_Init
                0x080010dc       0x5c Drivers\STM32F0xx_HAL_Driver\Src\stm32f0xx_hal_iwdg.o
                0x080010dc                HAL_IWDG_Init
 .text.HAL_IWDG_Refresh
                0x08001138       0x10 Drivers\STM32F0xx_HAL_Driver\Src\stm32f0xx_hal_iwdg.o
                0x08001138                HAL_IWDG_Refresh
 .text.HAL_RCC_OscConfig
                0x08001148      0x470 Drivers\STM32F0xx_HAL_Driver\Src\stm32f0xx_hal_rcc.o
                0x08001148                HAL_RCC_OscConfig
 .text.HAL_RCC_ClockConfig
                0x080015b8      0x1a4 Drivers\STM32F0xx_HAL_Driver\Src\stm32f0xx_hal_rcc.o
                0x080015b8                HAL_RCC_ClockConfig
 .text.HAL_RCC_GetHCLKFreq
                0x0800175c        0xc Drivers\STM32F0xx_HAL_Driver\Src\stm32f0xx_hal_rcc.o
                0x0800175c                HAL_RCC_GetHCLKFreq
 .text.HAL_TIM_Base_Init
                0x08001768       0xf0 Drivers\STM32F0xx_HAL_Driver\Src\stm32f0xx_hal_tim.o
                0x08001768                HAL_TIM_Base_Init
 .text.HAL_TIM_Base_Start
                0x08001858       0x18 Drivers\STM32F0xx_HAL_Driver\Src\stm32f0xx_hal_tim.o
                0x08001858                HAL_TIM_Base_Start
 .text.HAL_TIM_Base_Stop
                0x08001870       0x34 Drivers\STM32F0xx_HAL_Driver\Src\stm32f0xx_hal_tim.o
                0x08001870                HAL_TIM_Base_Stop
 .text.HAL_TIM_Base_Start_IT
                0x080018a4       0x14 Drivers\STM32F0xx_HAL_Driver\Src\stm32f0xx_hal_tim.o
                0x080018a4                HAL_TIM_Base_Start_IT
 .text.HAL_TIM_OC_Start_IT
                0x080018b8       0x88 Drivers\STM32F0xx_HAL_Driver\Src\stm32f0xx_hal_tim.o
                0x080018b8                HAL_TIM_OC_Start_IT
 .text.HAL_TIM_PWM_MspInit
                0x08001940        0x4 Drivers\STM32F0xx_HAL_Driver\Src\stm32f0xx_hal_tim.o
                0x08001940                HAL_TIM_PWM_MspInit
 .text.HAL_TIM_PWM_Init
                0x08001944       0xf0 Drivers\STM32F0xx_HAL_Driver\Src\stm32f0xx_hal_tim.o
                0x08001944                HAL_TIM_PWM_Init
 .text.HAL_TIM_PWM_Start
                0x08001a34       0x54 Drivers\STM32F0xx_HAL_Driver\Src\stm32f0xx_hal_tim.o
                0x08001a34                HAL_TIM_PWM_Start
 .text.HAL_TIM_IC_MspInit
                0x08001a88        0x4 Drivers\STM32F0xx_HAL_Driver\Src\stm32f0xx_hal_tim.o
                0x08001a88                HAL_TIM_IC_MspInit
 .text.HAL_TIM_IC_Init
                0x08001a8c       0xf0 Drivers\STM32F0xx_HAL_Driver\Src\stm32f0xx_hal_tim.o
                0x08001a8c                HAL_TIM_IC_Init
 .text.HAL_TIM_IC_Start_DMA
                0x08001b7c       0xe8 Drivers\STM32F0xx_HAL_Driver\Src\stm32f0xx_hal_tim.o
                0x08001b7c                HAL_TIM_IC_Start_DMA
 .text.HAL_TIM_IC_Stop_DMA
                0x08001c64       0x90 Drivers\STM32F0xx_HAL_Driver\Src\stm32f0xx_hal_tim.o
                0x08001c64                HAL_TIM_IC_Stop_DMA
 .text.HAL_TIM_IC_ConfigChannel
                0x08001cf4      0x1bc Drivers\STM32F0xx_HAL_Driver\Src\stm32f0xx_hal_tim.o
                0x08001cf4                HAL_TIM_IC_ConfigChannel
 .text.HAL_TIM_PWM_ConfigChannel
                0x08001eb0      0x26c Drivers\STM32F0xx_HAL_Driver\Src\stm32f0xx_hal_tim.o
                0x08001eb0                HAL_TIM_PWM_ConfigChannel
 .text.HAL_TIM_ConfigClockSource
                0x0800211c      0x188 Drivers\STM32F0xx_HAL_Driver\Src\stm32f0xx_hal_tim.o
                0x0800211c                HAL_TIM_ConfigClockSource
 .text.HAL_TIM_SlaveConfigSynchronization
                0x080022a4       0xe8 Drivers\STM32F0xx_HAL_Driver\Src\stm32f0xx_hal_tim.o
                0x080022a4                HAL_TIM_SlaveConfigSynchronization
 .text.HAL_TIM_OC_DelayElapsedCallback
                0x0800238c        0x4 Drivers\STM32F0xx_HAL_Driver\Src\stm32f0xx_hal_tim.o
                0x0800238c                HAL_TIM_OC_DelayElapsedCallback
 .text.HAL_TIM_IC_CaptureCallback
                0x08002390        0x4 Drivers\STM32F0xx_HAL_Driver\Src\stm32f0xx_hal_tim.o
                0x08002390                HAL_TIM_IC_CaptureCallback
 .text.TIM_DMACaptureCplt
                0x08002394       0x40 Drivers\STM32F0xx_HAL_Driver\Src\stm32f0xx_hal_tim.o
                0x08002394                TIM_DMACaptureCplt
 .text.HAL_TIM_PWM_PulseFinishedCallback
                0x080023d4        0x4 Drivers\STM32F0xx_HAL_Driver\Src\stm32f0xx_hal_tim.o
                0x080023d4                HAL_TIM_PWM_PulseFinishedCallback
 .text.HAL_TIM_TriggerCallback
                0x080023d8        0x4 Drivers\STM32F0xx_HAL_Driver\Src\stm32f0xx_hal_tim.o
                0x080023d8                HAL_TIM_TriggerCallback
 .text.HAL_TIM_IRQHandler
                0x080023dc      0x158 Drivers\STM32F0xx_HAL_Driver\Src\stm32f0xx_hal_tim.o
                0x080023dc                HAL_TIM_IRQHandler
 .text.HAL_TIM_ErrorCallback
                0x08002534        0x4 Drivers\STM32F0xx_HAL_Driver\Src\stm32f0xx_hal_tim.o
                0x08002534                HAL_TIM_ErrorCallback
 .text.TIM_DMAError
                0x08002538       0x10 Drivers\STM32F0xx_HAL_Driver\Src\stm32f0xx_hal_tim.o
                0x08002538                TIM_DMAError
 .text.HAL_TIMEx_PWMN_Start
                0x08002548       0x28 Drivers\STM32F0xx_HAL_Driver\Src\stm32f0xx_hal_tim_ex.o
                0x08002548                HAL_TIMEx_PWMN_Start
 .text.HAL_TIMEx_MasterConfigSynchronization
                0x08002570       0x40 Drivers\STM32F0xx_HAL_Driver\Src\stm32f0xx_hal_tim_ex.o
                0x08002570                HAL_TIMEx_MasterConfigSynchronization
 .text.HAL_TIMEx_ConfigBreakDeadTime
                0x080025b0       0x78 Drivers\STM32F0xx_HAL_Driver\Src\stm32f0xx_hal_tim_ex.o
                0x080025b0                HAL_TIMEx_ConfigBreakDeadTime
 .text.HAL_TIMEx_CommutationCallback
                0x08002628        0x4 Drivers\STM32F0xx_HAL_Driver\Src\stm32f0xx_hal_tim_ex.o
                0x08002628                HAL_TIMEx_CommutationCallback
 .text.HAL_TIMEx_BreakCallback
                0x0800262c        0x4 Drivers\STM32F0xx_HAL_Driver\Src\stm32f0xx_hal_tim_ex.o
                0x0800262c                HAL_TIMEx_BreakCallback
 .text.LL_GPIO_Init
                0x08002630      0x108 Drivers\STM32F0xx_HAL_Driver\Src\stm32f0xx_ll_gpio.o
                0x08002630                LL_GPIO_Init
 .text.EE_Init  0x08002738      0x3e8 Src\eeprom.o
                0x08002738                EE_Init
 .text.EE_ReadVariable
                0x08002b20       0x70 Src\eeprom.o
                0x08002b20                EE_ReadVariable
 .text.EE_WriteVariable
                0x08002b90      0x25c Src\eeprom.o
                0x08002b90                EE_WriteVariable
 .text.storeEEpromConfig
                0x08002dec       0x34 Src\main.o
                0x08002dec                storeEEpromConfig
 .text.loadEEpromConfig
                0x08002e20       0x6c Src\main.o
                0x08002e20                loadEEpromConfig
 .text.phaseBPWM
                0x08002e8c       0x54 Src\main.o
                0x08002e8c                phaseBPWM
 .text.phaseCPWM
                0x08002ee0       0x60 Src\main.o
                0x08002ee0                phaseCPWM
 .text.phaseAPWM
                0x08002f40       0x54 Src\main.o
                0x08002f40                phaseAPWM
 .text.comStep  0x08002f94      0x2e8 Src\main.o
                0x08002f94                comStep
 .text.allOff   0x0800327c       0x88 Src\main.o
                0x0800327c                allOff
 .text.fullBrake
                0x08003304       0x88 Src\main.o
                0x08003304                fullBrake
 .text.commutate
                0x0800338c      0x124 Src\main.o
                0x0800338c                commutate
 .text.HAL_TIM_PeriodElapsedCallback
                0x080034b0       0x58 Src\main.o
                0x080034b0                HAL_TIM_PeriodElapsedCallback
 .text.startMotor
                0x08003508      0x1d4 Src\main.o
                0x08003508                startMotor
 .text.HAL_COMP_TriggerCallback
                0x080036dc      0x15c Src\main.o
                0x080036dc                HAL_COMP_TriggerCallback
 .text.playStartupTune
                0x08003838      0x154 Src\main.o
                0x08003838                playStartupTune
 .text.playInputTune
                0x0800398c      0x148 Src\main.o
                0x0800398c                playInputTune
 .text.HAL_ADC_ConvCpltCallback
                0x08003ad4       0x1c Src\main.o
                0x08003ad4                HAL_ADC_ConvCpltCallback
 .text.detectInput
                0x08003af0      0x17c Src\main.o
                0x08003af0                detectInput
 .text.computeProshotDMA
                0x08003c6c       0xf4 Src\main.o
                0x08003c6c                computeProshotDMA
 .text.computeServoInput
                0x08003d60       0xc8 Src\main.o
                0x08003d60                computeServoInput
 .text.transferComplete
                0x08003e28      0x1a0 Src\main.o
                0x08003e28                transferComplete
 .text.SystemClock_Config
                0x08003fc8       0x70 Src\main.o
                0x08003fc8                SystemClock_Config
 .text.startup.main
                0x08004038      0xbd0 Src\main.o
                0x08004038                main
 .text._Error_Handler
                0x08004c08        0x4 Src\main.o
                0x08004c08                _Error_Handler
 .text.HAL_MspInit
                0x08004c0c       0x44 Src\stm32f0xx_hal_msp.o
                0x08004c0c                HAL_MspInit
 .text.HAL_ADC_MspInit
                0x08004c50       0x98 Src\stm32f0xx_hal_msp.o
                0x08004c50                HAL_ADC_MspInit
 .text.HAL_COMP_MspInit
                0x08004ce8       0x3c Src\stm32f0xx_hal_msp.o
                0x08004ce8                HAL_COMP_MspInit
 .text.HAL_TIM_Base_MspInit
                0x08004d24      0x120 Src\stm32f0xx_hal_msp.o
                0x08004d24                HAL_TIM_Base_MspInit
 .text.HAL_TIM_MspPostInit
                0x08004e44       0x4c Src\stm32f0xx_hal_msp.o
                0x08004e44                HAL_TIM_MspPostInit
 .text.NMI_Handler
                0x08004e90        0x4 Src\stm32f0xx_it.o
                0x08004e90                NMI_Handler
 .text.HardFault_Handler
                0x08004e94        0x4 Src\stm32f0xx_it.o
                0x08004e94                HardFault_Handler
 .text.SVC_Handler
                0x08004e98        0x4 Src\stm32f0xx_it.o
                0x08004e98                SVC_Handler
 .text.PendSV_Handler
                0x08004e9c        0x4 Src\stm32f0xx_it.o
                0x08004e9c                PendSV_Handler
 .text.SysTick_Handler
                0x08004ea0        0xc Src\stm32f0xx_it.o
                0x08004ea0                SysTick_Handler
 .text.DMA1_Channel1_IRQHandler
                0x08004eac       0x10 Src\stm32f0xx_it.o
                0x08004eac                DMA1_Channel1_IRQHandler
 .text.DMA1_Channel4_5_IRQHandler
                0x08004ebc       0x1c Src\stm32f0xx_it.o
                0x08004ebc                DMA1_Channel4_5_IRQHandler
 .text.ADC1_COMP_IRQHandler
                0x08004ed8       0x18 Src\stm32f0xx_it.o
                0x08004ed8                ADC1_COMP_IRQHandler
 .text.TIM16_IRQHandler
                0x08004ef0       0x10 Src\stm32f0xx_it.o
                0x08004ef0                TIM16_IRQHandler
 .text.SystemInit
                0x08004f00       0x60 Src\system_stm32f0xx.o
                0x08004f00                SystemInit
 .text.Reset_Handler
                0x08004f60       0x50 startup\startup_stm32f051x8.o
                0x08004f60                Reset_Handler
 .text.Default_Handler
                0x08004fb0        0x2 startup\startup_stm32f051x8.o
                0x08004fb0                TIM1_CC_IRQHandler
                0x08004fb0                TSC_IRQHandler
                0x08004fb0                PVD_IRQHandler
                0x08004fb0                I2C1_IRQHandler
                0x08004fb0                RCC_CRS_IRQHandler
                0x08004fb0                SPI1_IRQHandler
                0x08004fb0                TIM6_DAC_IRQHandler
                0x08004fb0                EXTI2_3_IRQHandler
                0x08004fb0                I2C2_IRQHandler
                0x08004fb0                TIM17_IRQHandler
                0x08004fb0                CEC_CAN_IRQHandler
                0x08004fb0                RTC_IRQHandler
                0x08004fb0                TIM3_IRQHandler
                0x08004fb0                EXTI4_15_IRQHandler
                0x08004fb0                Default_Handler
                0x08004fb0                TIM14_IRQHandler
                0x08004fb0                TIM15_IRQHandler
                0x08004fb0                EXTI0_1_IRQHandler
                0x08004fb0                SPI2_IRQHandler
                0x08004fb0                WWDG_IRQHandler
                0x08004fb0                TIM2_IRQHandler
                0x08004fb0                DMA1_Channel2_3_IRQHandler
                0x08004fb0                USART2_IRQHandler
                0x08004fb0                FLASH_IRQHandler
                0x08004fb0                USART1_IRQHandler
                0x08004fb0                TIM1_BRK_UP_TRG_COM_IRQHandler
 *fill*         0x08004fb2        0x2 
 .text.__libc_init_array
                0x08004fb4       0x48 c:/program files (x86)/atollic/truestudio for stm32 9.0.0/armtools/bin/../lib/gcc/arm-atollic-eabi/6.3.1/../../../../arm-atollic-eabi/lib/armv6-m\libc_nano.a(lib_a-init.o)
                0x08004fb4                __libc_init_array
 .text.memset   0x08004ffc       0x10 c:/program files (x86)/atollic/truestudio for stm32 9.0.0/armtools/bin/../lib/gcc/arm-atollic-eabi/6.3.1/../../../../arm-atollic-eabi/lib/armv6-m\libc_nano.a(lib_a-memset.o)
                0x08004ffc                memset
 *(.glue_7)
 .glue_7        0x0800500c        0x0 linker stubs
 *(.glue_7t)
 .glue_7t       0x0800500c        0x0 linker stubs
 *(.eh_frame)
 .eh_frame      0x0800500c        0x0 c:/program files (x86)/atollic/truestudio for stm32 9.0.0/armtools/bin/../lib/gcc/arm-atollic-eabi/6.3.1/armv6-m/crtbegin.o
 *(.init)
 .init          0x0800500c        0x4 c:/program files (x86)/atollic/truestudio for stm32 9.0.0/armtools/bin/../lib/gcc/arm-atollic-eabi/6.3.1/armv6-m/crti.o
                0x0800500c                _init
 .init          0x08005010        0x8 c:/program files (x86)/atollic/truestudio for stm32 9.0.0/armtools/bin/../lib/gcc/arm-atollic-eabi/6.3.1/armv6-m/crtn.o
 *(.fini)
 .fini          0x08005018        0x4 c:/program files (x86)/atollic/truestudio for stm32 9.0.0/armtools/bin/../lib/gcc/arm-atollic-eabi/6.3.1/armv6-m/crti.o
                0x08005018                _fini
 .fini          0x0800501c        0x8 c:/program files (x86)/atollic/truestudio for stm32 9.0.0/armtools/bin/../lib/gcc/arm-atollic-eabi/6.3.1/armv6-m/crtn.o
                0x08005024                . = ALIGN (0x4)
                0x08005024                _etext = .

.vfp11_veneer   0x08005024        0x0
 .vfp11_veneer  0x08005024        0x0 linker stubs

.v4_bx          0x08005024        0x0
 .v4_bx         0x08005024        0x0 linker stubs

.iplt           0x08005024        0x0
 .iplt          0x08005024        0x0 c:/program files (x86)/atollic/truestudio for stm32 9.0.0/armtools/bin/../lib/gcc/arm-atollic-eabi/6.3.1/armv6-m/crtbegin.o

.rodata         0x08005024       0x68
                0x08005024                . = ALIGN (0x4)
 *(.rodata)
 .rodata        0x08005024       0x20 Drivers\STM32F0xx_HAL_Driver\Src\stm32f0xx_hal_rcc.o
 *(.rodata*)
 .rodata.comStep
                0x08005044       0x1c Src\main.o
 .rodata.HAL_ADC_MspInit.str1.4
                0x08005060       0x1c Src\stm32f0xx_hal_msp.o
                                 0x1b (size before relaxing)
 .rodata.AHBPrescTable
                0x0800507c       0x10 Src\system_stm32f0xx.o
                0x0800507c                AHBPrescTable
                0x0800508c                . = ALIGN (0x4)

.rel.dyn        0x0800508c        0x0
 .rel.iplt      0x0800508c        0x0 c:/program files (x86)/atollic/truestudio for stm32 9.0.0/armtools/bin/../lib/gcc/arm-atollic-eabi/6.3.1/armv6-m/crtbegin.o

.ARM.extab
 *(.ARM.extab* .gnu.linkonce.armextab.*)

.ARM            0x0800508c        0x0
                0x0800508c                __exidx_start = .
 *(.ARM.exidx*)
                0x0800508c                __exidx_end = .

.preinit_array  0x0800508c        0x0
                0x0800508c                PROVIDE (__preinit_array_start, .)
 *(.preinit_array*)
                0x0800508c                PROVIDE (__preinit_array_end, .)

.init_array     0x0800508c        0x4
                0x0800508c                PROVIDE (__init_array_start, .)
 *(SORT(.init_array.*))
 *(.init_array*)
 .init_array    0x0800508c        0x4 c:/program files (x86)/atollic/truestudio for stm32 9.0.0/armtools/bin/../lib/gcc/arm-atollic-eabi/6.3.1/armv6-m/crtbegin.o
                0x08005090                PROVIDE (__init_array_end, .)

.fini_array     0x08005090        0x4
                [!provide]                PROVIDE (__fini_array_start, .)
 *(SORT(.fini_array.*))
 *(.fini_array*)
 .fini_array    0x08005090        0x4 c:/program files (x86)/atollic/truestudio for stm32 9.0.0/armtools/bin/../lib/gcc/arm-atollic-eabi/6.3.1/armv6-m/crtbegin.o
                [!provide]                PROVIDE (__fini_array_end, .)
                0x08005094                _sidata = LOADADDR (.data)

.data           0x20000000       0x58 load address 0x08005094
                0x20000000                . = ALIGN (0x4)
                0x20000000                _sdata = .
 *(.data)
 *(.data*)
 .data.IC_buffer_size
                0x20000000        0x4 Src\main.o
                0x20000000                IC_buffer_size
 .data.VirtAddVarTab
                0x20000004        0x6 Src\main.o
                0x20000004                VirtAddVarTab
 *fill*         0x2000000a        0x2 
 .data.advance_multiplier
                0x2000000c        0x4 Src\main.o
                0x2000000c                advance_multiplier
 .data.brake    0x20000010        0x4 Src\main.o
                0x20000010                brake
 .data.duty_cycle
                0x20000014        0x4 Src\main.o
                0x20000014                duty_cycle
 .data.filter_level
                0x20000018        0x1 Src\main.o
                0x20000018                filter_level
 *fill*         0x20000019        0x3 
 .data.forward  0x2000001c        0x4 Src\main.o
                0x2000001c                forward
 .data.input_buffer_size
                0x20000020        0x4 Src\main.o
                0x20000020                input_buffer_size
 .data.max_servo_deviation
                0x20000024        0x4 Src\main.o
                0x20000024                max_servo_deviation
 .data.prop_brake_strength
                0x20000028        0x4 Src\main.o
                0x20000028                prop_brake_strength
 .data.rising   0x2000002c        0x4 Src\main.o
                0x2000002c                rising
 .data.signal_timeout_threshold
                0x20000030        0x4 Src\main.o
                0x20000030                signal_timeout_threshold
 .data.slow_decay
                0x20000034        0x1 Src\main.o
                0x20000034                slow_decay
 *fill*         0x20000035        0x3 
 .data.smallestnumber
                0x20000038        0x4 Src\main.o
                0x20000038                smallestnumber
 .data.start_power
                0x2000003c        0x4 Src\main.o
                0x2000003c                start_power
 .data.step     0x20000040        0x4 Src\main.o
                0x20000040                step
 .data.threshold
                0x20000044        0x4 Src\main.o
                0x20000044                threshold
 .data.upthreshold
                0x20000048        0x4 Src\main.o
                0x20000048                upthreshold
 .data.vehicle_mode
                0x2000004c        0x1 Src\main.o
                0x2000004c                vehicle_mode
 *fill*         0x2000004d        0x3 
 .data.zc_timeout_threshold
                0x20000050        0x4 Src\main.o
                0x20000050                zc_timeout_threshold
 .data.SystemCoreClock
                0x20000054        0x4 Src\system_stm32f0xx.o
                0x20000054                SystemCoreClock
                0x20000058                . = ALIGN (0x4)
                0x20000058                _edata = .

.igot.plt       0x20000058        0x0 load address 0x080050ec
 .igot.plt      0x20000058        0x0 c:/program files (x86)/atollic/truestudio for stm32 9.0.0/armtools/bin/../lib/gcc/arm-atollic-eabi/6.3.1/armv6-m/crtbegin.o
                0x20000058                . = ALIGN (0x4)

.bss            0x20000058      0x47c load address 0x080050ec
                0x20000058                _sbss = .
                0x20000058                __bss_start__ = _sbss
 *(.bss)
 .bss           0x20000058       0x1c c:/program files (x86)/atollic/truestudio for stm32 9.0.0/armtools/bin/../lib/gcc/arm-atollic-eabi/6.3.1/armv6-m/crtbegin.o
 *(.bss*)
 .bss.DataVar   0x20000074        0x2 Src\eeprom.o
                0x20000074                DataVar
 *fill*         0x20000076        0x2 
 .bss.ADC1ConvertedValues
                0x20000078        0x8 Src\main.o
                0x20000078                ADC1ConvertedValues
 .bss.VarDataTab
                0x20000080        0x6 Src\main.o
                0x20000080                VarDataTab
 *fill*         0x20000086        0x2 
 .bss.advance   0x20000088        0x4 Src\main.o
                0x20000088                advance
 .bss.armed     0x2000008c        0x1 Src\main.o
                0x2000008c                armed
 *fill*         0x2000008d        0x3 
 .bss.armedcount
                0x20000090        0x4 Src\main.o
                0x20000090                armedcount
 .bss.bad_commutation
                0x20000094        0x1 Src\main.o
                0x20000094                bad_commutation
 *fill*         0x20000095        0x3 
 .bss.bi_direction
                0x20000098        0x4 Src\main.o
                0x20000098                bi_direction
 .bss.commandcount
                0x2000009c        0x4 Src\main.o
                0x2000009c                commandcount
 .bss.commutation_interval
                0x200000a0        0x4 Src\main.o
                0x200000a0                commutation_interval
 .bss.compit    0x200000a4        0x1 Src\main.o
                0x200000a4                compit
 *fill*         0x200000a5        0x3 
 .bss.count     0x200000a8        0x4 Src\main.o
                0x200000a8                count
 .bss.currentraw
                0x200000ac        0x4 Src\main.o
                0x200000ac                currentraw
 .bss.dir_reversed
                0x200000b0        0x4 Src\main.o
                0x200000b0                dir_reversed
 .bss.dshot     0x200000b4        0x1 Src\main.o
                0x200000b4                dshot
 *fill*         0x200000b5        0x3 
 .bss.dshotcommand
                0x200000b8        0x4 Src\main.o
                0x200000b8                dshotcommand
 .bss.error     0x200000bc        0x4 Src\main.o
                0x200000bc                error
 .bss.forcedcomcount
                0x200000c0        0x4 Src\main.o
                0x200000c0                forcedcomcount
 .bss.input     0x200000c4        0x4 Src\main.o
                0x200000c4                input
 .bss.inputSet  0x200000c8        0x1 Src\main.o
                0x200000c8                inputSet
 .bss.multishot
                0x200000c9        0x1 Src\main.o
                0x200000c9                multishot
 *fill*         0x200000ca        0x2 
 .bss.newinput  0x200000cc        0x4 Src\main.o
                0x200000cc                newinput
 .bss.oneshot125
                0x200000d0        0x1 Src\main.o
                0x200000d0                oneshot125
 .bss.oneshot42
                0x200000d1        0x1 Src\main.o
                0x200000d1                oneshot42
 .bss.prop_brake
                0x200000d2        0x1 Src\main.o
                0x200000d2                prop_brake
 .bss.prop_brake_active
                0x200000d3        0x1 Src\main.o
                0x200000d3                prop_brake_active
 .bss.propulse  0x200000d4       0x10 Src\main.o
                0x200000d4                propulse
 .bss.proshot   0x200000e4        0x1 Src\main.o
                0x200000e4                proshot
 *fill*         0x200000e5        0x3 
 .bss.running   0x200000e8        0x4 Src\main.o
                0x200000e8                running
 .bss.sensorless
                0x200000ec        0x4 Src\main.o
                0x200000ec                sensorless
 .bss.servoPwm  0x200000f0        0x1 Src\main.o
                0x200000f0                servoPwm
 *fill*         0x200000f1        0x3 
 .bss.servorawinput
                0x200000f4        0x4 Src\main.o
                0x200000f4                servorawinput
 .bss.signaltimeout
                0x200000f8        0x4 Src\main.o
                0x200000f8                signaltimeout
 .bss.startcount
                0x200000fc        0x4 Src\main.o
                0x200000fc                startcount
 .bss.started   0x20000100        0x4 Src\main.o
                0x20000100                started
 .bss.startupcountdown
                0x20000104        0x4 Src\main.o
                0x20000104                startupcountdown
 .bss.tempbrake
                0x20000108        0x4 Src\main.o
                0x20000108                tempbrake
 .bss.tempraw   0x2000010c        0x4 Src\main.o
                0x2000010c                tempraw
 .bss.thiszctime
                0x20000110        0x4 Src\main.o
                0x20000110                thiszctime
 .bss.tocheck   0x20000114        0x4 Src\main.o
                0x20000114                tocheck
 .bss.waitTime  0x20000118        0x4 Src\main.o
                0x20000118                waitTime
 .bss.zctimeout
                0x2000011c        0x4 Src\main.o
                0x2000011c                zctimeout
 *(COMMON)
 COMMON         0x20000120        0x4 Drivers\STM32F0xx_HAL_Driver\Src\stm32f0xx_hal.o
                0x20000120                uwTick
 *fill*         0x20000124        0x4 
 COMMON         0x20000128       0x20 Drivers\STM32F0xx_HAL_Driver\Src\stm32f0xx_hal_flash.o
                0x20000128                pFlash
 COMMON         0x20000148      0x38c Src\main.o
                0x20000148                degree_time
                0x2000014c                temp_step
                0x20000150                extiline
                0x20000154                timestamp
                0x20000158                htim15
                0x20000198                calcCRC
                0x2000019c                hiwdg
                0x200001ac                checkCRC
                0x200001b0                control_loop_count
                0x200001b4                VarValue
                0x200001b8                hcomp1
                0x200001e4                htim3
                0x20000224                VarDataTmp
                0x20000228                bemf_counts
                0x2000022c                dma_buffer
                0x2000032c                blanktime
                0x20000330                hdma_tim15_ch1_up_trig_com
                0x20000374                htim1
                0x200003b4                k_erpm
                0x200003b8                htim2
                0x200003f8                ee_status
                0x200003fc                adjusted_input
                0x20000400                total
                0x20000404                hdma_adc
                0x20000448                hadc
                0x20000494                htim16
                0x200004d4                . = ALIGN (0x4)
                0x200004d4                _ebss = .
                0x200004d4                __bss_end__ = _ebss

._user_heap_stack
                0x200004d4      0x600 load address 0x080050ec
                0x200004d4                . = ALIGN (0x4)
                [!provide]                PROVIDE (end, .)
                [!provide]                PROVIDE (_end, .)
                0x200006d4                . = (. + _Min_Heap_Size)
 *fill*         0x200004d4      0x200 
                0x20000ad4                . = (. + _Min_Stack_Size)
 *fill*         0x200006d4      0x400 
                0x20000ad4                . = ALIGN (0x4)

/DISCARD/
 libc.a(*)
 libm.a(*)
 libgcc.a(*)

.ARM.attributes
                0x00000000       0x28
 *(.ARM.attributes)
 .ARM.attributes
                0x00000000       0x1e c:/program files (x86)/atollic/truestudio for stm32 9.0.0/armtools/bin/../lib/gcc/arm-atollic-eabi/6.3.1/armv6-m/crti.o
 .ARM.attributes
                0x0000001e       0x2c c:/program files (x86)/atollic/truestudio for stm32 9.0.0/armtools/bin/../lib/gcc/arm-atollic-eabi/6.3.1/armv6-m/crtbegin.o
 .ARM.attributes
                0x0000004a       0x2d Drivers\STM32F0xx_HAL_Driver\Src\stm32f0xx_hal.o
 .ARM.attributes
                0x00000077       0x2d Drivers\STM32F0xx_HAL_Driver\Src\stm32f0xx_hal_adc.o
 .ARM.attributes
                0x000000a4       0x2d Drivers\STM32F0xx_HAL_Driver\Src\stm32f0xx_hal_comp.o
 .ARM.attributes
                0x000000d1       0x2d Drivers\STM32F0xx_HAL_Driver\Src\stm32f0xx_hal_cortex.o
 .ARM.attributes
                0x000000fe       0x2d Drivers\STM32F0xx_HAL_Driver\Src\stm32f0xx_hal_dma.o
 .ARM.attributes
                0x0000012b       0x2d Drivers\STM32F0xx_HAL_Driver\Src\stm32f0xx_hal_flash.o
 .ARM.attributes
                0x00000158       0x2d Drivers\STM32F0xx_HAL_Driver\Src\stm32f0xx_hal_flash_ex.o
 .ARM.attributes
                0x00000185       0x2d Drivers\STM32F0xx_HAL_Driver\Src\stm32f0xx_hal_gpio.o
 .ARM.attributes
                0x000001b2       0x2d Drivers\STM32F0xx_HAL_Driver\Src\stm32f0xx_hal_iwdg.o
 .ARM.attributes
                0x000001df       0x2d Drivers\STM32F0xx_HAL_Driver\Src\stm32f0xx_hal_rcc.o
 .ARM.attributes
                0x0000020c       0x2d Drivers\STM32F0xx_HAL_Driver\Src\stm32f0xx_hal_tim.o
 .ARM.attributes
                0x00000239       0x2d Drivers\STM32F0xx_HAL_Driver\Src\stm32f0xx_hal_tim_ex.o
 .ARM.attributes
                0x00000266       0x2d Drivers\STM32F0xx_HAL_Driver\Src\stm32f0xx_ll_gpio.o
 .ARM.attributes
                0x00000293       0x2d Src\eeprom.o
 .ARM.attributes
                0x000002c0       0x2d Src\main.o
 .ARM.attributes
                0x000002ed       0x2d Src\stm32f0xx_hal_msp.o
 .ARM.attributes
                0x0000031a       0x2d Src\stm32f0xx_it.o
 .ARM.attributes
                0x00000347       0x2d Src\system_stm32f0xx.o
 .ARM.attributes
                0x00000374       0x21 startup\startup_stm32f051x8.o
 .ARM.attributes
                0x00000395       0x2c c:/program files (x86)/atollic/truestudio for stm32 9.0.0/armtools/bin/../lib/gcc/arm-atollic-eabi/6.3.1/../../../../arm-atollic-eabi/lib/armv6-m\libc_nano.a(lib_a-init.o)
 .ARM.attributes
                0x000003c1       0x2c c:/program files (x86)/atollic/truestudio for stm32 9.0.0/armtools/bin/../lib/gcc/arm-atollic-eabi/6.3.1/../../../../arm-atollic-eabi/lib/armv6-m\libc_nano.a(lib_a-memset.o)
 .ARM.attributes
                0x000003ed       0x1e c:/program files (x86)/atollic/truestudio for stm32 9.0.0/armtools/bin/../lib/gcc/arm-atollic-eabi/6.3.1/armv6-m\libgcc.a(_udivsi3.o)
 .ARM.attributes
                0x0000040b       0x1e c:/program files (x86)/atollic/truestudio for stm32 9.0.0/armtools/bin/../lib/gcc/arm-atollic-eabi/6.3.1/armv6-m\libgcc.a(_divsi3.o)
 .ARM.attributes
                0x00000429       0x1e c:/program files (x86)/atollic/truestudio for stm32 9.0.0/armtools/bin/../lib/gcc/arm-atollic-eabi/6.3.1/armv6-m\libgcc.a(_dvmd_tls.o)
 .ARM.attributes
                0x00000447       0x1e c:/program files (x86)/atollic/truestudio for stm32 9.0.0/armtools/bin/../lib/gcc/arm-atollic-eabi/6.3.1/armv6-m/crtn.o
OUTPUT(f051bldc.elf elf32-littlearm)

.debug_info     0x00000000    0x1ac60
 .debug_info    0x00000000      0xe92 Drivers\STM32F0xx_HAL_Driver\Src\stm32f0xx_hal.o
 .debug_info    0x00000e92     0x17a4 Drivers\STM32F0xx_HAL_Driver\Src\stm32f0xx_hal_adc.o
 .debug_info    0x00002636     0x1057 Drivers\STM32F0xx_HAL_Driver\Src\stm32f0xx_hal_comp.o
 .debug_info    0x0000368d     0x1037 Drivers\STM32F0xx_HAL_Driver\Src\stm32f0xx_hal_cortex.o
 .debug_info    0x000046c4     0x1076 Drivers\STM32F0xx_HAL_Driver\Src\stm32f0xx_hal_dma.o
 .debug_info    0x0000573a      0xfb8 Drivers\STM32F0xx_HAL_Driver\Src\stm32f0xx_hal_flash.o
 .debug_info    0x000066f2     0x130c Drivers\STM32F0xx_HAL_Driver\Src\stm32f0xx_hal_flash_ex.o
 .debug_info    0x000079fe      0xe81 Drivers\STM32F0xx_HAL_Driver\Src\stm32f0xx_hal_gpio.o
 .debug_info    0x0000887f      0xabf Drivers\STM32F0xx_HAL_Driver\Src\stm32f0xx_hal_iwdg.o
 .debug_info    0x0000933e     0x11d8 Drivers\STM32F0xx_HAL_Driver\Src\stm32f0xx_hal_rcc.o
 .debug_info    0x0000a516     0x4561 Drivers\STM32F0xx_HAL_Driver\Src\stm32f0xx_hal_tim.o
 .debug_info    0x0000ea77     0x1c0a Drivers\STM32F0xx_HAL_Driver\Src\stm32f0xx_hal_tim_ex.o
 .debug_info    0x00010681      0xf78 Drivers\STM32F0xx_HAL_Driver\Src\stm32f0xx_ll_gpio.o
 .debug_info    0x000115f9     0x16ca Src\eeprom.o
 .debug_info    0x00012cc3     0x4a4e Src\main.o
 .debug_info    0x00017711     0x1822 Src\stm32f0xx_hal_msp.o
 .debug_info    0x00018f33     0x11f1 Src\stm32f0xx_it.o
 .debug_info    0x0001a124      0xa8d Src\system_stm32f0xx.o
 .debug_info    0x0001abb1       0xaf startup\startup_stm32f051x8.o

.debug_abbrev   0x00000000     0x3674
 .debug_abbrev  0x00000000      0x2e0 Drivers\STM32F0xx_HAL_Driver\Src\stm32f0xx_hal.o
 .debug_abbrev  0x000002e0      0x33e Drivers\STM32F0xx_HAL_Driver\Src\stm32f0xx_hal_adc.o
 .debug_abbrev  0x0000061e      0x31b Drivers\STM32F0xx_HAL_Driver\Src\stm32f0xx_hal_comp.o
 .debug_abbrev  0x00000939      0x319 Drivers\STM32F0xx_HAL_Driver\Src\stm32f0xx_hal_cortex.o
 .debug_abbrev  0x00000c52      0x2ae Drivers\STM32F0xx_HAL_Driver\Src\stm32f0xx_hal_dma.o
 .debug_abbrev  0x00000f00      0x383 Drivers\STM32F0xx_HAL_Driver\Src\stm32f0xx_hal_flash.o
 .debug_abbrev  0x00001283      0x39e Drivers\STM32F0xx_HAL_Driver\Src\stm32f0xx_hal_flash_ex.o
 .debug_abbrev  0x00001621      0x286 Drivers\STM32F0xx_HAL_Driver\Src\stm32f0xx_hal_gpio.o
 .debug_abbrev  0x000018a7      0x1f3 Drivers\STM32F0xx_HAL_Driver\Src\stm32f0xx_hal_iwdg.o
 .debug_abbrev  0x00001a9a      0x34a Drivers\STM32F0xx_HAL_Driver\Src\stm32f0xx_hal_rcc.o
 .debug_abbrev  0x00001de4      0x3c4 Drivers\STM32F0xx_HAL_Driver\Src\stm32f0xx_hal_tim.o
 .debug_abbrev  0x000021a8      0x36a Drivers\STM32F0xx_HAL_Driver\Src\stm32f0xx_hal_tim_ex.o
 .debug_abbrev  0x00002512      0x274 Drivers\STM32F0xx_HAL_Driver\Src\stm32f0xx_ll_gpio.o
 .debug_abbrev  0x00002786      0x33a Src\eeprom.o
 .debug_abbrev  0x00002ac0      0x516 Src\main.o
 .debug_abbrev  0x00002fd6      0x281 Src\stm32f0xx_hal_msp.o
 .debug_abbrev  0x00003257      0x232 Src\stm32f0xx_it.o
 .debug_abbrev  0x00003489      0x1d9 Src\system_stm32f0xx.o
 .debug_abbrev  0x00003662       0x12 startup\startup_stm32f051x8.o

.debug_loc      0x00000000     0xe2c9
 .debug_loc     0x00000000       0x7c Drivers\STM32F0xx_HAL_Driver\Src\stm32f0xx_hal.o
 .debug_loc     0x0000007c      0xd48 Drivers\STM32F0xx_HAL_Driver\Src\stm32f0xx_hal_adc.o
 .debug_loc     0x00000dc4      0x56a Drivers\STM32F0xx_HAL_Driver\Src\stm32f0xx_hal_comp.o
 .debug_loc     0x0000132e      0x409 Drivers\STM32F0xx_HAL_Driver\Src\stm32f0xx_hal_cortex.o
 .debug_loc     0x00001737      0x854 Drivers\STM32F0xx_HAL_Driver\Src\stm32f0xx_hal_dma.o
 .debug_loc     0x00001f8b      0x5b3 Drivers\STM32F0xx_HAL_Driver\Src\stm32f0xx_hal_flash.o
 .debug_loc     0x0000253e      0x738 Drivers\STM32F0xx_HAL_Driver\Src\stm32f0xx_hal_flash_ex.o
 .debug_loc     0x00002c76      0x427 Drivers\STM32F0xx_HAL_Driver\Src\stm32f0xx_hal_gpio.o
 .debug_loc     0x0000309d       0xa2 Drivers\STM32F0xx_HAL_Driver\Src\stm32f0xx_hal_iwdg.o
 .debug_loc     0x0000313f      0x60c Drivers\STM32F0xx_HAL_Driver\Src\stm32f0xx_hal_rcc.o
 .debug_loc     0x0000374b     0x5fbd Drivers\STM32F0xx_HAL_Driver\Src\stm32f0xx_hal_tim.o
 .debug_loc     0x00009708      0xf07 Drivers\STM32F0xx_HAL_Driver\Src\stm32f0xx_hal_tim_ex.o
 .debug_loc     0x0000a60f      0x503 Drivers\STM32F0xx_HAL_Driver\Src\stm32f0xx_ll_gpio.o
 .debug_loc     0x0000ab12     0x168a Src\eeprom.o
 .debug_loc     0x0000c19c     0x1e0e Src\main.o
 .debug_loc     0x0000dfaa      0x1f8 Src\stm32f0xx_hal_msp.o
 .debug_loc     0x0000e1a2      0x127 Src\system_stm32f0xx.o

.debug_aranges  0x00000000      0xa68
 .debug_aranges
                0x00000000       0xb0 Drivers\STM32F0xx_HAL_Driver\Src\stm32f0xx_hal.o
 .debug_aranges
                0x000000b0       0xc0 Drivers\STM32F0xx_HAL_Driver\Src\stm32f0xx_hal_adc.o
 .debug_aranges
                0x00000170       0x70 Drivers\STM32F0xx_HAL_Driver\Src\stm32f0xx_hal_comp.o
 .debug_aranges
                0x000001e0       0x78 Drivers\STM32F0xx_HAL_Driver\Src\stm32f0xx_hal_cortex.o
 .debug_aranges
                0x00000258       0x78 Drivers\STM32F0xx_HAL_Driver\Src\stm32f0xx_hal_dma.o
 .debug_aranges
                0x000002d0       0x70 Drivers\STM32F0xx_HAL_Driver\Src\stm32f0xx_hal_flash.o
 .debug_aranges
                0x00000340       0x50 Drivers\STM32F0xx_HAL_Driver\Src\stm32f0xx_hal_flash_ex.o
 .debug_aranges
                0x00000390       0x58 Drivers\STM32F0xx_HAL_Driver\Src\stm32f0xx_hal_gpio.o
 .debug_aranges
                0x000003e8       0x28 Drivers\STM32F0xx_HAL_Driver\Src\stm32f0xx_hal_iwdg.o
 .debug_aranges
                0x00000410       0x80 Drivers\STM32F0xx_HAL_Driver\Src\stm32f0xx_hal_rcc.o
 .debug_aranges
                0x00000490      0x248 Drivers\STM32F0xx_HAL_Driver\Src\stm32f0xx_hal_tim.o
 .debug_aranges
                0x000006d8       0xf0 Drivers\STM32F0xx_HAL_Driver\Src\stm32f0xx_hal_tim_ex.o
 .debug_aranges
                0x000007c8       0x30 Drivers\STM32F0xx_HAL_Driver\Src\stm32f0xx_ll_gpio.o
 .debug_aranges
                0x000007f8       0x30 Src\eeprom.o
 .debug_aranges
                0x00000828      0x148 Src\main.o
 .debug_aranges
                0x00000970       0x58 Src\stm32f0xx_hal_msp.o
 .debug_aranges
                0x000009c8       0x50 Src\stm32f0xx_it.o
 .debug_aranges
                0x00000a18       0x28 Src\system_stm32f0xx.o
 .debug_aranges
                0x00000a40       0x28 startup\startup_stm32f051x8.o

.debug_ranges   0x00000000     0x26b0
 .debug_ranges  0x00000000       0xa0 Drivers\STM32F0xx_HAL_Driver\Src\stm32f0xx_hal.o
 .debug_ranges  0x000000a0      0x1a0 Drivers\STM32F0xx_HAL_Driver\Src\stm32f0xx_hal_adc.o
 .debug_ranges  0x00000240      0x128 Drivers\STM32F0xx_HAL_Driver\Src\stm32f0xx_hal_comp.o
 .debug_ranges  0x00000368      0x100 Drivers\STM32F0xx_HAL_Driver\Src\stm32f0xx_hal_cortex.o
 .debug_ranges  0x00000468      0x108 Drivers\STM32F0xx_HAL_Driver\Src\stm32f0xx_hal_dma.o
 .debug_ranges  0x00000570      0x1a8 Drivers\STM32F0xx_HAL_Driver\Src\stm32f0xx_hal_flash.o
 .debug_ranges  0x00000718      0x1c0 Drivers\STM32F0xx_HAL_Driver\Src\stm32f0xx_hal_flash_ex.o
 .debug_ranges  0x000008d8       0x80 Drivers\STM32F0xx_HAL_Driver\Src\stm32f0xx_hal_gpio.o
 .debug_ranges  0x00000958       0x18 Drivers\STM32F0xx_HAL_Driver\Src\stm32f0xx_hal_iwdg.o
 .debug_ranges  0x00000970       0xe8 Drivers\STM32F0xx_HAL_Driver\Src\stm32f0xx_hal_rcc.o
 .debug_ranges  0x00000a58      0xa48 Drivers\STM32F0xx_HAL_Driver\Src\stm32f0xx_hal_tim.o
 .debug_ranges  0x000014a0      0x188 Drivers\STM32F0xx_HAL_Driver\Src\stm32f0xx_hal_tim_ex.o
 .debug_ranges  0x00001628       0xf0 Drivers\STM32F0xx_HAL_Driver\Src\stm32f0xx_ll_gpio.o
 .debug_ranges  0x00001718      0x288 Src\eeprom.o
 .debug_ranges  0x000019a0      0xbb8 Src\main.o
 .debug_ranges  0x00002558       0xe0 Src\stm32f0xx_hal_msp.o
 .debug_ranges  0x00002638       0x40 Src\stm32f0xx_it.o
 .debug_ranges  0x00002678       0x18 Src\system_stm32f0xx.o
 .debug_ranges  0x00002690       0x20 startup\startup_stm32f051x8.o

.debug_line     0x00000000     0x7c16
 .debug_line    0x00000000      0x456 Drivers\STM32F0xx_HAL_Driver\Src\stm32f0xx_hal.o
 .debug_line    0x00000456      0x8e8 Drivers\STM32F0xx_HAL_Driver\Src\stm32f0xx_hal_adc.o
 .debug_line    0x00000d3e      0x4bc Drivers\STM32F0xx_HAL_Driver\Src\stm32f0xx_hal_comp.o
 .debug_line    0x000011fa      0x431 Drivers\STM32F0xx_HAL_Driver\Src\stm32f0xx_hal_cortex.o
 .debug_line    0x0000162b      0x5cc Drivers\STM32F0xx_HAL_Driver\Src\stm32f0xx_hal_dma.o
 .debug_line    0x00001bf7      0x571 Drivers\STM32F0xx_HAL_Driver\Src\stm32f0xx_hal_flash.o
 .debug_line    0x00002168      0x563 Drivers\STM32F0xx_HAL_Driver\Src\stm32f0xx_hal_flash_ex.o
 .debug_line    0x000026cb      0x444 Drivers\STM32F0xx_HAL_Driver\Src\stm32f0xx_hal_gpio.o
 .debug_line    0x00002b0f      0x2fb Drivers\STM32F0xx_HAL_Driver\Src\stm32f0xx_hal_iwdg.o
 .debug_line    0x00002e0a      0x675 Drivers\STM32F0xx_HAL_Driver\Src\stm32f0xx_hal_rcc.o
 .debug_line    0x0000347f     0x1974 Drivers\STM32F0xx_HAL_Driver\Src\stm32f0xx_hal_tim.o
 .debug_line    0x00004df3      0x871 Drivers\STM32F0xx_HAL_Driver\Src\stm32f0xx_hal_tim_ex.o
 .debug_line    0x00005664      0x3d2 Drivers\STM32F0xx_HAL_Driver\Src\stm32f0xx_ll_gpio.o
 .debug_line    0x00005a36      0x56a Src\eeprom.o
 .debug_line    0x00005fa0     0x1177 Src\main.o
 .debug_line    0x00007117      0x482 Src\stm32f0xx_hal_msp.o
 .debug_line    0x00007599      0x363 Src\stm32f0xx_it.o
 .debug_line    0x000078fc      0x297 Src\system_stm32f0xx.o
 .debug_line    0x00007b93       0x83 startup\startup_stm32f051x8.o

.debug_str      0x00000000     0x408c
 .debug_str     0x00000000      0xa23 Drivers\STM32F0xx_HAL_Driver\Src\stm32f0xx_hal.o
                                0xabc (size before relaxing)
 .debug_str     0x00000a23      0x674 Drivers\STM32F0xx_HAL_Driver\Src\stm32f0xx_hal_adc.o
                                0xd5d (size before relaxing)
 .debug_str     0x00001097      0x1e6 Drivers\STM32F0xx_HAL_Driver\Src\stm32f0xx_hal_comp.o
                                0x929 (size before relaxing)
 .debug_str     0x0000127d      0x1d0 Drivers\STM32F0xx_HAL_Driver\Src\stm32f0xx_hal_cortex.o
                                0xac4 (size before relaxing)
 .debug_str     0x0000144d      0x238 Drivers\STM32F0xx_HAL_Driver\Src\stm32f0xx_hal_dma.o
                                0xac6 (size before relaxing)
 .debug_str     0x00001685      0x290 Drivers\STM32F0xx_HAL_Driver\Src\stm32f0xx_hal_flash.o
                                0x9b9 (size before relaxing)
 .debug_str     0x00001915      0x292 Drivers\STM32F0xx_HAL_Driver\Src\stm32f0xx_hal_flash_ex.o
                                0xab5 (size before relaxing)
 .debug_str     0x00001ba7      0x176 Drivers\STM32F0xx_HAL_Driver\Src\stm32f0xx_hal_gpio.o
                                0x8b7 (size before relaxing)
 .debug_str     0x00001d1d       0xa2 Drivers\STM32F0xx_HAL_Driver\Src\stm32f0xx_hal_iwdg.o
                                0x73e (size before relaxing)
 .debug_str     0x00001dbf      0x2e0 Drivers\STM32F0xx_HAL_Driver\Src\stm32f0xx_hal_rcc.o
                                0xa90 (size before relaxing)
 .debug_str     0x0000209f      0xf37 Drivers\STM32F0xx_HAL_Driver\Src\stm32f0xx_hal_tim.o
                               0x1832 (size before relaxing)
 .debug_str     0x00002fd6      0x50d Drivers\STM32F0xx_HAL_Driver\Src\stm32f0xx_hal_tim_ex.o
                               0x115e (size before relaxing)
 .debug_str     0x000034e3      0x171 Drivers\STM32F0xx_HAL_Driver\Src\stm32f0xx_ll_gpio.o
                                0x85e (size before relaxing)
 .debug_str     0x00003654      0x172 Src\eeprom.o
                                0x875 (size before relaxing)
 .debug_str     0x000037c6      0x78e Src\main.o
                               0x1df8 (size before relaxing)
 .debug_str     0x00003f54       0x25 Src\stm32f0xx_hal_msp.o
                                0xfdd (size before relaxing)
 .debug_str     0x00003f79       0xb9 Src\stm32f0xx_it.o
                                0xd49 (size before relaxing)
 .debug_str     0x00004032       0x5a Src\system_stm32f0xx.o
                                0x6dd (size before relaxing)

.comment        0x00000000       0x7c
 .comment       0x00000000       0x7c Drivers\STM32F0xx_HAL_Driver\Src\stm32f0xx_hal.o
                                 0x7d (size before relaxing)
 .comment       0x0000007c       0x7d Drivers\STM32F0xx_HAL_Driver\Src\stm32f0xx_hal_adc.o
 .comment       0x0000007c       0x7d Drivers\STM32F0xx_HAL_Driver\Src\stm32f0xx_hal_comp.o
 .comment       0x0000007c       0x7d Drivers\STM32F0xx_HAL_Driver\Src\stm32f0xx_hal_cortex.o
 .comment       0x0000007c       0x7d Drivers\STM32F0xx_HAL_Driver\Src\stm32f0xx_hal_dma.o
 .comment       0x0000007c       0x7d Drivers\STM32F0xx_HAL_Driver\Src\stm32f0xx_hal_flash.o
 .comment       0x0000007c       0x7d Drivers\STM32F0xx_HAL_Driver\Src\stm32f0xx_hal_flash_ex.o
 .comment       0x0000007c       0x7d Drivers\STM32F0xx_HAL_Driver\Src\stm32f0xx_hal_gpio.o
 .comment       0x0000007c       0x7d Drivers\STM32F0xx_HAL_Driver\Src\stm32f0xx_hal_iwdg.o
 .comment       0x0000007c       0x7d Drivers\STM32F0xx_HAL_Driver\Src\stm32f0xx_hal_rcc.o
 .comment       0x0000007c       0x7d Drivers\STM32F0xx_HAL_Driver\Src\stm32f0xx_hal_tim.o
 .comment       0x0000007c       0x7d Drivers\STM32F0xx_HAL_Driver\Src\stm32f0xx_hal_tim_ex.o
 .comment       0x0000007c       0x7d Drivers\STM32F0xx_HAL_Driver\Src\stm32f0xx_ll_gpio.o
 .comment       0x0000007c       0x7d Src\eeprom.o
 .comment       0x0000007c       0x7d Src\main.o
 .comment       0x0000007c       0x7d Src\stm32f0xx_hal_msp.o
 .comment       0x0000007c       0x7d Src\stm32f0xx_it.o
 .comment       0x0000007c       0x7d Src\system_stm32f0xx.o

.debug_frame    0x00000000     0x1e00
 .debug_frame   0x00000000      0x174 Drivers\STM32F0xx_HAL_Driver\Src\stm32f0xx_hal.o
 .debug_frame   0x00000174      0x280 Drivers\STM32F0xx_HAL_Driver\Src\stm32f0xx_hal_adc.o
 .debug_frame   0x000003f4      0x108 Drivers\STM32F0xx_HAL_Driver\Src\stm32f0xx_hal_comp.o
 .debug_frame   0x000004fc       0xe4 Drivers\STM32F0xx_HAL_Driver\Src\stm32f0xx_hal_cortex.o
 .debug_frame   0x000005e0      0x158 Drivers\STM32F0xx_HAL_Driver\Src\stm32f0xx_hal_dma.o
 .debug_frame   0x00000738      0x12c Drivers\STM32F0xx_HAL_Driver\Src\stm32f0xx_hal_flash.o
 .debug_frame   0x00000864       0xd0 Drivers\STM32F0xx_HAL_Driver\Src\stm32f0xx_hal_flash_ex.o
 .debug_frame   0x00000934       0xd4 Drivers\STM32F0xx_HAL_Driver\Src\stm32f0xx_hal_gpio.o
 .debug_frame   0x00000a08       0x3c Drivers\STM32F0xx_HAL_Driver\Src\stm32f0xx_hal_iwdg.o
 .debug_frame   0x00000a44      0x13c Drivers\STM32F0xx_HAL_Driver\Src\stm32f0xx_hal_rcc.o
 .debug_frame   0x00000b80      0x860 Drivers\STM32F0xx_HAL_Driver\Src\stm32f0xx_hal_tim.o
 .debug_frame   0x000013e0      0x32c Drivers\STM32F0xx_HAL_Driver\Src\stm32f0xx_hal_tim_ex.o
 .debug_frame   0x0000170c       0x58 Drivers\STM32F0xx_HAL_Driver\Src\stm32f0xx_ll_gpio.o
 .debug_frame   0x00001764       0x80 Src\eeprom.o
 .debug_frame   0x000017e4      0x3ac Src\main.o
 .debug_frame   0x00001b90       0xe4 Src\stm32f0xx_hal_msp.o
 .debug_frame   0x00001c74       0xc8 Src\stm32f0xx_it.o
 .debug_frame   0x00001d3c       0x38 Src\system_stm32f0xx.o
 .debug_frame   0x00001d74       0x2c c:/program files (x86)/atollic/truestudio for stm32 9.0.0/armtools/bin/../lib/gcc/arm-atollic-eabi/6.3.1/../../../../arm-atollic-eabi/lib/armv6-m\libc_nano.a(lib_a-init.o)
 .debug_frame   0x00001da0       0x20 c:/program files (x86)/atollic/truestudio for stm32 9.0.0/armtools/bin/../lib/gcc/arm-atollic-eabi/6.3.1/../../../../arm-atollic-eabi/lib/armv6-m\libc_nano.a(lib_a-memset.o)
 .debug_frame   0x00001dc0       0x20 c:/program files (x86)/atollic/truestudio for stm32 9.0.0/armtools/bin/../lib/gcc/arm-atollic-eabi/6.3.1/armv6-m\libgcc.a(_udivsi3.o)
 .debug_frame   0x00001de0       0x20 c:/program files (x86)/atollic/truestudio for stm32 9.0.0/armtools/bin/../lib/gcc/arm-atollic-eabi/6.3.1/armv6-m\libgcc.a(_divsi3.o)
