stm32f0xx_hal_comp.c:361:13:HAL_COMP_MspInit	0	static
stm32f0xx_hal_comp.c:234:19:HAL_COMP_Init	24	static
stm32f0xx_hal_comp.c:376:13:HAL_COMP_MspDeInit	0	static
stm32f0xx_hal_comp.c:320:19:HAL_COMP_DeInit	8	static
stm32f0xx_hal_comp.c:410:19:HAL_COMP_Start	0	static
stm32f0xx_hal_comp.c:459:19:HAL_COMP_Stop	0	static
stm32f0xx_hal_comp.c:499:19:HAL_COMP_Start_IT	8	static
stm32f0xx_hal_comp.c:546:19:HAL_COMP_Stop_IT	0	static
stm32f0xx_hal_comp.c:602:19:HAL_COMP_Lock	0	static
stm32f0xx_hal_comp.c:648:10:HAL_COMP_GetOutputLevel	0	static
stm32f0xx_hal_comp.c:674:13:HAL_COMP_TriggerCallback	0	static
stm32f0xx_hal_comp.c:563:6:HAL_COMP_IRQHandler	8	static
stm32f0xx_hal_comp.c:709:10:HAL_COMP_GetState	0	static
