main.c:842:6:computeDshotDMA.part.1	80	static
main.c:214:6:map	8	static
main.c:227:6:storeEEpromConfig	8	static
main.c:238:6:loadEEpromConfig	16	static
main.c:255:5:getAbsDif	0	static
main.c:268:6:phaseB	0	static
main.c:302:6:phaseC	0	static
main.c:334:6:phaseA	0	static
main.c:363:6:comStep	8	static
main.c:403:6:allOff	36	static
main.c:409:6:fullBrake	20	static
main.c:415:6:proBrake	24	static
main.c:423:6:changeCompInput	8	static
main.c:461:6:commutate	16	static
main.c:503:6:HAL_TIM_PeriodElapsedCallback	16	static
main.c:527:6:startMotor	32	static
main.c:555:6:forcedCommutation	16	static
main.c:569:6:HAL_COMP_TriggerCallback	48	static
main.c:692:6:playStartupTune	40	static
main.c:707:6:playInputTune	40	static
main.c:720:6:getADCs	0	static
main.c:730:6:HAL_ADC_ConvCpltCallback	0	static
main.c:736:6:detectInput	40	static
main.c:802:6:computeProshotDMA	24	static
main.c:842:6:computeDshotDMA	8	static
main.c:887:6:computeMSInput	8	static
main.c:901:6:computeOS125Input	8	static
main.c:915:6:computeOS42Input	8	static
main.c:932:6:computeServoInput	8	static
main.c:1070:6:transferComplete	8	static
main.c:1582:6:SystemClock_Config	72	static
main.c:1123:5:main	160	static
main.c:1995:6:_Error_Handler	0	static
