main.c:836:6:computeDshotDMA.part.1	80	static
main.c:211:6:map	8	static
main.c:224:6:storeEEpromConfig	8	static
main.c:235:6:loadEEpromConfig	16	static
main.c:252:5:getAbsDif	0	static
main.c:262:6:phaseA	0	static
main.c:296:6:phaseB	0	static
main.c:328:6:phaseC	0	static
main.c:360:6:comStep	8	static
main.c:400:6:allOff	36	static
main.c:406:6:fullBrake	20	static
main.c:412:6:proBrake	20	static
main.c:420:6:changeCompInput	8	static
main.c:458:6:commutate	16	static
main.c:500:6:HAL_TIM_PeriodElapsedCallback	16	static
main.c:524:6:startMotor	32	static
main.c:552:6:forcedCommutation	16	static
main.c:566:6:HAL_COMP_TriggerCallback	48	static
main.c:687:6:playStartupTune	40	static
main.c:702:6:playInputTune	40	static
main.c:715:6:getADCs	0	static
main.c:725:6:HAL_ADC_ConvCpltCallback	0	static
main.c:731:6:detectInput	40	static
main.c:796:6:computeProshotDMA	24	static
main.c:836:6:computeDshotDMA	8	static
main.c:941:6:computeMSInput	8	static
main.c:955:6:computeOS125Input	8	static
main.c:969:6:computeOS42Input	8	static
main.c:986:6:computeServoInput	8	static
main.c:1084:6:transferComplete	16	static
main.c:1611:6:SystemClock_Config	72	static
main.c:1166:5:main	160	static
main.c:2024:6:_Error_Handler	0	static
