stm32f0xx_hal_tim.c:353:13:HAL_TIM_Base_MspInit	0	static
stm32f0xx_hal_tim.c:265:19:HAL_TIM_Base_Init	16	static
stm32f0xx_hal_tim.c:368:13:HAL_TIM_Base_MspDeInit	0	static
stm32f0xx_hal_tim.c:317:19:HAL_TIM_Base_DeInit	8	static
stm32f0xx_hal_tim.c:384:19:HAL_TIM_Base_Start	0	static
stm32f0xx_hal_tim.c:413:19:HAL_TIM_Base_Stop	0	static
stm32f0xx_hal_tim.c:436:19:HAL_TIM_Base_Start_IT	0	static
stm32f0xx_hal_tim.c:462:19:HAL_TIM_Base_Stop_IT	0	static
stm32f0xx_hal_tim.c:483:19:HAL_TIM_Base_Start_DMA	16	static
stm32f0xx_hal_tim.c:542:19:HAL_TIM_Base_Stop_DMA	8	static
stm32f0xx_hal_tim.c:685:13:HAL_TIM_OC_MspInit	0	static
stm32f0xx_hal_tim.c:597:19:HAL_TIM_OC_Init	16	static
stm32f0xx_hal_tim.c:700:13:HAL_TIM_OC_MspDeInit	0	static
stm32f0xx_hal_tim.c:649:19:HAL_TIM_OC_DeInit	8	static
stm32f0xx_hal_tim.c:721:19:HAL_TIM_OC_Start	0	static
stm32f0xx_hal_tim.c:759:19:HAL_TIM_OC_Stop	0	static
stm32f0xx_hal_tim.c:791:19:HAL_TIM_OC_Start_IT	0	static
stm32f0xx_hal_tim.c:863:19:HAL_TIM_OC_Stop_IT	0	static
stm32f0xx_hal_tim.c:931:19:HAL_TIM_OC_Start_DMA	16	static
stm32f0xx_hal_tim.c:1073:19:HAL_TIM_OC_Stop_DMA	16	static
stm32f0xx_hal_tim.c:1258:13:HAL_TIM_PWM_MspInit	0	static
stm32f0xx_hal_tim.c:1170:19:HAL_TIM_PWM_Init	16	static
stm32f0xx_hal_tim.c:1273:13:HAL_TIM_PWM_MspDeInit	0	static
stm32f0xx_hal_tim.c:1222:19:HAL_TIM_PWM_DeInit	8	static
stm32f0xx_hal_tim.c:1294:19:HAL_TIM_PWM_Start	0	static
stm32f0xx_hal_tim.c:1332:19:HAL_TIM_PWM_Stop	8	static
stm32f0xx_hal_tim.c:1367:19:HAL_TIM_PWM_Start_IT	0	static
stm32f0xx_hal_tim.c:1438:19:HAL_TIM_PWM_Stop_IT	0	static
stm32f0xx_hal_tim.c:1506:19:HAL_TIM_PWM_Start_DMA	16	static
stm32f0xx_hal_tim.c:1647:19:HAL_TIM_PWM_Stop_DMA	16	static
stm32f0xx_hal_tim.c:1832:13:HAL_TIM_IC_MspInit	0	static
stm32f0xx_hal_tim.c:1744:19:HAL_TIM_IC_Init	16	static
stm32f0xx_hal_tim.c:1847:13:HAL_TIM_IC_MspDeInit	0	static
stm32f0xx_hal_tim.c:1796:19:HAL_TIM_IC_DeInit	8	static
stm32f0xx_hal_tim.c:1868:19:HAL_TIM_IC_Start	0	static
stm32f0xx_hal_tim.c:1900:19:HAL_TIM_IC_Stop	8	static
stm32f0xx_hal_tim.c:1926:19:HAL_TIM_IC_Start_IT	0	static
stm32f0xx_hal_tim.c:1991:19:HAL_TIM_IC_Stop_IT	8	static
stm32f0xx_hal_tim.c:2053:19:HAL_TIM_IC_Start_DMA	16	static
stm32f0xx_hal_tim.c:2188:19:HAL_TIM_IC_Stop_DMA	16	static
stm32f0xx_hal_tim.c:2378:13:HAL_TIM_OnePulse_MspInit	0	static
stm32f0xx_hal_tim.c:2283:19:HAL_TIM_OnePulse_Init	24	static
stm32f0xx_hal_tim.c:2393:13:HAL_TIM_OnePulse_MspDeInit	0	static
stm32f0xx_hal_tim.c:2342:19:HAL_TIM_OnePulse_DeInit	8	static
stm32f0xx_hal_tim.c:2412:19:HAL_TIM_OnePulse_Start	0	static
stm32f0xx_hal_tim.c:2448:19:HAL_TIM_OnePulse_Stop	0	static
stm32f0xx_hal_tim.c:2484:19:HAL_TIM_OnePulse_Start_IT	0	static
stm32f0xx_hal_tim.c:2526:19:HAL_TIM_OnePulse_Stop_IT	0	static
stm32f0xx_hal_tim.c:2737:13:HAL_TIM_Encoder_MspInit	0	static
stm32f0xx_hal_tim.c:2596:19:HAL_TIM_Encoder_Init	24	static
stm32f0xx_hal_tim.c:2752:13:HAL_TIM_Encoder_MspDeInit	0	static
stm32f0xx_hal_tim.c:2701:19:HAL_TIM_Encoder_DeInit	8	static
stm32f0xx_hal_tim.c:2772:19:HAL_TIM_Encoder_Start	0	static
stm32f0xx_hal_tim.c:2816:19:HAL_TIM_Encoder_Stop	0	static
stm32f0xx_hal_tim.c:2862:19:HAL_TIM_Encoder_Start_IT	8	static
stm32f0xx_hal_tim.c:2912:19:HAL_TIM_Encoder_Stop_IT	8	static
stm32f0xx_hal_tim.c:2966:19:HAL_TIM_Encoder_Start_DMA	32	static
stm32f0xx_hal_tim.c:3101:19:HAL_TIM_Encoder_Stop_DMA	8	static
stm32f0xx_hal_tim.c:3382:19:HAL_TIM_OC_ConfigChannel	20	static
stm32f0xx_hal_tim.c:3462:19:HAL_TIM_IC_ConfigChannel	28	static
stm32f0xx_hal_tim.c:3559:19:HAL_TIM_PWM_ConfigChannel	20	static
stm32f0xx_hal_tim.c:3674:19:HAL_TIM_OnePulse_ConfigChannel	48	static
stm32f0xx_hal_tim.c:3813:19:HAL_TIM_DMABurst_WriteStart	24	static
stm32f0xx_hal_tim.c:3859:19:HAL_TIM_DMABurst_MultiWriteStart	16	static
stm32f0xx_hal_tim.c:4031:19:HAL_TIM_DMABurst_WriteStop	16	static
stm32f0xx_hal_tim.c:4127:19:HAL_TIM_DMABurst_ReadStart	24	static
stm32f0xx_hal_tim.c:4173:19:HAL_TIM_DMABurst_MultiReadStart	16	static
stm32f0xx_hal_tim.c:4346:19:HAL_TIM_DMABurst_ReadStop	16	static
stm32f0xx_hal_tim.c:4424:19:HAL_TIM_GenerateEvent	8	static
stm32f0xx_hal_tim.c:4461:19:HAL_TIM_ConfigOCrefClear	16	static
stm32f0xx_hal_tim.c:4594:19:HAL_TIM_ConfigClockSource	16	static
stm32f0xx_hal_tim.c:4746:19:HAL_TIM_ConfigTI1Input	0	static
stm32f0xx_hal_tim.c:4778:19:HAL_TIM_SlaveConfigSynchro	24	static
stm32f0xx_hal_tim.c:4818:19:HAL_TIM_SlaveConfigSynchro_IT	24	static
stm32f0xx_hal_tim.c:4861:10:HAL_TIM_ReadCapturedValue	0	static
stm32f0xx_hal_tim.c:4945:13:HAL_TIM_PeriodElapsedCallback	0	static
stm32f0xx_hal_tim.c:5851:13:TIM_DMAPeriodElapsedCplt	8	static
stm32f0xx_hal_tim.c:4960:13:HAL_TIM_PeriodElapsedHalfCpltCallback	0	static
stm32f0xx_hal_tim.c:5869:13:TIM_DMAPeriodElapsedHalfCplt	8	static
stm32f0xx_hal_tim.c:4975:13:HAL_TIM_OC_DelayElapsedCallback	0	static
stm32f0xx_hal_tim.c:4990:13:HAL_TIM_IC_CaptureCallback	0	static
stm32f0xx_hal_tim.c:5769:6:TIM_DMACaptureCplt	8	static
stm32f0xx_hal_tim.c:5005:13:HAL_TIM_IC_CaptureHalfCpltCallback	0	static
stm32f0xx_hal_tim.c:5810:6:TIM_DMACaptureHalfCplt	8	static
stm32f0xx_hal_tim.c:5020:13:HAL_TIM_PWM_PulseFinishedCallback	0	static
stm32f0xx_hal_tim.c:5687:6:TIM_DMADelayPulseCplt	8	static
stm32f0xx_hal_tim.c:5035:13:HAL_TIM_PWM_PulseFinishedHalfCpltCallback	0	static
stm32f0xx_hal_tim.c:5728:6:TIM_DMADelayPulseHalfCplt	8	static
stm32f0xx_hal_tim.c:5050:13:HAL_TIM_TriggerCallback	0	static
stm32f0xx_hal_tim.c:3167:6:HAL_TIM_IRQHandler	8	static
stm32f0xx_hal_tim.c:5887:13:TIM_DMATriggerCplt	8	static
stm32f0xx_hal_tim.c:5065:13:HAL_TIM_TriggerHalfCpltCallback	0	static
stm32f0xx_hal_tim.c:5905:13:TIM_DMATriggerHalfCplt	8	static
stm32f0xx_hal_tim.c:5080:13:HAL_TIM_ErrorCallback	0	static
stm32f0xx_hal_tim.c:5669:6:TIM_DMAError	8	static
stm32f0xx_hal_tim.c:5597:22:HAL_TIM_Base_GetState	0	static
stm32f0xx_hal_tim.c:5607:22:HAL_TIM_OC_GetState	0	static
stm32f0xx_hal_tim.c:5617:22:HAL_TIM_PWM_GetState	0	static
stm32f0xx_hal_tim.c:5627:22:HAL_TIM_IC_GetState	0	static
stm32f0xx_hal_tim.c:5637:22:HAL_TIM_OnePulse_GetState	0	static
stm32f0xx_hal_tim.c:5647:22:HAL_TIM_Encoder_GetState	0	static
stm32f0xx_hal_tim.c:5924:6:TIM_Base_SetConfig	16	static
stm32f0xx_hal_tim.c:6047:6:TIM_OC2_SetConfig	16	static
stm32f0xx_hal_tim.c:6388:6:TIM_TI1_SetConfig	20	static
stm32f0xx_hal_tim.c:6682:6:TIM_ETR_SetConfig	12	static
stm32f0xx_hal_tim.c:6712:6:TIM_CCxChannelCmd	8	static
