stm32f0xx_hal_tim_ex.c:259:13:HAL_TIMEx_HallSensor_MspInit	0	static
stm32f0xx_hal_tim_ex.c:131:19:HAL_TIMEx_HallSensor_Init	64	static
stm32f0xx_hal_tim_ex.c:274:13:HAL_TIMEx_HallSensor_MspDeInit	0	static
stm32f0xx_hal_tim_ex.c:223:19:HAL_TIMEx_HallSensor_DeInit	8	static
stm32f0xx_hal_tim_ex.c:289:19:HAL_TIMEx_HallSensor_Start	8	static
stm32f0xx_hal_tim_ex.c:316:19:HAL_TIMEx_HallSensor_Stop	8	static
stm32f0xx_hal_tim_ex.c:337:19:HAL_TIMEx_HallSensor_Start_IT	8	static
stm32f0xx_hal_tim_ex.c:367:19:HAL_TIMEx_HallSensor_Stop_IT	8	static
stm32f0xx_hal_tim_ex.c:393:19:HAL_TIMEx_HallSensor_Start_DMA	16	static
stm32f0xx_hal_tim_ex.c:453:19:HAL_TIMEx_HallSensor_Stop_DMA	8	static
stm32f0xx_hal_tim_ex.c:509:19:HAL_TIMEx_OCN_Start	0	static
stm32f0xx_hal_tim_ex.c:544:19:HAL_TIMEx_OCN_Stop	0	static
stm32f0xx_hal_tim_ex.c:573:19:HAL_TIMEx_OCN_Start_IT	0	static
stm32f0xx_hal_tim_ex.c:639:19:HAL_TIMEx_OCN_Stop_IT	0	static
stm32f0xx_hal_tim_ex.c:705:19:HAL_TIMEx_OCN_Start_DMA	16	static
stm32f0xx_hal_tim_ex.c:823:19:HAL_TIMEx_OCN_Stop_DMA	16	static
stm32f0xx_hal_tim_ex.c:918:19:HAL_TIMEx_PWMN_Start	0	static
stm32f0xx_hal_tim_ex.c:952:19:HAL_TIMEx_PWMN_Stop	0	static
stm32f0xx_hal_tim_ex.c:981:19:HAL_TIMEx_PWMN_Start_IT	0	static
stm32f0xx_hal_tim_ex.c:1046:19:HAL_TIMEx_PWMN_Stop_IT	0	static
stm32f0xx_hal_tim_ex.c:1113:19:HAL_TIMEx_PWMN_Start_DMA	16	static
stm32f0xx_hal_tim_ex.c:1230:19:HAL_TIMEx_PWMN_Stop_DMA	16	static
stm32f0xx_hal_tim_ex.c:1313:19:HAL_TIMEx_OnePulseN_Start	0	static
stm32f0xx_hal_tim_ex.c:1338:19:HAL_TIMEx_OnePulseN_Stop	0	static
stm32f0xx_hal_tim_ex.c:1367:19:HAL_TIMEx_OnePulseN_Start_IT	0	static
stm32f0xx_hal_tim_ex.c:1398:19:HAL_TIMEx_OnePulseN_Stop_IT	8	static
stm32f0xx_hal_tim_ex.c:1468:19:HAL_TIMEx_ConfigCommutEvent	12	static
stm32f0xx_hal_tim_ex.c:1524:19:HAL_TIMEx_ConfigCommutEvent_IT	12	static
stm32f0xx_hal_tim_ex.c:1581:19:HAL_TIMEx_ConfigCommutEvent_DMA	12	static
stm32f0xx_hal_tim_ex.c:1630:19:HAL_TIMEx_MasterConfigSynchronization	12	static
stm32f0xx_hal_tim_ex.c:1691:19:HAL_TIMEx_ConfigBreakDeadTime	8	static
stm32f0xx_hal_tim_ex.c:1743:19:HAL_TIMEx_RemapConfig	0	static
stm32f0xx_hal_tim_ex.c:1783:13:HAL_TIMEx_CommutCallback	0	static
stm32f0xx_hal_tim_ex.c:1868:6:TIMEx_DMACommutationCplt	8	static
stm32f0xx_hal_tim_ex.c:1797:13:HAL_TIMEx_CommutHalfCpltCallback	0	static
stm32f0xx_hal_tim_ex.c:1887:6:TIMEx_DMACommutationHalfCplt	8	static
stm32f0xx_hal_tim_ex.c:1812:13:HAL_TIMEx_BreakCallback	0	static
stm32f0xx_hal_tim_ex.c:1845:22:HAL_TIMEx_HallSensor_GetState	0	static
