stm32f0xx_hal_comp.c:425:13:HAL_COMP_MspInit	0	static
stm32f0xx_hal_comp.c:275:19:HAL_COMP_Init	24	static
stm32f0xx_hal_comp.c:440:13:HAL_COMP_MspDeInit	0	static
stm32f0xx_hal_comp.c:374:19:HAL_COMP_DeInit	16	static
stm32f0xx_hal_comp.c:634:19:HAL_COMP_Start	0	static
stm32f0xx_hal_comp.c:683:19:HAL_COMP_Stop	8	static
stm32f0xx_hal_comp.c:723:19:HAL_COMP_Start_IT	8	static
stm32f0xx_hal_comp.c:770:19:HAL_COMP_Stop_IT	12	static
stm32f0xx_hal_comp.c:830:19:HAL_COMP_Lock	0	static
stm32f0xx_hal_comp.c:876:10:HAL_COMP_GetOutputLevel	0	static
stm32f0xx_hal_comp.c:902:13:HAL_COMP_TriggerCallback	0	static
stm32f0xx_hal_comp.c:787:6:HAL_COMP_IRQHandler	8	static
stm32f0xx_hal_comp.c:937:10:HAL_COMP_GetState	0	static
stm32f0xx_hal_comp.c:956:10:HAL_COMP_GetError	0	static
