stm32f0xx_hal.c:202:13:HAL_MspInit	0	static
stm32f0xx_hal.c:213:13:HAL_MspDeInit	0	static
stm32f0xx_hal.c:179:19:HAL_DeInit	8	static
stm32f0xx_hal.c:236:26:HAL_InitTick	8	static
stm32f0xx_hal.c:155:19:HAL_Init	8	static
stm32f0xx_hal.c:284:13:HAL_IncTick	0	static
stm32f0xx_hal.c:295:17:HAL_GetTick	0	static
stm32f0xx_hal.c:311:13:HAL_Delay	24	static
stm32f0xx_hal.c:337:13:HAL_SuspendTick	0	static
stm32f0xx_hal.c:354:13:HAL_ResumeTick	0	static
stm32f0xx_hal.c:364:10:HAL_GetHalVersion	0	static
stm32f0xx_hal.c:373:10:HAL_GetREVID	0	static
stm32f0xx_hal.c:382:10:HAL_GetDEVID	0	static
stm32f0xx_hal.c:391:10:HAL_GetUIDw0	0	static
stm32f0xx_hal.c:400:10:HAL_GetUIDw1	0	static
stm32f0xx_hal.c:409:10:HAL_GetUIDw2	0	static
stm32f0xx_hal.c:418:6:HAL_DBGMCU_EnableDBGStopMode	0	static
stm32f0xx_hal.c:427:6:HAL_DBGMCU_DisableDBGStopMode	0	static
stm32f0xx_hal.c:436:6:HAL_DBGMCU_EnableDBGStandbyMode	0	static
stm32f0xx_hal.c:445:6:HAL_DBGMCU_DisableDBGStandbyMode	0	static
