stm32f0xx_hal_rcc.c:225:6:HAL_RCC_DeInit	0	static
stm32f0xx_hal_rcc.c:269:19:HAL_RCC_OscConfig	40	static
stm32f0xx_hal_rcc.c:985:6:HAL_RCC_MCOConfig	40	static
stm32f0xx_hal_rcc.c:1019:6:HAL_RCC_EnableCSS	0	static
stm32f0xx_hal_rcc.c:1028:6:HAL_RCC_DisableCSS	0	static
stm32f0xx_hal_rcc.c:1064:10:HAL_RCC_GetSysClockFreq	48	static
stm32f0xx_hal_rcc.c:725:19:HAL_RCC_ClockConfig	32	static
stm32f0xx_hal_rcc.c:1139:10:HAL_RCC_GetHCLKFreq	0	static
stm32f0xx_hal_rcc.c:1150:10:HAL_RCC_GetPCLK1Freq	0	static
stm32f0xx_hal_rcc.c:1163:6:HAL_RCC_GetOscConfig	0	static
stm32f0xx_hal_rcc.c:1265:6:HAL_RCC_GetClockConfig	8	static
stm32f0xx_hal_rcc.c:1308:13:HAL_RCC_CSSCallback	0	static
stm32f0xx_hal_rcc.c:1291:6:HAL_RCC_NMI_IRQHandler	8	static
