stm32f0xx_hal_i2c.c:4286:13:I2C_Flush_TXDR	0	static
stm32f0xx_hal_i2c.c:4406:13:I2C_DMASlaveReceiveCplt	0	static
stm32f0xx_hal_i2c.c:4692:13:I2C_TransferConfig	12	static
stm32f0xx_hal_i2c.c:4722:26:I2C_Enable_IRQ	8	static
stm32f0xx_hal_i2c.c:4795:26:I2C_Disable_IRQ	8	static
stm32f0xx_hal_i2c.c:4474:26:I2C_WaitOnFlagUntilTimeout	24	static
stm32f0xx_hal_i2c.c:4307:13:I2C_DMAMasterTransmitCplt	8	static
stm32f0xx_hal_i2c.c:4364:13:I2C_DMAMasterReceiveCplt	8	static
stm32f0xx_hal_i2c.c:4626:26:I2C_IsAcknowledgeFailed	24	static
stm32f0xx_hal_i2c.c:4503:26:I2C_WaitOnTXISFlagUntilTimeout	24	static
stm32f0xx_hal_i2c.c:3642:26:I2C_RequestMemoryWrite	24	static
stm32f0xx_hal_i2c.c:3709:26:I2C_RequestMemoryRead	24	static
stm32f0xx_hal_i2c.c:4574:26:I2C_WaitOnRXNEFlagUntilTimeout	24	static
stm32f0xx_hal_i2c.c:4349:13:I2C_DMASlaveTransmitCplt	0	static
stm32f0xx_hal_i2c.c:4540:26:I2C_WaitOnSTOPFlagUntilTimeout	24	static
stm32f0xx_hal_i2c.c:527:13:HAL_I2C_MspInit	0	static
stm32f0xx_hal_i2c.c:404:19:HAL_I2C_Init	16	static
stm32f0xx_hal_i2c.c:543:13:HAL_I2C_MspDeInit	0	static
stm32f0xx_hal_i2c.c:491:19:HAL_I2C_DeInit	16	static
stm32f0xx_hal_i2c.c:627:19:HAL_I2C_Master_Transmit	48	static
stm32f0xx_hal_i2c.c:751:19:HAL_I2C_Master_Receive	48	static
stm32f0xx_hal_i2c.c:874:19:HAL_I2C_Slave_Transmit	48	static
stm32f0xx_hal_i2c.c:1014:19:HAL_I2C_Slave_Receive	48	static
stm32f0xx_hal_i2c.c:1146:19:HAL_I2C_Master_Transmit_IT	40	static
stm32f0xx_hal_i2c.c:1215:19:HAL_I2C_Master_Receive_IT	40	static
stm32f0xx_hal_i2c.c:1282:19:HAL_I2C_Slave_Transmit_IT	24	static
stm32f0xx_hal_i2c.c:1331:19:HAL_I2C_Slave_Receive_IT	24	static
stm32f0xx_hal_i2c.c:1382:19:HAL_I2C_Master_Transmit_DMA	40	static
stm32f0xx_hal_i2c.c:1490:19:HAL_I2C_Master_Receive_DMA	40	static
stm32f0xx_hal_i2c.c:1595:19:HAL_I2C_Slave_Transmit_DMA	24	static
stm32f0xx_hal_i2c.c:1661:19:HAL_I2C_Slave_Receive_DMA	24	static
stm32f0xx_hal_i2c.c:1731:19:HAL_I2C_Mem_Write	56	static
stm32f0xx_hal_i2c.c:1884:19:HAL_I2C_Mem_Read	56	static
stm32f0xx_hal_i2c.c:2028:19:HAL_I2C_Mem_Write_IT	56	static
stm32f0xx_hal_i2c.c:2127:19:HAL_I2C_Mem_Read_IT	56	static
stm32f0xx_hal_i2c.c:2225:19:HAL_I2C_Mem_Write_DMA	56	static
stm32f0xx_hal_i2c.c:2341:19:HAL_I2C_Mem_Read_DMA	56	static
stm32f0xx_hal_i2c.c:2455:19:HAL_I2C_IsDeviceReady	56	static
stm32f0xx_hal_i2c.c:2575:19:HAL_I2C_Master_Sequential_Transmit_IT	32	static
stm32f0xx_hal_i2c.c:2648:19:HAL_I2C_Master_Sequential_Receive_IT	32	static
stm32f0xx_hal_i2c.c:2719:19:HAL_I2C_Slave_Sequential_Transmit_IT	32	static
stm32f0xx_hal_i2c.c:2793:19:HAL_I2C_Slave_Sequential_Receive_IT	32	static
stm32f0xx_hal_i2c.c:2863:19:HAL_I2C_EnableListen_IT	8	static
stm32f0xx_hal_i2c.c:2887:19:HAL_I2C_DisableListen_IT	16	static
stm32f0xx_hal_i2c.c:2920:19:HAL_I2C_Master_Abort_IT	32	static
stm32f0xx_hal_i2c.c:2970:6:HAL_I2C_EV_IRQHandler	8	static
stm32f0xx_hal_i2c.c:3034:13:HAL_I2C_MasterTxCpltCallback	0	static
stm32f0xx_hal_i2c.c:3050:13:HAL_I2C_MasterRxCpltCallback	0	static
stm32f0xx_hal_i2c.c:3853:13:I2C_ITMasterSequentialCplt	16	static
stm32f0xx_hal_i2c.c:3065:13:HAL_I2C_SlaveTxCpltCallback	0	static
stm32f0xx_hal_i2c.c:3081:13:HAL_I2C_SlaveRxCpltCallback	0	static
stm32f0xx_hal_i2c.c:3898:13:I2C_ITSlaveSequentialCplt	16	static
stm32f0xx_hal_i2c.c:3099:13:HAL_I2C_AddrCallback	0	static
stm32f0xx_hal_i2c.c:3117:13:HAL_I2C_ListenCpltCallback	0	static
stm32f0xx_hal_i2c.c:4140:13:I2C_ITListenCplt	8	static
stm32f0xx_hal_i2c.c:3133:13:HAL_I2C_MemTxCpltCallback	0	static
stm32f0xx_hal_i2c.c:3149:13:HAL_I2C_MemRxCpltCallback	0	static
stm32f0xx_hal_i2c.c:3165:13:HAL_I2C_ErrorCallback	0	static
stm32f0xx_hal_i2c.c:3181:13:HAL_I2C_AbortCpltCallback	0	static
stm32f0xx_hal_i2c.c:4184:13:I2C_ITError	16	static
stm32f0xx_hal_i2c.c:4034:13:I2C_ITSlaveCplt	24	static
stm32f0xx_hal_i2c.c:3385:26:I2C_Slave_ISR_IT	40	static
stm32f0xx_hal_i2c.c:3587:26:I2C_Slave_ISR_DMA	16	static
stm32f0xx_hal_i2c.c:3942:13:I2C_ITMasterCplt	8	static
stm32f0xx_hal_i2c.c:3264:26:I2C_Master_ISR_IT	32	static
stm32f0xx_hal_i2c.c:3498:26:I2C_Master_ISR_DMA	24	static
stm32f0xx_hal_i2c.c:4421:13:I2C_DMAError	8	static
stm32f0xx_hal_i2c.c:2989:6:HAL_I2C_ER_IRQHandler	16	static
stm32f0xx_hal_i2c.c:4438:13:I2C_DMAAbort	8	static
stm32f0xx_hal_i2c.c:3216:22:HAL_I2C_GetState	0	static
stm32f0xx_hal_i2c.c:3228:21:HAL_I2C_GetMode	0	static
stm32f0xx_hal_i2c.c:3239:10:HAL_I2C_GetError	0	static
