stm32f0xx_hal_adc.c:1975:26:ADC_Disable	16	static
stm32f0xx_hal_adc.c:1910:26:ADC_Enable	24	static
stm32f0xx_hal_adc.c:2032:26:ADC_ConversionStop	16	static
stm32f0xx_hal_adc.c:701:13:HAL_ADC_MspInit	0	static
stm32f0xx_hal_adc.c:359:19:HAL_ADC_Init	24	static
stm32f0xx_hal_adc.c:716:13:HAL_ADC_MspDeInit	0	static
stm32f0xx_hal_adc.c:585:19:HAL_ADC_DeInit	16	static
stm32f0xx_hal_adc.c:758:19:HAL_ADC_Start	16	static
stm32f0xx_hal_adc.c:823:19:HAL_ADC_Stop	16	static
stm32f0xx_hal_adc.c:877:19:HAL_ADC_PollForConversion	24	static
stm32f0xx_hal_adc.c:997:19:HAL_ADC_PollForEvent	24	static
stm32f0xx_hal_adc.c:1073:19:HAL_ADC_Start_IT	16	static
stm32f0xx_hal_adc.c:1154:19:HAL_ADC_Stop_IT	16	static
stm32f0xx_hal_adc.c:1207:19:HAL_ADC_Start_DMA	32	static
stm32f0xx_hal_adc.c:1296:19:HAL_ADC_Stop_DMA	24	static
stm32f0xx_hal_adc.c:1378:10:HAL_ADC_GetValue	0	static
stm32f0xx_hal_adc.c:1511:13:HAL_ADC_ConvCpltCallback	0	static
stm32f0xx_hal_adc.c:2083:13:ADC_DMAConvCplt	8	static
stm32f0xx_hal_adc.c:1526:13:HAL_ADC_ConvHalfCpltCallback	0	static
stm32f0xx_hal_adc.c:2144:13:ADC_DMAHalfConvCplt	8	static
stm32f0xx_hal_adc.c:1541:13:HAL_ADC_LevelOutOfWindowCallback	0	static
stm32f0xx_hal_adc.c:1557:13:HAL_ADC_ErrorCallback	0	static
stm32f0xx_hal_adc.c:2158:13:ADC_DMAError	8	static
stm32f0xx_hal_adc.c:1395:6:HAL_ADC_IRQHandler	16	static
stm32f0xx_hal_adc.c:1611:19:HAL_ADC_ConfigChannel	32	static
stm32f0xx_hal_adc.c:1744:19:HAL_ADC_AnalogWDGConfig	20	static
stm32f0xx_hal_adc.c:1866:10:HAL_ADC_GetState	0	static
stm32f0xx_hal_adc.c:1880:10:HAL_ADC_GetError	0	static
