stm32f0xx_hal_tim.c:4721:13:TIM_OC1_SetConfig	16	static
stm32f0xx_hal_tim.c:4871:13:TIM_OC3_SetConfig	16	static
stm32f0xx_hal_tim.c:4945:13:TIM_OC4_SetConfig	12	static
stm32f0xx_hal_tim.c:270:13:HAL_TIM_Base_MspInit	0	static
stm32f0xx_hal_tim.c:285:13:HAL_TIM_Base_MspDeInit	0	static
stm32f0xx_hal_tim.c:243:19:HAL_TIM_Base_DeInit	16	static
stm32f0xx_hal_tim.c:301:19:HAL_TIM_Base_Start	0	static
stm32f0xx_hal_tim.c:324:19:HAL_TIM_Base_Stop	0	static
stm32f0xx_hal_tim.c:347:19:HAL_TIM_Base_Start_IT	0	static
stm32f0xx_hal_tim.c:367:19:HAL_TIM_Base_Stop_IT	0	static
stm32f0xx_hal_tim.c:388:19:HAL_TIM_Base_Start_DMA	16	static
stm32f0xx_hal_tim.c:432:19:HAL_TIM_Base_Stop_DMA	0	static
stm32f0xx_hal_tim.c:548:13:HAL_TIM_OC_MspInit	0	static
stm32f0xx_hal_tim.c:563:13:HAL_TIM_OC_MspDeInit	0	static
stm32f0xx_hal_tim.c:521:19:HAL_TIM_OC_DeInit	16	static
stm32f0xx_hal_tim.c:1055:13:HAL_TIM_PWM_MspInit	0	static
stm32f0xx_hal_tim.c:1070:13:HAL_TIM_PWM_MspDeInit	0	static
stm32f0xx_hal_tim.c:1028:19:HAL_TIM_PWM_DeInit	16	static
stm32f0xx_hal_tim.c:1565:13:HAL_TIM_IC_MspInit	0	static
stm32f0xx_hal_tim.c:1580:13:HAL_TIM_IC_MspDeInit	0	static
stm32f0xx_hal_tim.c:1538:19:HAL_TIM_IC_DeInit	16	static
stm32f0xx_hal_tim.c:2048:13:HAL_TIM_OnePulse_MspInit	0	static
stm32f0xx_hal_tim.c:2063:13:HAL_TIM_OnePulse_MspDeInit	0	static
stm32f0xx_hal_tim.c:2021:19:HAL_TIM_OnePulse_DeInit	16	static
stm32f0xx_hal_tim.c:2082:19:HAL_TIM_OnePulse_Start	0	static
stm32f0xx_hal_tim.c:2115:19:HAL_TIM_OnePulse_Stop	0	static
stm32f0xx_hal_tim.c:2148:19:HAL_TIM_OnePulse_Start_IT	0	static
stm32f0xx_hal_tim.c:2187:19:HAL_TIM_OnePulse_Stop_IT	0	static
stm32f0xx_hal_tim.c:2367:13:HAL_TIM_Encoder_MspInit	0	static
stm32f0xx_hal_tim.c:2382:13:HAL_TIM_Encoder_MspDeInit	0	static
stm32f0xx_hal_tim.c:2340:19:HAL_TIM_Encoder_DeInit	16	static
stm32f0xx_hal_tim.c:2402:19:HAL_TIM_Encoder_Start	0	static
stm32f0xx_hal_tim.c:2444:19:HAL_TIM_Encoder_Stop	0	static
stm32f0xx_hal_tim.c:2488:19:HAL_TIM_Encoder_Start_IT	0	static
stm32f0xx_hal_tim.c:2536:19:HAL_TIM_Encoder_Stop_IT	8	static
stm32f0xx_hal_tim.c:2590:19:HAL_TIM_Encoder_Start_DMA	24	static
stm32f0xx_hal_tim.c:2707:19:HAL_TIM_Encoder_Stop_DMA	12	static
stm32f0xx_hal_tim.c:3379:19:HAL_TIM_DMABurst_MultiWriteStart	24	static
stm32f0xx_hal_tim.c:3333:19:HAL_TIM_DMABurst_WriteStart	24	static
stm32f0xx_hal_tim.c:3649:19:HAL_TIM_DMABurst_MultiReadStart	24	static
stm32f0xx_hal_tim.c:3603:19:HAL_TIM_DMABurst_ReadStart	24	static
stm32f0xx_hal_tim.c:3782:19:HAL_TIM_DMABurst_ReadStop	16	static
stm32f0xx_hal_tim.c:3511:19:HAL_TIM_DMABurst_WriteStop	8	static
stm32f0xx_hal_tim.c:3854:19:HAL_TIM_GenerateEvent	8	static
stm32f0xx_hal_tim.c:4193:19:HAL_TIM_ConfigTI1Input	0	static
stm32f0xx_hal_tim.c:4298:10:HAL_TIM_ReadCapturedValue	8	static
stm32f0xx_hal_tim.c:4385:13:HAL_TIM_PeriodElapsedCallback	0	static
stm32f0xx_hal_tim.c:4644:13:TIM_DMAPeriodElapsedCplt	8	static
stm32f0xx_hal_tim.c:4400:13:HAL_TIM_OC_DelayElapsedCallback	0	static
stm32f0xx_hal_tim.c:4414:13:HAL_TIM_IC_CaptureCallback	0	static
stm32f0xx_hal_tim.c:4611:6:TIM_DMACaptureCplt	8	static
stm32f0xx_hal_tim.c:4429:13:HAL_TIM_PWM_PulseFinishedCallback	0	static
stm32f0xx_hal_tim.c:4579:6:TIM_DMADelayPulseCplt	8	static
stm32f0xx_hal_tim.c:4444:13:HAL_TIM_TriggerCallback	0	static
stm32f0xx_hal_tim.c:2769:6:HAL_TIM_IRQHandler	8	static
stm32f0xx_hal_tim.c:4658:13:TIM_DMATriggerCplt	8	static
stm32f0xx_hal_tim.c:4459:13:HAL_TIM_ErrorCallback	0	static
stm32f0xx_hal_tim.c:4565:6:TIM_DMAError	8	static
stm32f0xx_hal_tim.c:4493:22:HAL_TIM_Base_GetState	0	static
stm32f0xx_hal_tim.c:4503:22:HAL_TIM_OC_GetState	0	static
stm32f0xx_hal_tim.c:4513:22:HAL_TIM_PWM_GetState	0	static
stm32f0xx_hal_tim.c:4523:22:HAL_TIM_IC_GetState	0	static
stm32f0xx_hal_tim.c:4533:22:HAL_TIM_OnePulse_GetState	0	static
stm32f0xx_hal_tim.c:4543:22:HAL_TIM_Encoder_GetState	0	static
stm32f0xx_hal_tim.c:4673:6:TIM_Base_SetConfig	8	static
stm32f0xx_hal_tim.c:203:19:HAL_TIM_Base_Init	16	static
stm32f0xx_hal_tim.c:481:19:HAL_TIM_OC_Init	16	static
stm32f0xx_hal_tim.c:988:19:HAL_TIM_PWM_Init	16	static
stm32f0xx_hal_tim.c:1498:19:HAL_TIM_IC_Init	16	static
stm32f0xx_hal_tim.c:1974:19:HAL_TIM_OnePulse_Init	16	static
stm32f0xx_hal_tim.c:2247:19:HAL_TIM_Encoder_Init	24	static
stm32f0xx_hal_tim.c:4795:6:TIM_OC2_SetConfig	16	static
stm32f0xx_hal_tim.c:2932:19:HAL_TIM_OC_ConfigChannel	16	static
stm32f0xx_hal_tim.c:3097:19:HAL_TIM_PWM_ConfigChannel	24	static
stm32f0xx_hal_tim.c:5141:6:TIM_TI1_SetConfig	20	static
stm32f0xx_hal_tim.c:3001:19:HAL_TIM_IC_ConfigChannel	32	static
stm32f0xx_hal_tim.c:3197:19:HAL_TIM_OnePulse_ConfigChannel	64	static
stm32f0xx_hal_tim.c:5435:6:TIM_ETR_SetConfig	12	static
stm32f0xx_hal_tim.c:3891:26:HAL_TIM_ConfigOCrefClear	32	static
stm32f0xx_hal_tim.c:4019:19:HAL_TIM_ConfigClockSource	24	static
stm32f0xx_hal_tim.c:4997:13:TIM_SlaveTimer_SetConfig	16	static
stm32f0xx_hal_tim.c:4225:19:HAL_TIM_SlaveConfigSynchronization	24	static
stm32f0xx_hal_tim.c:4260:19:HAL_TIM_SlaveConfigSynchronization_IT	24	static
stm32f0xx_hal_tim.c:5465:6:TIM_CCxChannelCmd	8	static
stm32f0xx_hal_tim.c:616:19:HAL_TIM_OC_Stop	8	static
stm32f0xx_hal_tim.c:1091:19:HAL_TIM_PWM_Start	8	static
stm32f0xx_hal_tim.c:584:19:HAL_TIM_OC_Start	8	static
stm32f0xx_hal_tim.c:1123:19:HAL_TIM_PWM_Stop	8	static
stm32f0xx_hal_tim.c:1158:19:HAL_TIM_PWM_Start_IT	8	static
stm32f0xx_hal_tim.c:648:19:HAL_TIM_OC_Start_IT	8	static
stm32f0xx_hal_tim.c:1224:19:HAL_TIM_PWM_Stop_IT	8	static
stm32f0xx_hal_tim.c:714:19:HAL_TIM_OC_Stop_IT	8	static
stm32f0xx_hal_tim.c:1292:19:HAL_TIM_PWM_Start_DMA	16	static
stm32f0xx_hal_tim.c:782:19:HAL_TIM_OC_Start_DMA	8	static
stm32f0xx_hal_tim.c:1409:19:HAL_TIM_PWM_Stop_DMA	8	static
stm32f0xx_hal_tim.c:899:19:HAL_TIM_OC_Stop_DMA	8	static
stm32f0xx_hal_tim.c:1601:19:HAL_TIM_IC_Start	8	static
stm32f0xx_hal_tim.c:1627:19:HAL_TIM_IC_Stop	8	static
stm32f0xx_hal_tim.c:1653:19:HAL_TIM_IC_Start_IT	8	static
stm32f0xx_hal_tim.c:1712:19:HAL_TIM_IC_Stop_IT	8	static
stm32f0xx_hal_tim.c:1774:19:HAL_TIM_IC_Start_DMA	16	static
stm32f0xx_hal_tim.c:1887:19:HAL_TIM_IC_Stop_DMA	8	static
