stm32f0xx_hal_tim_ex.c:1986:13:TIM_CCxNChannelCmd	8	static
stm32f0xx_hal_tim_ex.c:264:13:HAL_TIMEx_HallSensor_MspInit	0	static
stm32f0xx_hal_tim_ex.c:158:19:HAL_TIMEx_HallSensor_Init	64	static
stm32f0xx_hal_tim_ex.c:279:13:HAL_TIMEx_HallSensor_MspDeInit	0	static
stm32f0xx_hal_tim_ex.c:237:19:HAL_TIMEx_HallSensor_DeInit	16	static
stm32f0xx_hal_tim_ex.c:294:19:HAL_TIMEx_HallSensor_Start	8	static
stm32f0xx_hal_tim_ex.c:315:19:HAL_TIMEx_HallSensor_Stop	8	static
stm32f0xx_hal_tim_ex.c:336:19:HAL_TIMEx_HallSensor_Start_IT	8	static
stm32f0xx_hal_tim_ex.c:360:19:HAL_TIMEx_HallSensor_Stop_IT	8	static
stm32f0xx_hal_tim_ex.c:386:19:HAL_TIMEx_HallSensor_Start_DMA	16	static
stm32f0xx_hal_tim_ex.c:433:19:HAL_TIMEx_HallSensor_Stop_DMA	8	static
stm32f0xx_hal_tim_ex.c:906:19:HAL_TIMEx_PWMN_Start	8	static
stm32f0xx_hal_tim_ex.c:489:19:HAL_TIMEx_OCN_Start	8	static
stm32f0xx_hal_tim_ex.c:965:19:HAL_TIMEx_PWMN_Start_IT	8	static
stm32f0xx_hal_tim_ex.c:549:19:HAL_TIMEx_OCN_Start_IT	8	static
stm32f0xx_hal_tim_ex.c:1032:19:HAL_TIMEx_PWMN_Stop_IT	8	static
stm32f0xx_hal_tim_ex.c:616:19:HAL_TIMEx_OCN_Stop_IT	8	static
stm32f0xx_hal_tim_ex.c:1107:19:HAL_TIMEx_PWMN_Start_DMA	16	static
stm32f0xx_hal_tim_ex.c:691:19:HAL_TIMEx_OCN_Start_DMA	8	static
stm32f0xx_hal_tim_ex.c:1222:19:HAL_TIMEx_PWMN_Stop_DMA	8	static
stm32f0xx_hal_tim_ex.c:806:19:HAL_TIMEx_OCN_Stop_DMA	8	static
stm32f0xx_hal_tim_ex.c:1309:19:HAL_TIMEx_OnePulseN_Start	8	static
stm32f0xx_hal_tim_ex.c:1334:19:HAL_TIMEx_OnePulseN_Stop	8	static
stm32f0xx_hal_tim_ex.c:935:19:HAL_TIMEx_PWMN_Stop	8	static
stm32f0xx_hal_tim_ex.c:519:19:HAL_TIMEx_OCN_Stop	8	static
stm32f0xx_hal_tim_ex.c:1363:19:HAL_TIMEx_OnePulseN_Start_IT	8	static
stm32f0xx_hal_tim_ex.c:1394:19:HAL_TIMEx_OnePulseN_Stop_IT	8	static
stm32f0xx_hal_tim_ex.c:1460:19:HAL_TIMEx_ConfigCommutationEvent	12	static
stm32f0xx_hal_tim_ex.c:1509:19:HAL_TIMEx_ConfigCommutationEvent_IT	12	static
stm32f0xx_hal_tim_ex.c:1562:19:HAL_TIMEx_ConfigCommutationEvent_DMA	16	static
stm32f0xx_hal_tim_ex.c:1606:19:HAL_TIMEx_MasterConfigSynchronization	12	static
stm32f0xx_hal_tim_ex.c:1642:19:HAL_TIMEx_ConfigBreakDeadTime	12	static
stm32f0xx_hal_tim_ex.c:1696:19:HAL_TIMEx_RemapConfig	8	static
stm32f0xx_hal_tim_ex.c:1738:19:HAL_TIM_ConfigOCrefClear	32	static
stm32f0xx_hal_tim_ex.c:1894:13:HAL_TIMEx_CommutationCallback	0	static
stm32f0xx_hal_tim_ex.c:1924:6:TIMEx_DMACommutationCplt	8	static
stm32f0xx_hal_tim_ex.c:1909:13:HAL_TIMEx_BreakCallback	0	static
stm32f0xx_hal_tim_ex.c:1957:22:HAL_TIMEx_HallSensor_GetState	0	static
