main.c:134:6:map	8	static
main.c:150:6:phaseA	0	static
main.c:178:6:phaseB	0	static
main.c:206:6:phaseC	0	static
main.c:234:6:comStep	8	static
main.c:274:6:allOff	36	static
main.c:280:6:fullBrake	20	static
main.c:286:6:align	36	static
main.c:292:6:changeCompInput	8	static
main.c:320:6:commutate	16	static
main.c:360:6:HAL_TIM_PeriodElapsedCallback	8	static
main.c:390:6:startMotor	24	static
main.c:448:6:HAL_COMP_TriggerCallback	0	static
main.c:460:6:playStartupTune	40	static
main.c:475:6:playInputTune	40	static
main.c:488:6:getADCs	0	static
main.c:498:6:HAL_ADC_ConvCpltCallback	0	static
main.c:504:6:detectInput	40	static
main.c:557:6:computeProshotDMA	32	static
main.c:611:6:computeMSInput	8	static
main.c:625:6:computeOS125Input	8	static
main.c:639:6:computeOS42Input	8	static
main.c:656:6:computeServoInput	8	static
main.c:671:6:computeDshotDMA	80	static
main.c:719:6:transferComplete	8	static
main.c:759:6:changeDutyCycleWithSin	8	static
main.c:1138:6:SystemClock_Config	72	static
main.c:779:5:main	144	static
main.c:1522:6:_Error_Handler	0	static
