main.c:206:6:map	8	static
main.c:219:6:storeEEpromConfig	8	static
main.c:230:6:loadEEpromConfig	16	static
main.c:247:5:getAbsDif	0	static
main.c:257:6:phaseA	0	static
main.c:291:6:phaseB	0	static
main.c:323:6:phaseC	0	static
main.c:355:6:comStep	8	static
main.c:395:6:allOff	36	static
main.c:401:6:fullBrake	20	static
main.c:407:6:proBrake	20	static
main.c:415:6:changeCompInput	8	static
main.c:453:6:commutate	16	static
main.c:495:6:HAL_TIM_PeriodElapsedCallback	0	static
main.c:504:6:startMotor	32	static
main.c:532:6:forcedCommutation	16	static
main.c:546:6:HAL_COMP_TriggerCallback	48	static
main.c:667:6:playStartupTune	40	static
main.c:682:6:playInputTune	40	static
main.c:695:6:getADCs	0	static
main.c:705:6:HAL_ADC_ConvCpltCallback	0	static
main.c:711:6:detectInput	40	static
main.c:764:6:computeProshotDMA	32	static
main.c:823:6:computeMSInput	8	static
main.c:837:6:computeOS125Input	8	static
main.c:851:6:computeOS42Input	8	static
main.c:868:6:computeServoInput	8	static
main.c:883:6:computeDshotDMA	80	static
main.c:941:6:transferComplete	8	static
main.c:1441:6:SystemClock_Config	72	static
main.c:1016:5:main	160	static
main.c:1825:6:_Error_Handler	0	static
