main.c:353:6:map	8	static
main.c:366:6:storeEEpromConfig	8	static
main.c:377:6:loadEEpromConfig	16	static
main.c:394:5:getAbsDif	0	static
main.c:404:6:phaseAPWM	0	static
main.c:422:6:phaseAFLOAT	0	static
main.c:437:6:phaseALOW	0	static
main.c:455:6:phaseBPWM	0	static
main.c:472:6:phaseBFLOAT	0	static
main.c:487:6:phaseBLOW	0	static
main.c:506:6:phaseCPWM	0	static
main.c:524:6:phaseCFLOAT	0	static
main.c:538:6:phaseCLOW	0	static
main.c:553:7:comStep	4	static
main.c:606:6:allOff	0	static
main.c:612:6:fullBrake	0	static
main.c:618:6:proBrake	8	static
main.c:626:6:changeCompInput	0	static
main.c:676:6:pollingChangeCompInput	8	static
main.c:713:6:commutate	24	static
main.c:784:6:startMotor	32	static
main.c:814:6:forcedCommutation	16	static
main.c:828:6:HAL_COMP_TriggerCallback	12	static
main.c:872:6:checkForZeroCross	24	static
main.c:959:6:playStartupTune	16	static
main.c:974:6:playInputTune	40	static
main.c:987:6:getADCs	0	static
main.c:997:6:HAL_ADC_ConvCpltCallback	0	static
main.c:1003:6:detectInput	24	static
main.c:1083:6:computeProshotDMA	16	static
main.c:1125:6:computeDshotDMA	64	static
main.c:1212:6:computeMSInput	8	static
main.c:1226:6:computeOS125Input	8	static
main.c:1240:6:computeOS42Input	8	static
main.c:1257:6:computeServoInput	8	static
main.c:1282:6:make_dshot_package	16	static
main.c:1345:6:senddshotburst	8	static
main.c:1360:6:advanceincrement	12	static
main.c:1415:6:changeToOutput	0	static
main.c:1424:6:HAL_TIM_PeriodElapsedCallback	24	static
main.c:1469:6:setupInput	0	static
main.c:1477:6:transferComplete	24	static
main.c:2257:6:SystemClock_Config	72	static
main.c:1554:5:main	176	static
main.c:2921:6:Error_Handler	0	static
