stm32f0xx_hal_msp.c:69:6:HAL_TIM_PWM_MspInit	24	static
stm32f0xx_hal_msp.c:112:6:HAL_TIM_PWM_MspDeInit	8	static
stm32f0xx_hal_msp.c:145:6:HAL_MspInit	8	static
stm32f0xx_hal_msp.c:167:6:HAL_ADC_MspInit	40	static
stm32f0xx_hal_msp.c:204:6:HAL_ADC_MspDeInit	8	static
stm32f0xx_hal_msp.c:242:6:HAL_COMP_MspInit	32	static
stm32f0xx_hal_msp.c:277:6:HAL_COMP_MspDeInit	8	static
stm32f0xx_hal_msp.c:313:6:HAL_TIM_Base_MspInit	72	static
stm32f0xx_hal_msp.c:484:6:HAL_TIM_MspPostInit	40	static
stm32f0xx_hal_msp.c:529:6:HAL_TIM_Base_MspDeInit	8	static
