stm32f0xx_it.c:77:6:NMI_Handler	0	static
stm32f0xx_it.c:90:6:HardFault_Handler	0	static
stm32f0xx_it.c:105:6:SVC_Handler	0	static
stm32f0xx_it.c:118:6:PendSV_Handler	0	static
stm32f0xx_it.c:131:6:SysTick_Handler	8	static
stm32f0xx_it.c:152:6:DMA1_Channel1_IRQHandler	8	static
stm32f0xx_it.c:166:6:DMA1_Channel2_3_IRQHandler	8	static
stm32f0xx_it.c:180:6:DMA1_Channel4_5_IRQHandler	8	static
stm32f0xx_it.c:197:6:ADC1_COMP_IRQHandler	8	static
stm32f0xx_it.c:212:6:TIM6_DAC_IRQHandler	8	static
stm32f0xx_it.c:226:6:TIM14_IRQHandler	8	static
stm32f0xx_it.c:240:6:TIM16_IRQHandler	8	static
