main.c:224:6:map	8	static
main.c:237:6:storeEEpromConfig	8	static
main.c:248:6:loadEEpromConfig	16	static
main.c:265:5:getAbsDif	0	static
main.c:278:6:phaseBPWM	0	static
main.c:296:6:phaseBFLOAT	0	static
main.c:311:6:phaseBLOW	0	static
main.c:329:6:phaseCPWM	0	static
main.c:346:6:phaseCFLOAT	0	static
main.c:361:6:phaseCLOW	0	static
main.c:380:6:phaseAPWM	0	static
main.c:398:6:phaseAFLOAT	0	static
main.c:412:6:phaseALOW	0	static
main.c:527:7:comStep	8	static
main.c:618:6:allOff	0	static
main.c:624:6:fullBrake	0	static
main.c:630:6:proBrake	8	static
main.c:638:6:changeCompInput	0	static
main.c:690:6:commutate	16	static
main.c:732:6:HAL_TIM_PeriodElapsedCallback	16	static
main.c:756:6:startMotor	32	static
main.c:793:6:forcedCommutation	16	static
main.c:807:6:HAL_COMP_TriggerCallback	24	static
main.c:1033:6:playStartupTune	16	static
main.c:1048:6:playInputTune	16	static
main.c:1061:6:getADCs	0	static
main.c:1071:6:HAL_ADC_ConvCpltCallback	0	static
main.c:1077:6:detectInput	40	static
main.c:1145:6:computeProshotDMA	16	static
main.c:1187:6:computeDshotDMA	48	static
main.c:1238:6:computeMSInput	8	static
main.c:1252:6:computeOS125Input	8	static
main.c:1266:6:computeOS42Input	8	static
main.c:1283:6:computeServoInput	8	static
main.c:1421:6:transferComplete	48	static
main.c:1974:6:SystemClock_Config	72	static
main.c:1483:5:main	160	static
main.c:2387:6:_Error_Handler	0	static
