main.c:241:6:map	8	static
main.c:254:6:storeEEpromConfig	8	static
main.c:265:6:loadEEpromConfig	16	static
main.c:282:5:getAbsDif	0	static
main.c:292:6:phaseAPWM	0	static
main.c:310:6:phaseAFLOAT	0	static
main.c:325:6:phaseALOW	0	static
main.c:343:6:phaseBPWM	0	static
main.c:360:6:phaseBFLOAT	0	static
main.c:375:6:phaseBLOW	0	static
main.c:394:6:phaseCPWM	0	static
main.c:412:6:phaseCFLOAT	0	static
main.c:426:6:phaseCLOW	0	static
main.c:441:7:comStep	4	static
main.c:494:6:allOff	0	static
main.c:500:6:fullBrake	0	static
main.c:506:6:proBrake	8	static
main.c:514:6:changeCompInput	0	static
main.c:564:6:pollingChangeCompInput	8	static
main.c:591:6:commutate	16	static
main.c:649:6:HAL_TIM_PeriodElapsedCallback	16	static
main.c:674:6:startMotor	32	static
main.c:717:6:forcedCommutation	16	static
main.c:731:6:HAL_COMP_TriggerCallback	32	static
main.c:812:6:checkForZeroCross	24	static
main.c:903:6:playStartupTune	16	static
main.c:918:6:playInputTune	40	static
main.c:931:6:getADCs	0	static
main.c:941:6:HAL_ADC_ConvCpltCallback	0	static
main.c:947:6:detectInput	40	static
main.c:1015:6:computeProshotDMA	16	static
main.c:1057:6:computeDshotDMA	48	static
main.c:1108:6:computeMSInput	8	static
main.c:1122:6:computeOS125Input	8	static
main.c:1136:6:computeOS42Input	8	static
main.c:1153:6:computeServoInput	8	static
main.c:1179:6:transferComplete	48	static
main.c:1864:6:SystemClock_Config	72	static
main.c:1241:5:main	176	static
main.c:2277:6:_Error_Handler	0	static
