main.c:224:6:map	8	static
main.c:237:6:storeEEpromConfig	8	static
main.c:248:6:loadEEpromConfig	16	static
main.c:265:5:getAbsDif	0	static
main.c:275:6:phaseAPWM	0	static
main.c:293:6:phaseAFLOAT	0	static
main.c:308:6:phaseALOW	0	static
main.c:326:6:phaseBPWM	0	static
main.c:343:6:phaseBFLOAT	0	static
main.c:358:6:phaseBLOW	0	static
main.c:377:6:phaseCPWM	0	static
main.c:395:6:phaseCFLOAT	0	static
main.c:409:6:phaseCLOW	0	static
main.c:424:7:comStep	4	static
main.c:477:6:allOff	0	static
main.c:483:6:fullBrake	0	static
main.c:489:6:proBrake	8	static
main.c:497:6:changeCompInput	0	static
main.c:549:6:commutate	16	static
main.c:591:6:HAL_TIM_PeriodElapsedCallback	16	static
main.c:640:6:startMotor	32	static
main.c:677:6:forcedCommutation	16	static
main.c:691:6:HAL_COMP_TriggerCallback	24	static
main.c:784:6:playStartupTune	16	static
main.c:799:6:playInputTune	16	static
main.c:812:6:getADCs	0	static
main.c:822:6:HAL_ADC_ConvCpltCallback	0	static
main.c:828:6:detectInput	40	static
main.c:896:6:computeProshotDMA	16	static
main.c:938:6:computeDshotDMA	48	static
main.c:989:6:computeMSInput	8	static
main.c:1003:6:computeOS125Input	8	static
main.c:1017:6:computeOS42Input	8	static
main.c:1034:6:computeServoInput	8	static
main.c:1060:6:transferComplete	48	static
main.c:1658:6:SystemClock_Config	72	static
main.c:1122:5:main	168	static
main.c:2071:6:_Error_Handler	0	static
