main.c:227:6:map	8	static
main.c:240:6:storeEEpromConfig	8	static
main.c:251:6:loadEEpromConfig	16	static
main.c:268:5:getAbsDif	0	static
main.c:278:6:phaseAPWM	0	static
main.c:296:6:phaseAFLOAT	0	static
main.c:311:6:phaseALOW	0	static
main.c:329:6:phaseBPWM	0	static
main.c:346:6:phaseBFLOAT	0	static
main.c:361:6:phaseBLOW	0	static
main.c:380:6:phaseCPWM	0	static
main.c:398:6:phaseCFLOAT	0	static
main.c:412:6:phaseCLOW	0	static
main.c:427:7:comStep	4	static
main.c:480:6:allOff	0	static
main.c:486:6:fullBrake	0	static
main.c:492:6:proBrake	8	static
main.c:500:6:changeCompInput	0	static
main.c:552:6:commutate	16	static
main.c:594:6:HAL_TIM_PeriodElapsedCallback	16	static
main.c:643:6:startMotor	32	static
main.c:680:6:forcedCommutation	16	static
main.c:694:6:HAL_COMP_TriggerCallback	32	static
main.c:790:6:playStartupTune	16	static
main.c:805:6:playInputTune	40	static
main.c:818:6:getADCs	0	static
main.c:828:6:HAL_ADC_ConvCpltCallback	0	static
main.c:834:6:detectInput	40	static
main.c:902:6:computeProshotDMA	16	static
main.c:944:6:computeDshotDMA	48	static
main.c:995:6:computeMSInput	8	static
main.c:1009:6:computeOS125Input	8	static
main.c:1023:6:computeOS42Input	8	static
main.c:1040:6:computeServoInput	8	static
main.c:1066:6:transferComplete	48	static
main.c:1677:6:SystemClock_Config	72	static
main.c:1128:5:main	168	static
main.c:2090:6:_Error_Handler	0	static
